06-04 14:08:30.810  1593  1596 V vold    : /system/bin/blkid
06-04 14:08:30.810  1593  1596 V vold    :     -c
06-04 14:08:30.810  1593  1596 V vold    :     /dev/null
06-04 14:08:30.810  1593  1596 V vold    :     -s
06-04 14:08:30.810  1593  1596 V vold    :     TYPE
06-04 14:08:30.810  1593  1596 V vold    :     -s
06-04 14:08:30.810  1593  1596 V vold    :     UUID
06-04 14:08:30.810  1593  1596 V vold    :     -s
06-04 14:08:30.810  1593  1596 V vold    :     LABEL
06-04 14:08:30.810  1593  1596 V vold    :     /dev/block/vold/public:253,80
06-04 14:08:30.811  2291  2325 D HostConnection: HostComposition ext ANDROID_EMU_CHECKSUM_HELPER_v1 ANDROID_EMU_native_sync_v2 ANDROID_EMU_native_sync_v3 ANDROID_EMU_native_sync_v4 ANDROID_EMU_dma_v1 ANDROID_EMU_YUV420_888_to_NV21 ANDROID_EMU_YUV_Cache ANDROID_EMU_sync_buffer_data GL_OES_vertex_array_object GL_KHR_texture_compression_astc_ldr ANDROID_EMU_host_side_tracing ANDROID_EMU_gles_max_version_2 
06-04 14:08:30.814  2291  2325 I ConfigStore: android::hardware::configstore::V1_0::ISurfaceFlingerConfigs::hasWideColorDisplay retrieved: 0
06-04 14:08:30.814  2291  2325 I ConfigStore: android::hardware::configstore::V1_0::ISurfaceFlingerConfigs::hasHDRDisplay retrieved: 0
06-04 14:08:30.814  2291  2325 I OpenGLRenderer: Initialized EGL, version 1.4
06-04 14:08:30.814  2291  2325 D OpenGLRenderer: Swap behavior 1
06-04 14:08:30.814  1934  2331 I OMXClient: IOmx service obtained
06-04 14:08:30.814  2291  2325 W OpenGLRenderer: Failed to choose config with EGL_SWAP_BEHAVIOR_PRESERVED, retrying without...
06-04 14:08:30.815  2291  2325 D OpenGLRenderer: Swap behavior 0
06-04 14:08:30.814  1934  1945 I WifiService: getWifiServiceMessenger uid=10025
06-04 14:08:30.815  1788  1788 I OMXMaster: makeComponentInstance(OMX.google.vorbis.decoder) in omx@1.0-service process
06-04 14:08:30.816  1788  1788 E OMXNodeInstance: getConfig(0xe5ca6b40:google.vorbis.decoder, ConfigAndroidVendorExtension(0x6f100004)) ERROR: Undefined(0x80001001)
06-04 14:08:30.818  1636  1636 W AshmemAllocator: ashmem_create_region(32768) returning hidl_memory(0xf6b1c180, 32768)
06-04 14:08:30.822  1636  1636 I chatty  : uid=1000(system) allocator@1.0-s identical 6 lines
06-04 14:08:30.822  1636  1636 W AshmemAllocator: ashmem_create_region(32768) returning hidl_memory(0xf6b1c180, 32768)
06-04 14:08:30.830  2291  2325 D eglCodecCommon: setVertexArrayObject: set vao to 0 (0) 0 0
06-04 14:08:30.830  2291  2325 D EGL_emulation: eglCreateContext: 0xeafc6880: maj 2 min 0 rcv 2
06-04 14:08:30.832  1934  1945 D ConnectivityService: requestNetwork for uid/pid:10025/2081 NetworkRequest [ TRACK_DEFAULT id=9, [ Capabilities: INTERNET&NOT_RESTRICTED&TRUSTED Unwanted:  Uid: 10025] ]
06-04 14:08:30.834  1593  1596 V vold    : /dev/block/vold/public:253,80: LABEL="SDCARD" UUID="0EEB-1F04" TYPE="vfat" 
06-04 14:08:30.834  1593  1596 V vold    : 
06-04 14:08:30.835  1593  1596 V vold    : /system/bin/fsck_msdos
06-04 14:08:30.835  1593  1596 V vold    :     -p
06-04 14:08:30.835  1593  1596 V vold    :     -f
06-04 14:08:30.835  1593  1596 V vold    :     /dev/block/vold/public:253,80
06-04 14:08:30.837  2291  2325 D EGL_emulation: eglMakeCurrent: 0xeafc6880: ver 2 0 (tinfo 0xe2f1dc40)
06-04 14:08:30.840  1773  1807 E SurfaceFlinger: ro.sf.lcd_density must be defined as a build property
06-04 14:08:30.841  1934  2102 I Zygote  : Process: zygote socket ABSTRACT/com.android.internal.os.WebViewZygoteInit/018e9839-a103-4c99-a35d-83e786e2c614 opened, supported ABIS: x86,armeabi-v7a,armeabi
06-04 14:08:30.842  1934  1934 V SettingsProvider: Notifying for 0: content://settings/secure/snoozed_schedule_condition_provider
06-04 14:08:30.849  2291  2325 D HostConnection: createUnique: call
06-04 14:08:30.850  2291  2325 D HostConnection: HostConnection::get() New Host Connection established 0xe2f2f2a0, tid 2325
06-04 14:08:30.853  2122  2122 I WebViewZygoteInit: Beginning package preload
06-04 14:08:30.854  1934  1934 I DevicePolicyManager: Set ro.device_owner property to false
06-04 14:08:30.857  2122  2122 I webview_zygote: The ClassLoaderContext is a special shared library.
06-04 14:08:30.857  2165  2165 D TelephonyProvider: Checksum for /data/misc/apns/apns-conf.xml is 2001431324
06-04 14:08:30.873  2291  2325 D HostConnection: HostComposition ext ANDROID_EMU_CHECKSUM_HELPER_v1 ANDROID_EMU_native_sync_v2 ANDROID_EMU_native_sync_v3 ANDROID_EMU_native_sync_v4 ANDROID_EMU_dma_v1 ANDROID_EMU_YUV420_888_to_NV21 ANDROID_EMU_YUV_Cache ANDROID_EMU_sync_buffer_data GL_OES_vertex_array_object GL_KHR_texture_compression_astc_ldr ANDROID_EMU_host_side_tracing ANDROID_EMU_gles_max_version_2 
06-04 14:08:30.874  2291  2325 E eglCodecCommon: GoldfishAddressSpaceHostMemoryAllocator: ioctl_ping failed for device_type=5, ret=-1
06-04 14:08:30.876  1934  1934 I FusedLocation: engine started (com.android.location.fused)
06-04 14:08:30.878  2291  2325 D EGL_emulation: eglMakeCurrent: 0xeafc6880: ver 2 0 (tinfo 0xe2f1dc40)
06-04 14:08:30.882  1934  1934 W Looper  : Drained
06-04 14:08:30.884  1777  1777 D incidentd: Start uploading backlogs in /data/misc/incidents/
06-04 14:08:30.884  1777  1777 D incidentd: Successfully uploaded 0 files to Dropbox.
06-04 14:08:30.893  1934  1983 W LocalDisplayAdapter: Unable to find color mode 0, ignoring request.
06-04 14:08:30.910  1593  1596 I fsck_msdos: ** /dev/block/vold/public:253,80
06-04 14:08:30.913  1593  1596 I fsck_msdos: Invalid signature in fsinfo block
06-04 14:08:30.913  1593  1596 I fsck_msdos: FIXED
06-04 14:08:30.913  1593  1596 I fsck_msdos: ** Phase 1 - Read and Compare FATs
06-04 14:08:30.913  1593  1596 I fsck_msdos: Attempting to allocate 1022 KB for FAT
06-04 14:08:30.914  1934  1948 W KeyguardServiceDelegate: onScreenTurningOn(): no keyguard service!
06-04 14:08:30.914  1934  1934 V SettingsProvider: Notifying for 0: content://settings/global/zen_mode_config_etag
06-04 14:08:30.914  1934  1956 I ActivityManager: Displayed com.android.settings/.FallbackHome: +345ms (total +980ms)
06-04 14:08:30.914  1934  2003 I InputReader: Reconfiguring input devices.  changes=0x00000004
06-04 14:08:30.924  1773  1807 W SurfaceFlinger: Attempting to destroy on removed layer: AppWindowToken{28dfae8 token=Token{5769c0b ActivityRecord{3744fda u0 com.google.android.setupwizard/.SetupWizardActivity t2}}}#0
06-04 14:08:30.924  1773  1807 W SurfaceFlinger: Attempting to destroy on removed layer: AppWindowToken{5472498 token=Token{1f89e7b ActivityRecord{dec160a u0 com.android.settings/.CryptKeeper t1}}}#0
06-04 14:08:30.925  2057  2057 I GoogleInputMethod: onStartInput() : Dummy InputConnection bound
06-04 14:08:30.927  2057  2057 I FeaturePermissions: onSharedPreferenceChanged() : Key = enable_incognito_mode : Feature = null
06-04 14:08:30.931  2057  2057 I ShortcutsDataManager: startImportContentTask()
06-04 14:08:30.931  2057  2057 I ShortcutsDataManager: onImportAborted()
06-04 14:08:30.933  2165  2165 D TelephonyProvider: dbh.onCreate:- db=SQLiteDatabase: /data/user_de/0/com.android.providers.telephony/databases/telephony.db
06-04 14:08:30.934  2165  2165 D TelephonyProvider: dbh.onOpen: ok, queried table=siminfo
06-04 14:08:30.934  2165  2165 D TelephonyProvider: dbh.onOpen: ok, queried table=carriers
06-04 14:08:30.942  2165  2165 D TelephonyProvider: onCreate: build id changed from  to PSR1.180720.117
06-04 14:08:30.943  2165  2165 D TelephonyProvider: Load APNs from /system/etc/apns-conf.xml instead of /oem/telephony/apns-conf.xml
06-04 14:08:30.943  2165  2165 D TelephonyProvider: Load APNs from /data/misc/apns/apns-conf.xml instead of /system/etc/apns-conf.xml
06-04 14:08:30.947  1593  1596 I fsck_msdos: Attempting to allocate 1022 KB for FAT
06-04 14:08:30.948  2165  2165 D TelephonyProvider: Checksum for /data/misc/apns/apns-conf.xml is 2001431324
06-04 14:08:30.948  2165  2165 D TelephonyProvider: newChecksum: 2001431324
06-04 14:08:30.949  2165  2165 D TelephonyProvider: oldChecksum: 2001431324
06-04 14:08:30.949  2165  2165 D TelephonyProvider: Skipping apn db update since apn-conf has not changed.
06-04 14:08:30.949  1934  2349 I OMXClient: IOmx service obtained
06-04 14:08:30.950  1788  1788 I OMXMaster: makeComponentInstance(OMX.google.vorbis.decoder) in omx@1.0-service process
06-04 14:08:30.951  2165  2165 D CarrierIdProvider: onCreate
06-04 14:08:30.955  1788  1788 E OMXNodeInstance: getConfig(0xe5ca6c00:google.vorbis.decoder, ConfigAndroidVendorExtension(0x6f100004)) ERROR: Undefined(0x80001001)
06-04 14:08:30.957  1636  1636 W AshmemAllocator: ashmem_create_region(32768) returning hidl_memory(0xf6b1c180, 32768)
06-04 14:08:30.960  1636  1636 I chatty  : uid=1000(system) allocator@1.0-s identical 6 lines
06-04 14:08:30.961  1636  1636 W AshmemAllocator: ashmem_create_region(32768) returning hidl_memory(0xf6b1c180, 32768)
06-04 14:08:30.970  1593  1596 I fsck_msdos: ** Phase 2 - Check Cluster Chains
06-04 14:08:30.970  1593  1596 I fsck_msdos: ** Phase 3 - Checking Directories
06-04 14:08:30.970  1593  1596 I fsck_msdos: ** Phase 4 - Checking for Lost Files
06-04 14:08:30.971  1593  1596 I fsck_msdos: Free space in FSInfo block (1044456) not correct (261113)
06-04 14:08:30.973  1593  1596 I fsck_msdos: FIXED
06-04 14:08:30.973  1593  1596 I fsck_msdos: 1 files, 522226 free (261113 clusters)
06-04 14:08:30.915  1934  1934 V SettingsProvider: Notifying for 0: content://settings/global/zen_mode_config_etag
06-04 14:08:30.973  1934  2282 W WallpaperManagerService: Cannot extract colors because wallpaper could not be read.
06-04 14:08:30.973  1934  2282 W WallpaperManagerService: Cannot get theme colors because WallpaperColors is null.
06-04 14:08:30.974  1934  2282 W WallpaperManagerService: Cannot extract colors because wallpaper could not be read.
06-04 14:08:30.974  1934  2282 W WallpaperManagerService: Cannot get theme colors because WallpaperColors is null.
06-04 14:08:30.976  1593  1596 I vold    : Filesystem check completed OK
06-04 14:08:30.976  2165  2165 D CarrierIdDatabaseHelper: onCreate
06-04 14:08:30.975  2122  2122 I WebViewZygoteInit: Package preload done
06-04 14:08:30.980  2165  2165 D CarrierIdProvider: update database from pb file
06-04 14:08:30.982  1593  1596 V vold    : Waiting for FUSE to spin up...
06-04 14:08:30.984  2081  2081 D StatusBar: disable<e i a s b h r c s > disable2<q i n >
06-04 14:08:30.985  1934  2282 I StatusBarManagerService: registerStatusBar bar=com.android.internal.statusbar.IStatusBar$Stub$Proxy@64ba1c1
06-04 14:08:30.996  2165  2165 E CarrierIdProvider: read carrier list from ota pb failure: java.io.FileNotFoundException: /data/misc/carrierid/carrier_list.pb (No such file or directory)
06-04 14:08:30.997  2165  2165 D CarrierIdProvider: latest version: 4 need update: true
06-04 14:08:31.004  2355  2355 W sdcard  : Device explicitly enabled sdcardfs
06-04 14:08:31.088  1934  2357 I OMXClient: IOmx service obtained
06-04 14:08:31.089  1788  2162 I OMXMaster: makeComponentInstance(OMX.google.vorbis.decoder) in omx@1.0-service process
06-04 14:08:31.091  1788  2162 E OMXNodeInstance: getConfig(0xe5893420:google.vorbis.decoder, ConfigAndroidVendorExtension(0x6f100004)) ERROR: Undefined(0x80001001)
06-04 14:08:31.096  1636  1636 W AshmemAllocator: ashmem_create_region(32768) returning hidl_memory(0xf6b1c180, 32768)
06-04 14:08:31.109  1636  1636 I chatty  : uid=1000(system) allocator@1.0-s identical 10 lines
06-04 14:08:31.109  1636  1636 W AshmemAllocator: ashmem_create_region(32768) returning hidl_memory(0xf6b1c180, 32768)
06-04 14:08:31.115  2081  2081 I CameraManagerGlobal: Connecting to camera service
06-04 14:08:31.128  2070  2070 E ActivityThread: Failed to find provider info for com.google.android.gsf.gservices
06-04 14:08:31.132  2070  2070 I FileApkMgr: Extracting modules completed
06-04 14:08:31.132  2070  2070 I GmsApplication: Staging modules completed
06-04 14:08:31.132  2070  2070 I GmsApplication: Updating config
06-04 14:08:31.135  2070  2070 W FileUtils: Failed to set world readable: /data/user_de/0/com.google.android.gms/app_chimera/current_config.fb
06-04 14:08:31.153  2070  2070 E ChimeraCfgMgr: Failed to read module config: java.io.FileNotFoundException: /data/user_de/0/com.google.android.gms/app_chimera/current_config.fb (No such file or directory)
06-04 14:08:31.168  2070  2070 E GservicesValue: Gservices key not whitelisted for directboot access: gms:chimera:dev_module_blacklist
06-04 14:08:31.169  1934  2039 I AudioService: setBluetoothScoOnInt: false resetBluetoothSco
06-04 14:08:31.183  2070  2070 E ChimeraCfgMgr: Failed to read module config: java.io.FileNotFoundException: /data/user_de/0/com.google.android.gms/app_chimera/current_config.fb (No such file or directory)
06-04 14:08:31.198  2081  2081 D NotificationEntryMgr: heads up is enabled
06-04 14:08:31.215  2070  2070 E ChimeraCfgMgr: Failed to read module config: java.io.FileNotFoundException: /data/user_de/0/com.google.android.gms/app_chimera/current_config.fb (No such file or directory)
06-04 14:08:31.215  2070  2070 W IntentOperation: Failed to get Chimera config:com.google.android.chimera.config.InvalidConfigException: java.io.FileNotFoundException: /data/user_de/0/com.google.android.gms/app_chimera/current_config.fb (No such file or directory)
06-04 14:08:31.257  2081  2081 E BluetoothAdapter: Bluetooth binder is null
06-04 14:08:31.277  2081  2081 V WifiManager: registerSoftApCallback: callback=com.android.systemui.statusbar.policy.HotspotControllerImpl@488828c, handler=Handler (android.os.Handler) {a2e6dd5}
06-04 14:08:31.285  2081  2297 V WifiManager: SoftApCallbackProxy: onStateChanged: state=11, failureReason=0
06-04 14:08:31.285  2081  2297 V WifiManager: SoftApCallbackProxy: onNumClientsChanged: numClients=0
06-04 14:08:31.299  2081  2318 D OpenGLRenderer: profile bars disabled
06-04 14:08:31.299  2081  2318 D OpenGLRenderer: ambientRatio = 1.50
06-04 14:08:31.325  2081  2081 D StatusBar: disable<e i a s b h r c s > disable2<q i n >
06-04 14:08:31.355  2081  2081 V WifiManager: registerSoftApCallback: callback=com.android.systemui.statusbar.policy.HotspotControllerImpl@488828c, handler=Handler (android.os.Handler) {a2e6dd5}
06-04 14:08:31.356  2081  2103 V WifiManager: SoftApCallbackProxy: onStateChanged: state=11, failureReason=0
06-04 14:08:31.356  2081  2103 V WifiManager: SoftApCallbackProxy: onNumClientsChanged: numClients=0
06-04 14:08:31.369  2081  2362 I SecurityController: could not bind to KeyChainService
06-04 14:08:31.208  2070  2070 I chatty  : uid=10013 com.google.android.gms.persistent identical 16 lines
06-04 14:08:31.210  2070  2070 E ActivityThread: Failed to find provider info for com.google.android.gsf.gservices
06-04 14:08:31.385  2081  2338 E ActivityThread: Failed to find provider info for com.android.contacts
06-04 14:08:31.388  2081  2081 D StorageNotification: Notifying about private volume: VolumeInfo{private}:
06-04 14:08:31.388  2081  2081 D StorageNotification:     type=PRIVATE diskId=null partGuid=null mountFlags=0 mountUserId=-1 
06-04 14:08:31.388  2081  2081 D StorageNotification:     state=MOUNTED 
06-04 14:08:31.388  2081  2081 D StorageNotification:     fsType=null fsUuid=null fsLabel=null 
06-04 14:08:31.388  2081  2081 D StorageNotification:     path=/data internalPath=null 
06-04 14:08:31.389  2081  2081 D StorageNotification: Notifying about public volume: VolumeInfo{public:253,80}:
06-04 14:08:31.389  2081  2081 D StorageNotification:     type=PUBLIC diskId=disk:253,80 partGuid= mountFlags=VISIBLE mountUserId=0 
06-04 14:08:31.389  2081  2081 D StorageNotification:     state=MOUNTED 
06-04 14:08:31.389  2081  2081 D StorageNotification:     fsType=vfat fsUuid=0EEB-1F04 fsLabel=SDCARD 
06-04 14:08:31.389  2081  2081 D StorageNotification:     path=/storage/0EEB-1F04 internalPath=/mnt/media_rw/0EEB-1F04 
06-04 14:08:31.413  2165  2165 D CarrierIdProvider: update database from pb. inserted rows = 1671
06-04 14:08:31.417  2165  2165 D CarrierProvider: onCreate
06-04 14:08:31.449  2165  2165 I ImsResolver: Initializing cache and binding.
06-04 14:08:31.450  1934  2035 D NotificationSQLiteLog: Pruned event entries: 0
06-04 14:08:31.453  2165  2165 I android_os_HwBinder: HwBinder: Starting thread pool for slot1::android.hardware.radio@1.0::IRadio
06-04 14:08:31.462  1585  1585 W hwservicemanager: getTransport: Cannot find entry android.hardware.radio.deprecated@1.0::IOemHook/slot1 in either framework or device manifest.
06-04 14:08:31.470  2081  2081 W AlarmManager: Unrecognized alarm listener com.android.systemui.keyguard.-$$Lambda$KeyguardSliceProvider$IhzByd8TsqFuOrSyuGurVskyPLo@ee460bc
06-04 14:08:31.489  2081  2081 I Choreographer: Skipped 46 frames!  The application may be doing too much work on its main thread.
06-04 14:08:31.496  1934  2282 W LocalDisplayAdapter: Unable to find color mode 0, ignoring request.
06-04 14:08:31.497  1934  2003 I InputReader: Reconfiguring input devices.  changes=0x00000004
06-04 14:08:31.504  2081  2318 D HostConnection: HostConnection::get() New Host Connection established 0xe4821550, tid 2318
06-04 14:08:31.517  1934  1983 W LocalDisplayAdapter: Unable to find color mode 0, ignoring request.
06-04 14:08:31.522  1649  1696 D gralloc_ranchu: gralloc_alloc: Creating ashmem region of size 544768
06-04 14:08:31.527  1934  2003 I InputReader: Reconfiguring input devices.  changes=0x00000004
06-04 14:08:31.528  2081  2318 D HostConnection: HostComposition ext ANDROID_EMU_CHECKSUM_HELPER_v1 ANDROID_EMU_native_sync_v2 ANDROID_EMU_native_sync_v3 ANDROID_EMU_native_sync_v4 ANDROID_EMU_dma_v1 ANDROID_EMU_YUV420_888_to_NV21 ANDROID_EMU_YUV_Cache ANDROID_EMU_sync_buffer_data GL_OES_vertex_array_object GL_KHR_texture_compression_astc_ldr ANDROID_EMU_host_side_tracing ANDROID_EMU_gles_max_version_2 
06-04 14:08:31.529  1649  1696 D gralloc_ranchu: gralloc_alloc: Creating ashmem region of size 544768
06-04 14:08:31.531  1649  1649 D gralloc_ranchu: gralloc_alloc: Creating ashmem region of size 544768
06-04 14:08:31.535  2081  2081 D ViewRootImpl[StatusBar]: changeCanvasOpacity: opaque=true
06-04 14:08:31.536  2081  2318 I ConfigStore: android::hardware::configstore::V1_0::ISurfaceFlingerConfigs::hasWideColorDisplay retrieved: 0
06-04 14:08:31.537  2081  2318 I ConfigStore: android::hardware::configstore::V1_0::ISurfaceFlingerConfigs::hasHDRDisplay retrieved: 0
06-04 14:08:31.537  2081  2318 I OpenGLRenderer: Initialized EGL, version 1.4
06-04 14:08:31.537  2081  2318 D OpenGLRenderer: Swap behavior 1
06-04 14:08:31.537  2081  2318 W OpenGLRenderer: Failed to choose config with EGL_SWAP_BEHAVIOR_PRESERVED, retrying without...
06-04 14:08:31.537  2081  2318 D OpenGLRenderer: Swap behavior 0
06-04 14:08:31.562  2081  2318 D eglCodecCommon: setVertexArrayObject: set vao to 0 (0) 0 0
06-04 14:08:31.562  2081  2318 D EGL_emulation: eglCreateContext: 0xe48054e0: maj 2 min 0 rcv 2
06-04 14:08:31.566  2081  2318 D EGL_emulation: eglMakeCurrent: 0xe48054e0: ver 2 0 (tinfo 0xe48034a0)
06-04 14:08:31.568  1773  1807 E SurfaceFlinger: ro.sf.lcd_density must be defined as a build property
06-04 14:08:31.570  1934  2282 I DefaultPermGrantPolicy: Revoking permissions from disabled data services for user:0
06-04 14:08:31.573  1934  1945 I DefaultPermGrantPolicy: Granting permissions to enabled data services for user:0
06-04 14:08:31.581  2081  2362 E ActivityThread: Failed to find provider info for com.android.contacts
06-04 14:08:31.588  2081  2318 D HostConnection: createUnique: call
06-04 14:08:31.589  2081  2318 D HostConnection: HostConnection::get() New Host Connection established 0xe4821b90, tid 2318
06-04 14:08:31.608  2081  2318 D HostConnection: HostComposition ext ANDROID_EMU_CHECKSUM_HELPER_v1 ANDROID_EMU_native_sync_v2 ANDROID_EMU_native_sync_v3 ANDROID_EMU_native_sync_v4 ANDROID_EMU_dma_v1 ANDROID_EMU_YUV420_888_to_NV21 ANDROID_EMU_YUV_Cache ANDROID_EMU_sync_buffer_data GL_OES_vertex_array_object GL_KHR_texture_compression_astc_ldr ANDROID_EMU_host_side_tracing ANDROID_EMU_gles_max_version_2 
06-04 14:08:31.609  2081  2318 E eglCodecCommon: GoldfishAddressSpaceHostMemoryAllocator: ioctl_ping failed for device_type=5, ret=-1
06-04 14:08:31.630  2081  2338 E ActivityThread: Failed to find provider info for com.android.contacts
06-04 14:08:31.644  2165  2165 D ImsExternalCallTracker: Registering: Handler (com.android.internal.telephony.imsphone.ImsPhone) {c03b7b9}
06-04 14:08:31.654  2165  2165 D PhoneSwitcherNetworkRequstListener: Registering NetworkFactory
06-04 14:08:31.655  1934  2031 D ConnectivityService: Got NetworkFactory Messenger for PhoneSwitcherNetworkRequstListener
06-04 14:08:31.668  1934  2031 D ConnectivityService: Got NetworkFactory Messenger for TelephonyNetworkFactory[0]
06-04 14:08:31.687  2165  2165 D CarrierConfigLoader: CarrierConfigLoader has started
06-04 14:08:31.688  2165  2165 E BluetoothAdapter: Bluetooth binder is null
06-04 14:08:31.689  2165  2379 E ActivityThread: Failed to find provider info for com.android.contacts
06-04 14:08:31.689  2165  2379 W CallerInfoCache: cursor is null
06-04 14:08:31.689  1649  1649 D gralloc_ranchu: gralloc_alloc: Creating ashmem region of size 274432
06-04 14:08:31.692  1649  1649 D gralloc_ranchu: gralloc_alloc: Creating ashmem region of size 274432
06-04 14:08:31.694  1649  1696 D gralloc_ranchu: gralloc_alloc: Creating ashmem region of size 274432
06-04 14:08:31.707  2081  2081 D StatusBar: disable<e i a s b h r c s > disable2<q i n >
06-04 14:08:31.708  2165  2165 W ImsPhoneCallTracker: ImsManager is null when setting TTY mode
06-04 14:08:31.709  2165  2165 I TelecomFramework: TtyManager: updateUiTtyMode -1 -> 0
06-04 14:08:31.715  1934  1945 W ActivityManager: Unable to start service Intent { act=android.intent.action.QUICKSTEP_SERVICE pkg=com.google.android.apps.nexuslauncher } U=0: not found
06-04 14:08:31.716  2081  2081 W OverviewProxyService: Failed to connect on attempt 1 will try again in 5000ms
06-04 14:08:31.717  1934  2027 D WifiService: New client listening to asynchronous messages
06-04 14:08:31.718  2165  2165 D ImsResolver: maybeAddedImsService, packageName: null
06-04 14:08:31.722  1585  1585 W hwservicemanager: getTransport: Cannot find entry android.hardware.radio.config@1.0::IRadioConfig/default in either framework or device manifest.
06-04 14:08:31.751  1934  2208 D AlarmManagerService: Kernel timezone updated to -420 minutes west of GMT
06-04 14:08:31.753  1934  1934 D ConditionProviders.SCP: onReceive android.intent.action.TIMEZONE_CHANGED
06-04 14:08:31.754  1934  1934 D ConditionProviders.SCP: evaluateSubscriptionLocked cal=ScheduleCalendar[mDays={1, 2, 3, 4, 5, 6, 7}, mSchedule=ScheduleInfo{days=[1, 2, 3, 4, 5, 6, 7], startHour=22, startMinute=0, endHour=7, endMinute=0, exitAtAlarm=true, nextAlarm=Thu Jan 01 07:00:00 GMT+07:00 1970 (0)}], now=Tue Jun 04 14:08:31 GMT+07:00 2024 (1717484911753), nextUserAlarmTime=Thu Jan 01 07:00:00 GMT+07:00 1970 (0)
06-04 14:08:31.754  1934  1934 D ConditionProviders.SCP: notifyCondition condition://android/schedule?days=1.2.3.4.5.6.7&start=22.0&end=7.0&exitAtAlarm=true STATE_FALSE reason=!meetsSchedule
06-04 14:08:31.753  1934  2208 D AlarmManagerService: Setting time of day to sec=1717484911
06-04 14:08:31.802  1934  2208 W AlarmManagerService: Unable to set rtc to 1717484911: No such device
06-04 14:08:31.809  1934  1934 D ConditionProviders.SCP: Scheduling evaluate for Tue Jun 04 22:00:00 GMT+07:00 2024 (1717513200000), in +7h51m28s247ms, now=Tue Jun 04 14:08:31 GMT+07:00 2024 (1717484911753)
06-04 14:08:31.811  1934  2037 E ActivityThread: Failed to find provider info for com.android.calendar
06-04 14:08:31.813  1934  1934 D DevicePolicyManager: updateSystemUpdateFreezePeriodsRecord
06-04 14:08:31.813  1934  1934 W SyncManager: Clock is valid now.
06-04 14:08:31.813  1934  1934 D ConditionProviders.SCP: onReceive android.intent.action.TIME_SET
06-04 14:08:31.814  1934  1934 D ConditionProviders.SCP: evaluateSubscriptionLocked cal=ScheduleCalendar[mDays={1, 2, 3, 4, 5, 6, 7}, mSchedule=ScheduleInfo{days=[1, 2, 3, 4, 5, 6, 7], startHour=22, startMinute=0, endHour=7, endMinute=0, exitAtAlarm=true, nextAlarm=Thu Jan 01 07:00:00 GMT+07:00 1970 (0)}], now=Tue Jun 04 14:08:31 GMT+07:00 2024 (1717484911813), nextUserAlarmTime=Thu Jan 01 07:00:00 GMT+07:00 1970 (0)
06-04 14:08:31.814  1934  1934 D ConditionProviders.SCP: notifyCondition condition://android/schedule?days=1.2.3.4.5.6.7&start=22.0&end=7.0&exitAtAlarm=true STATE_FALSE reason=!meetsSchedule
06-04 14:08:31.814  1934  1934 D ConditionProviders.SCP: Scheduling evaluate for Tue Jun 04 22:00:00 GMT+07:00 2024 (1717513200000), in +7h51m28s187ms, now=Tue Jun 04 14:08:31 GMT+07:00 2024 (1717484911813)
06-04 14:08:31.820  1934  2037 E ActivityThread: Failed to find provider info for com.android.calendar
06-04 14:08:31.831  1934  2149 I GnssLocationProvider: WakeLock acquired by sendMessage(REPORT_SV_STATUS, 0, com.android.server.location.GnssLocationProvider$SvStatusInfo@e6c4d45)
06-04 14:08:31.834  1934  1947 I GnssLocationProvider: WakeLock released by handleMessage(REPORT_SV_STATUS, 0, com.android.server.location.GnssLocationProvider$SvStatusInfo@e6c4d45)
06-04 14:08:31.825  1934  2037 I chatty  : uid=1000(system) onProviders.ECP identical 1 line
06-04 14:08:31.825  1934  2037 E ActivityThread: Failed to find provider info for com.android.calendar
06-04 14:08:31.997  2070  2070 E ActivityThread: Failed to find provider info for com.google.android.gsf.gservices
06-04 14:08:31.998  2070  2070 E ConfigFileUtils: Failed to read config file: /data/user_de/0/com.google.android.gms/app_chimera/current_modules_init.pb (No such file or directory)
06-04 14:08:32.018  2070  2070 I GmsApplication: Updating config completed
06-04 14:08:32.024  2165  2165 I ImsExternalCallTracker: handleVideoCapabilitiesChanged : isVideoCapable = false
06-04 14:08:32.024  2165  2165 D ImsExternalCallTracker: refreshCallPullState
06-04 14:08:31.997  2070  2070 E ActivityThread: Failed to find provider info for com.google.android.gsf.gservices
06-04 14:08:32.027  1934  1950 I ActivityManager: Start proc 2384:com.google.android.gms/u0a13 for service com.google.android.gms/.chimera.GmsIntentOperationService
06-04 14:08:32.028  2384  2384 W gle.android.gm: Unexpected CPU variant for X86 using defaults: x86
06-04 14:08:32.030  2384  2384 E gle.android.gm: Not starting debugger since process cannot load the jdwp agent.
06-04 14:08:32.030  2070  2070 E ActivityThread: Failed to find provider info for com.google.android.gsf.gservices
06-04 14:08:32.032  2165  2165 D PhoneSwitcherNetworkRequstListener: got request NetworkRequest [ TRACK_DEFAULT id=9, [ Capabilities: INTERNET&NOT_RESTRICTED&TRUSTED Unwanted:  Uid: 10025] ] with score 0
06-04 14:08:32.032  2165  2165 D PhoneSwitcherNetworkRequstListener: got request NetworkRequest [ BACKGROUND_REQUEST id=2, [ Transports: CELLULAR Capabilities: INTERNET&NOT_RESTRICTED&TRUSTED&NOT_VPN Unwanted: ] ] with score 0
06-04 14:08:32.032  2165  2165 D PhoneSwitcherNetworkRequstListener: got request NetworkRequest [ TRACK_DEFAULT id=6, [ Capabilities: INTERNET&NOT_RESTRICTED&TRUSTED Unwanted:  Uid: 1000] ] with score 0
06-04 14:08:32.032  2165  2165 D PhoneSwitcherNetworkRequstListener: got request NetworkRequest [ REQUEST id=1, [ Capabilities: INTERNET&NOT_RESTRICTED&TRUSTED&NOT_VPN Unwanted: ] ] with score 0
06-04 14:08:32.034  2165  2165 D TelephonyDebugService: TelephonyDebugService()
06-04 14:08:32.034  2165  2165 D CarrierConfigLoader: mHandler: 12 phoneId: 0
06-04 14:08:32.034  2165  2165 D CarrierConfigLoader: Build fingerprint changed. old: null new: google/sdk_gphone_x86_arm/generic_x86_arm:9/PSR1.180720.117/5875966:user/release-keys
06-04 14:08:32.031  2070  2070 E ActivityThread: Failed to find provider info for com.google.android.gsf.gservices
06-04 14:08:32.049  1934  1934 V SettingsProvider: Notifying for 0: content://settings/system/hide_rotation_lock_toggle_for_accessibility
06-04 14:08:32.051  1934  1934 V SettingsProvider: Notifying for 0: content://settings/system/user_rotation
06-04 14:08:32.056  1934  1949 W LocalDisplayAdapter: Unable to find color mode 0, ignoring request.
06-04 14:08:32.058  1934  2003 I InputReader: Reconfiguring input devices.  changes=0x00000004
06-04 14:08:32.063  2070  2070 W DynamiteModule: Local module descriptor class for providerinstaller not found.
06-04 14:08:32.070  2070  2070 W ProviderHelper: Unknown dynamite feature providerinstaller
06-04 14:08:32.070  2384  2384 I gle.android.gm: The ClassLoaderContext is a special shared library.
06-04 14:08:32.070  2070  2070 E ActivityThread: Failed to find provider info for com.google.android.gsf.gservices
06-04 14:08:32.071  2384  2384 I chatty  : uid=10013(com.google.android.gms) identical 1 line
06-04 14:08:32.071  2384  2384 I gle.android.gm: The ClassLoaderContext is a special shared library.
06-04 14:08:32.071  2070  2070 I DynamiteModule: Considering local module providerinstaller:0 and remote module providerinstaller:0
06-04 14:08:32.085  2384  2384 I gle.android.gm: The ClassLoaderContext is a special shared library.
06-04 14:08:32.071  2070  2070 E ActivityThread: Failed to find provider info for com.google.android.gsf.gservices
06-04 14:08:32.085  1934  1983 W LocalDisplayAdapter: Unable to find color mode 0, ignoring request.
06-04 14:08:32.085  2070  2070 W ProviderInstaller: Failed to load providerinstaller module: No acceptable module found. Local version is 0 and remote version is 0.
06-04 14:08:32.102  1934  2003 I InputReader: Reconfiguring input devices.  changes=0x00000004
06-04 14:08:32.113  2070  2070 V NativeCrypto: Registering com/google/android/gms/org/conscrypt/NativeCrypto's 284 native methods...
06-04 14:08:32.125  1934  1944 I WifiService: WifiService trying to set country code to us
06-04 14:08:32.125  1934  1944 I WifiService: setCountryCode uid=1001
06-04 14:08:32.125  1934  1944 D WifiCountryCode: Succeeded to set country code to: US
06-04 14:08:32.126  2384  2384 E ActivityThread: Failed to find provider info for com.google.android.gsf.gservices
06-04 14:08:32.131  1934  1934 I GnssLocationProvider: WakeLock acquired by sendMessage(SUBSCRIPTION_OR_SIM_CHANGED, 0, null)
06-04 14:08:32.139  1934  2025 W BestClock: java.time.DateTimeException: Missing NTP fix
06-04 14:08:32.140  1934  1947 I GnssLocationProvider: WakeLock released by handleMessage(SUBSCRIPTION_OR_SIM_CHANGED, 0, null)
06-04 14:08:32.141  1934  2025 W BestClock: java.time.DateTimeException: Missing NTP fix
06-04 14:08:32.149  1934  1934 I GnssLocationProvider: WakeLock acquired by sendMessage(SUBSCRIPTION_OR_SIM_CHANGED, 0, null)
06-04 14:08:32.149  2384  2384 I GmsApplication: Staging modules and/or updating config
06-04 14:08:32.150  2384  2384 I GmsApplication: Staging modules
06-04 14:08:32.150  2384  2384 I FileApkMgr: Extracting modules...
06-04 14:08:32.152  1934  2025 W BestClock: java.time.DateTimeException: Missing NTP fix
06-04 14:08:32.153  1934  1947 I GnssLocationProvider: WakeLock released by handleMessage(SUBSCRIPTION_OR_SIM_CHANGED, 0, null)
06-04 14:08:32.154  1934  2025 W BestClock: java.time.DateTimeException: Missing NTP fix
06-04 14:08:32.155  2070  2070 D NetworkSecurityConfig: Using Network Security Config from resource network_security_config debugBuild: false
06-04 14:08:32.156  2070  2070 I ProviderInstaller: Installed default security provider GmsCore_OpenSSL
06-04 14:08:32.137  2384  2384 I chatty  : uid=10013(com.google.android.gms) identical 4 lines
06-04 14:08:32.137  2384  2384 E ActivityThread: Failed to find provider info for com.google.android.gsf.gservices
06-04 14:08:32.159  2070  2070 E ActivityThread: Failed to find provider info for com.google.android.gsf.gservices
06-04 14:08:32.166  2070  2070 I chatty  : uid=10013 com.google.android.gms.persistent identical 2 lines
06-04 14:08:32.167  2070  2070 E ActivityThread: Failed to find provider info for com.google.android.gsf.gservices
06-04 14:08:32.181  2384  2384 E ActivityThread: Failed to find provider info for com.google.android.gsf.gservices
06-04 14:08:32.188  2384  2384 I FileApkMgr: Extracting modules completed
06-04 14:08:32.183  2384  2384 E ActivityThread: Failed to find provider info for com.google.android.gsf.gservices
06-04 14:08:32.189  2070  2070 E ActivityThread: Failed to find provider info for com.google.android.gsf.gservices
06-04 14:08:32.189  2384  2384 I GmsApplication: Staging modules completed
06-04 14:08:32.189  2384  2384 I GmsApplication: Updating config
06-04 14:08:32.189  2384  2384 E ActivityThread: Failed to find provider info for com.google.android.gsf.gservices
06-04 14:08:32.189  2384  2384 E ActivityThread: Failed to find provider info for com.google.android.gsf.gservices
06-04 14:08:32.192  2070  2070 E ActivityThread: Failed to find provider info for com.google.android.gsf.gservices
06-04 14:08:32.196  2070  2070 I chatty  : uid=10013 com.google.android.gms.persistent identical 1 line
06-04 14:08:32.197  2070  2070 E ActivityThread: Failed to find provider info for com.google.android.gsf.gservices
06-04 14:08:32.200  2384  2384 E ActivityThread: Failed to find provider info for com.google.android.gsf.gservices
06-04 14:08:32.201  2384  2384 E ActivityThread: Failed to find provider info for com.google.android.gsf.gservices
06-04 14:08:32.202  2070  2070 E ActivityThread: Failed to find provider info for com.google.android.gsf.gservices
06-04 14:08:32.213  2165  2165 D ServiceStateProvider: subId=-2
06-04 14:08:32.214  2070  2070 I chatty  : uid=10013 com.google.android.gms.persistent identical 8 lines
06-04 14:08:32.218  2070  2070 E ActivityThread: Failed to find provider info for com.google.android.gsf.gservices
06-04 14:08:32.218  2384  2384 E ActivityThread: Failed to find provider info for com.google.android.gsf.gservices
06-04 14:08:32.221  2384  2384 E GservicesValue: Gservices key not whitelisted for directboot access: gms:chimera:dev_module_blacklist
06-04 14:08:32.228  2384  2384 I chatty  : uid=10013(com.google.android.gms) identical 4 lines
06-04 14:08:32.228  2384  2384 E ActivityThread: Failed to find provider info for com.google.android.gsf.gservices
06-04 14:08:32.231  2070  2070 E ActivityThread: Failed to find provider info for com.google.android.gsf.gservices
06-04 14:08:32.232  2070  2070 E ActivityThread: Failed to find provider info for com.google.android.gsf.gservices
06-04 14:08:32.239  2384  2384 E ActivityThread: Failed to find provider info for com.google.android.gsf.gservices
06-04 14:08:32.243  2384  2384 I chatty  : uid=10013(com.google.android.gms) identical 2 lines
06-04 14:08:32.244  2384  2384 E ActivityThread: Failed to find provider info for com.google.android.gsf.gservices
06-04 14:08:32.249  2070  2070 E ActivityThread: Failed to find provider info for com.google.android.gsf.gservices
06-04 14:08:32.251  2165  2376 D IntentBroadcaster: Broadcasting and adding intent for rebroadcast: android.intent.action.SIM_STATE_CHANGED READY for slotId 0
06-04 14:08:32.255  2081  2097 I ndroid.systemu: Background concurrent copying GC freed 46864(3MB) AllocSpace objects, 35(892KB) LOS objects, 50% free, 3MB/7MB, paused 1.181ms total 110.920ms
06-04 14:08:32.265  2070  2070 I GmsApplication: Registering the BackgroundBroadcastReceiverSupport receiver.
06-04 14:08:32.251  2070  2070 E ActivityThread: Failed to find provider info for com.google.android.gsf.gservices
06-04 14:08:32.269  2384  2384 E ActivityThread: Failed to find provider info for com.google.android.gsf.gservices
06-04 14:08:32.271  2165  2165 E PhoneInterfaceManager: [PhoneIntfMgr] getIccId: No UICC
06-04 14:08:32.270  2384  2384 E ActivityThread: Failed to find provider info for com.google.android.gsf.gservices
06-04 14:08:32.275  2070  2070 E ActivityThread: Failed to find provider info for com.google.android.gsf.gservices
06-04 14:08:32.290  2165  2165 D OpenGLRenderer: HWUI GL Pipeline
06-04 14:08:32.296  2070  2070 I GmsReceiverSupport: Registered Receiver for 23+1 IntentFilters
06-04 14:08:32.302  1649  1649 D gralloc_ranchu: gralloc_alloc: Creating ashmem region of size 8298496
06-04 14:08:32.276  2070  2070 E ActivityThread: Failed to find provider info for com.google.android.gsf.gservices
06-04 14:08:32.302  1934  1945 I Telecom : PhoneAccountRegistrar: New phone account registered: [[ ] PhoneAccount: ComponentInfo{com.android.phone/com.android.services.telephony.TelephonyConnectionService}, ***, UserHandle{0} Capabilities: CallProvider MultiUser PlaceEmerg SimSub  Audio Routes: BESW Schemes: tel voicemail  Extras: Bundle[mParcelledData.dataSize=124] GroupId: ***]: TSI.rPA@AAo
06-04 14:08:32.306  2081  2081 I ImageWallpaper: Redrawing in rect: RectF(0.0, 0.0, 2330.625, 1920.0) with surface size: 1243x1920
06-04 14:08:32.311  2081  2318 D EGL_emulation: eglMakeCurrent: 0xe48054e0: ver 2 0 (tinfo 0xe48034a0)
06-04 14:08:32.312  2384  2384 I GmsApplication: Updating config completed
06-04 14:08:32.318  1934  1945 I Telecom : CallsManager: Sending phone-account ComponentInfo{com.android.phone/com.android.services.telephony.TelephonyConnectionService}, ***, UserHandle{0} registered intent as user: TSI.rPA@AAo
06-04 14:08:32.319  2384  2384 W DynamiteModule: Local module descriptor class for providerinstaller not found.
06-04 14:08:32.320  1934  1945 I Telecom : CallsManager: Sending phone-account registered intent to default dialer: TSI.rPA@AAo
06-04 14:08:32.321  2165  2165 I TelecomFramework: AccountEntry: Registered phoneAccount: [[ ] PhoneAccount: ComponentInfo{com.android.phone/com.android.services.telephony.TelephonyConnectionService}, ***, UserHandle{0} Capabilities: CallProvider MultiUser PlaceEmerg SimSub  Audio Routes: BESW Schemes: tel voicemail  Extras: Bundle[{android.telecom.extra.SUPPORTS_VIDEO_CALLING_FALLBACK=true}] GroupId: ***] with handle: ComponentInfo{com.android.phone/com.android.services.telephony.TelephonyConnectionService}, ***, UserHandle{0}
06-04 14:08:32.321  2165  2165 I TelecomFramework: PstnIncomingCallNotifier: Registering: Handler (com.android.internal.telephony.GsmCdmaPhone) {b9df498}
06-04 14:08:32.322  2384  2384 W ProviderHelper: Unknown dynamite feature providerinstaller
06-04 14:08:32.324  2384  2384 E ActivityThread: Failed to find provider info for com.google.android.gsf.gservices
06-04 14:08:32.327  2384  2384 I DynamiteModule: Considering local module providerinstaller:0 and remote module providerinstaller:0
06-04 14:08:32.327  2384  2384 W ProviderInstaller: Failed to load providerinstaller module: No acceptable module found. Local version is 0 and remote version is 0.
06-04 14:08:32.326  2384  2384 E ActivityThread: Failed to find provider info for com.google.android.gsf.gservices
06-04 14:08:32.330  2070  2070 E ActivityThread: Failed to find provider info for com.google.android.gsf.gservices
06-04 14:08:32.333  2070  2070 I chatty  : uid=10013 com.google.android.gms.persistent identical 6 lines
06-04 14:08:32.334  2070  2070 E ActivityThread: Failed to find provider info for com.google.android.gsf.gservices
06-04 14:08:32.344  2165  2165 I TelecomFramework: PstnIncomingCallNotifier: Unregistering: Handler (com.android.internal.telephony.GsmCdmaPhone) {b9df498}
06-04 14:08:32.346  2384  2384 V NativeCrypto: Registering com/google/android/gms/org/conscrypt/NativeCrypto's 284 native methods...
06-04 14:08:32.346  2165  2165 E PhoneInterfaceManager: [PhoneIntfMgr] getIccId: No UICC
06-04 14:08:32.352  2070  2070 E ActivityThread: Failed to find provider info for com.google.android.gsf.gservices
06-04 14:08:32.357  1649  1649 D gralloc_ranchu: gralloc_alloc: Creating ashmem region of size 8298496
06-04 14:08:32.361  2384  2384 D NetworkSecurityConfig: Using Network Security Config from resource network_security_config debugBuild: false
06-04 14:08:32.363  2384  2384 I ProviderInstaller: Installed default security provider GmsCore_OpenSSL
06-04 14:08:32.362  2070  2070 I chatty  : uid=10013 com.google.android.gms.persistent identical 8 lines
06-04 14:08:32.363  2070  2070 E ActivityThread: Failed to find provider info for com.google.android.gsf.gservices
06-04 14:08:32.363  2384  2384 E ActivityThread: Failed to find provider info for com.google.android.gsf.gservices
06-04 14:08:32.363  2070  2070 E ActivityThread: Failed to find provider info for com.google.android.gsf.gservices
06-04 14:08:32.363  2384  2384 E ActivityThread: Failed to find provider info for com.google.android.gsf.gservices
06-04 14:08:32.363  2070  2070 E ActivityThread: Failed to find provider info for com.google.android.gsf.gservices
06-04 14:08:32.364  2384  2384 E ActivityThread: Failed to find provider info for com.google.android.gsf.gservices
06-04 14:08:32.364  2384  2384 E ActivityThread: Failed to find provider info for com.google.android.gsf.gservices
06-04 14:08:32.365  2070  2070 E ActivityThread: Failed to find provider info for com.google.android.gsf.gservices
06-04 14:08:32.365  2070  2070 I chatty  : uid=10013 com.google.android.gms.persistent identical 2 lines
06-04 14:08:32.365  2070  2070 E ActivityThread: Failed to find provider info for com.google.android.gsf.gservices
06-04 14:08:32.365  2384  2384 E ActivityThread: Failed to find provider info for com.google.android.gsf.gservices
06-04 14:08:32.366  2070  2070 E ActivityThread: Failed to find provider info for com.google.android.gsf.gservices
06-04 14:08:32.366  2384  2384 E ActivityThread: Failed to find provider info for com.google.android.gsf.gservices
06-04 14:08:32.366  2070  2070 E ActivityThread: Failed to find provider info for com.google.android.gsf.gservices
06-04 14:08:32.369  2384  2384 E ActivityThread: Failed to find provider info for com.google.android.gsf.gservices
06-04 14:08:32.371  2384  2384 E ActivityThread: Failed to find provider info for com.google.android.gsf.gservices
06-04 14:08:32.371  2070  2070 E ActivityThread: Failed to find provider info for com.google.android.gsf.gservices
06-04 14:08:32.371  2070  2070 E ActivityThread: Failed to find provider info for com.google.android.gsf.gservices
06-04 14:08:32.376  2384  2384 E ActivityThread: Failed to find provider info for com.google.android.gsf.gservices
06-04 14:08:32.383  2384  2384 I chatty  : uid=10013(com.google.android.gms) identical 1 line
06-04 14:08:32.384  2384  2384 E ActivityThread: Failed to find provider info for com.google.android.gsf.gservices
06-04 14:08:32.385  1934  1944 I Telecom : PhoneAccountRegistrar: Modify account: [ComponentInfo{com.android.phone/com.android.services.telephony.TelephonyConnectionService}, ***, UserHandle{0}]: TSI.rPA@AA0
06-04 14:08:32.389  2384  2384 E ActivityThread: Failed to find provider info for com.google.android.gsf.gservices
06-04 14:08:32.390  2165  2165 I TelecomFramework: AccountEntry: Registered phoneAccount: [[ ] PhoneAccount: ComponentInfo{com.android.phone/com.android.services.telephony.TelephonyConnectionService}, ***, UserHandle{0} Capabilities: CallProvider MultiUser PlaceEmerg SimSub  Audio Routes: BESW Schemes: tel voicemail  Extras: Bundle[{android.telecom.extra.SUPPORTS_VIDEO_CALLING_FALLBACK=true}] GroupId: ***] with handle: ComponentInfo{com.android.phone/com.android.services.telephony.TelephonyConnectionService}, ***, UserHandle{0}
06-04 14:08:32.390  2165  2165 I TelecomFramework: PstnIncomingCallNotifier: Registering: Handler (com.android.internal.telephony.GsmCdmaPhone) {b9df498}
06-04 14:08:32.391  2384  2384 E ActivityThread: Failed to find provider info for com.google.android.gsf.gservices
06-04 14:08:32.392  1934  1983 W LocalDisplayAdapter: Unable to find color mode 0, ignoring request.
06-04 14:08:32.393  1934  2003 I InputReader: Reconfiguring input devices.  changes=0x00000004
06-04 14:08:32.395  2384  2384 E ActivityThread: Failed to find provider info for com.google.android.gsf.gservices
06-04 14:08:32.403  2384  2384 I chatty  : uid=10013(com.google.android.gms) identical 3 lines
06-04 14:08:32.404  2384  2384 E ActivityThread: Failed to find provider info for com.google.android.gsf.gservices
06-04 14:08:32.407  1934  1983 W LocalDisplayAdapter: Unable to find color mode 0, ignoring request.
06-04 14:08:32.407  2384  2384 E ActivityThread: Failed to find provider info for com.google.android.gsf.gservices
06-04 14:08:32.409  1934  2003 I InputReader: Reconfiguring input devices.  changes=0x00000004
06-04 14:08:32.412  2070  2070 W Primes  : Primes not initialized, returning default (no-op) Primes instance which will ignore all calls. Please call Primes.initialize(...) before using any Primes API.
06-04 14:08:32.417  2384  2384 I chatty  : uid=10013(com.google.android.gms) identical 2 lines
06-04 14:08:32.418  2384  2384 E ActivityThread: Failed to find provider info for com.google.android.gsf.gservices
06-04 14:08:32.424  2070  2070 E ActivityThread: Failed to find provider info for com.google.android.gsf.gservices
06-04 14:08:32.432  2081  2081 I Choreographer: Skipped 53 frames!  The application may be doing too much work on its main thread.
06-04 14:08:32.432  2070  2070 I chatty  : uid=10013 com.google.android.gms.persistent identical 2 lines
06-04 14:08:32.433  2070  2070 E ActivityThread: Failed to find provider info for com.google.android.gsf.gservices
06-04 14:08:32.437  2384  2384 E ActivityThread: Failed to find provider info for com.google.android.gsf.gservices
06-04 14:08:32.462  1649  1649 D gralloc_ranchu: gralloc_alloc: Creating ashmem region of size 24576
06-04 14:08:32.470  2384  2384 I chatty  : uid=10013(com.google.android.gms) identical 16 lines
06-04 14:08:32.471  2384  2384 E ActivityThread: Failed to find provider info for com.google.android.gsf.gservices
06-04 14:08:32.472  2070  2070 E ActivityThread: Failed to find provider info for com.google.android.gsf.gservices
06-04 14:08:32.473  2070  2070 I chatty  : uid=10013 com.google.android.gms.persistent identical 1 line
06-04 14:08:32.476  2070  2070 E ActivityThread: Failed to find provider info for com.google.android.gsf.gservices
06-04 14:08:32.479  2384  2384 E ActivityThread: Failed to find provider info for com.google.android.gsf.gservices
06-04 14:08:32.479  1649  1649 D gralloc_ranchu: gralloc_alloc: Creating ashmem region of size 24576
06-04 14:08:32.479  2070  2413 I NativeLibraryUtils: Extraction to /data/user_de/0/com.google.android.gms/app_extracted_libs/x86/libAppDataSearch.so true
06-04 14:08:32.482  1649  1649 D gralloc_ranchu: gralloc_alloc: Creating ashmem region of size 24576
06-04 14:08:32.487  1649  1649 D gralloc_ranchu: gralloc_alloc: Creating ashmem region of size 24576
06-04 14:08:32.494  2081  2318 D EGL_emulation: eglMakeCurrent: 0xe48054e0: ver 2 0 (tinfo 0xe48034a0)
06-04 14:08:32.499  2384  2384 W Primes  : Primes not initialized, returning default (no-op) Primes instance which will ignore all calls. Please call Primes.initialize(...) before using any Primes API.
06-04 14:08:32.490  2384  2384 I chatty  : uid=10013(com.google.android.gms) identical 8 lines
06-04 14:08:32.491  2384  2384 E ActivityThread: Failed to find provider info for com.google.android.gsf.gservices
06-04 14:08:32.506  2070  2070 E ActivityThread: Failed to find provider info for com.google.android.gsf.gservices
06-04 14:08:32.509  2384  2384 E ActivityThread: Failed to find provider info for com.google.android.gsf.gservices
06-04 14:08:32.509  2384  2384 I chatty  : uid=10013(com.google.android.gms) identical 1 line
06-04 14:08:32.514  2384  2384 E ActivityThread: Failed to find provider info for com.google.android.gsf.gservices
06-04 14:08:32.525  2070  2070 E ActivityThread: Failed to find provider info for com.google.android.gsf.gservices
06-04 14:08:32.527  2070  2070 E ActivityThread: Failed to find provider info for com.google.android.gsf.gservices
06-04 14:08:32.534  2384  2384 E ActivityThread: Failed to find provider info for com.google.android.gsf.gservices
06-04 14:08:32.536  2070  2421 E ActivityThread: Failed to find provider info for com.google.android.gsf.gservices
06-04 14:08:32.541  2070  2413 I NativeLibraryUtils: Extraction to /data/user_de/0/com.google.android.gms/app_extracted_libs/x86/libWhisper.so true
06-04 14:08:32.548  2081  2318 I OpenGLRenderer: Davey! duration=996ms; Flags=1, IntendedVsync=43499993057, Vsync=44383326355, OldestInputEvent=9223372036854775807, NewestInputEvent=0, HandleInputStart=44384323700, AnimationStart=44384382000, PerformTraversalsStart=44402050700, DrawStart=44411481400, SyncQueued=44443155700, SyncStart=44447302400, IssueDrawCommandsStart=44457419500, SwapBuffers=44493722200, FrameCompleted=44500259000, DequeueBufferDuration=51000, QueueBufferDuration=361000, 
06-04 14:08:32.553  2070  2421 I chatty  : uid=10013 com.google.android.gms.persistent identical 7 lines
06-04 14:08:32.554  2070  2421 E ActivityThread: Failed to find provider info for com.google.android.gsf.gservices
06-04 14:08:32.555  2384  2422 E ActivityThread: Failed to find provider info for com.google.android.gsf.gservices
06-04 14:08:32.555  2070  2421 E ActivityThread: Failed to find provider info for com.google.android.gsf.gservices
06-04 14:08:32.556  2070  2421 I chatty  : uid=10013 com.google.android.gms.persistent identical 1 line
06-04 14:08:32.557  2070  2421 E ActivityThread: Failed to find provider info for com.google.android.gsf.gservices
06-04 14:08:32.557  2384  2422 E ActivityThread: Failed to find provider info for com.google.android.gsf.gservices
06-04 14:08:32.569  1934  2024 W BestClock: java.time.DateTimeException: Missing NTP fix
06-04 14:08:32.576  2081  2097 I ndroid.systemu: NativeAlloc concurrent copying GC freed 4789(364KB) AllocSpace objects, 0(0B) LOS objects, 49% free, 3MB/7MB, paused 8.922ms total 273.804ms
06-04 14:08:32.583  2070  2413 I NativeLibraryUtils: Extraction to /data/user_de/0/com.google.android.gms/app_extracted_libs/x86/libconscrypt_gmscore_jni.so true
06-04 14:08:32.584  1934  2024 W BestClock: java.time.DateTimeException: Missing NTP fix
06-04 14:08:32.588  1934  2025 W BestClock: java.time.DateTimeException: Missing NTP fix
