--------- beginning of main
06-04 14:07:48.950  1583  1583 W auditd  : type=2000 audit(0.0:1): initialized
06-04 14:07:49.620  1583  1583 I auditd  : type=1403 audit(0.0:2): policy loaded auid=4294967295 ses=4294967295
06-04 14:07:49.620  1583  1583 W auditd  : type=1404 audit(0.0:3): enforcing=1 old_enforcing=0 auid=4294967295 ses=4294967295
06-04 14:07:50.380     1     1 W init    : type=1400 audit(0.0:4): avc: denied { setattr } for name="slabinfo" dev="proc" ino=4026532040 scontext=u:r:init:s0 tcontext=u:object_r:proc:s0 tclass=file permissive=0
06-04 14:07:50.380     1     1 W init    : type=1400 audit(0.0:5): avc: denied { setattr } for name="slabinfo" dev="proc" ino=4026532040 scontext=u:r:init:s0 tcontext=u:object_r:proc:s0 tclass=file permissive=0
06-04 14:07:50.401  1584  1584 I SELinux : SELinux: Loaded service_contexts from:
06-04 14:07:50.402  1584  1584 I SELinux :     /system/etc/selinux/plat_service_contexts
06-04 14:07:50.434  1586  1586 I SELinux : SELinux: Loaded service_contexts from:
06-04 14:07:50.434  1586  1586 I SELinux :     /vendor/etc/selinux/vndservice_contexts
06-04 14:07:50.453  1585  1585 I hwservicemanager: hwservicemanager is ready now.
06-04 14:07:50.514  1592  1592 I android.hardware.keymaster@3.0-impl: Fetching keymaster device name default
06-04 14:07:50.514  1592  1592 I android.hardware.keymaster@3.0-impl: Could not find any keystore module, using software-only implementation.
06-04 14:07:50.515  1592  1592 I ServiceManagement: Removing namespace from process name android.hardware.keymaster@3.0-service to keymaster@3.0-service.
06-04 14:07:50.516  1592  1592 I android.hardware.keymaster@3.0-service: Registration complete for android.hardware.keymaster@3.0::IKeymasterDevice/default.
06-04 14:07:50.818  1593  1596 E cutils  : Failed to mkdir(/data/system/users/0): No such file or directory
06-04 14:07:50.830  1634  1634 I /system/bin/tzdatacheck: timezone distro dir /data/misc/zoneinfo/current does not exist. No action required.
06-04 14:07:50.880  1636  1636 I ServiceManagement: Removing namespace from process name android.hidl.allocator@1.0-service to allocator@1.0-service.
06-04 14:07:50.887  1637  1637 I health@2.0/: health@2.0/backup: Hal starting main loop...
06-04 14:07:50.887  1637  1637 I health@2.0/: health@2.0/backup Hal is starting up...
06-04 14:07:50.888  1585  1585 W hwservicemanager: getTransport: Cannot find entry android.hardware.health@1.0::IHealth/default in either framework or device manifest.
06-04 14:07:50.889  1637  1637 I health@2.0/: health@2.0/backup: Hal init done
06-04 14:07:50.941  1643  1643 W /vendor/bin/hw/android.hardware.configstore@1.1-service: Could not find seccomp policy file at: /vendor/etc/seccomp_policy/configstore@1.1.policy
06-04 14:07:50.941  1643  1643 I ServiceManagement: Removing namespace from process name android.hardware.configstore@1.1-service to configstore@1.1-service.
06-04 14:07:50.973  1642  1642 D android.hardware.cas@1.0-service: android.hardware.cas@1.0-service starting...
06-04 14:07:50.973  1642  1642 I ServiceManagement: Removing namespace from process name android.hardware.cas@1.0-service to cas@1.0-service.
06-04 14:07:50.974  1644  1644 D android.hardware.drm@1.0-service: android.hardware.drm@1.0-service starting...
06-04 14:07:50.976  1658  1658 I lowmemorykiller: Using in-kernel low memory killer interface
06-04 14:07:50.977  1647  1647 E GoldfishGatekeeper: called goldfish_gatekeeper_open with gate keeper 0xe869b0d8 device 0xe81bd088
06-04 14:07:50.979  1647  1647 I ServiceManagement: Removing namespace from process name android.hardware.gatekeeper@1.0-service to gatekeeper@1.0-service.
06-04 14:07:50.980  1647  1647 I android.hardware.gatekeeper@1.0-service: Registration complete for android.hardware.gatekeeper@1.0::IGatekeeper/default.
06-04 14:07:50.983  1641  1641 I android.hardware.camera.provider@2.4-service: Camera provider Service is starting.
06-04 14:07:50.996  1644  1644 I ServiceManagement: Removing namespace from process name android.hardware.drm@1.0-service to drm@1.0-service.
06-04 14:07:50.996  1644  1644 I android.hardware.drm@1.0-service: Registration complete for android.hardware.drm@1.0::IDrmFactory/default.
06-04 14:07:50.997  1644  1644 I ServiceManagement: Removing namespace from process name android.hardware.drm@1.0-service to drm@1.0-service.
06-04 14:07:50.997  1644  1644 I android.hardware.drm@1.0-service: Registration complete for android.hardware.drm@1.0::ICryptoFactory/default.
06-04 14:07:50.999  1651  1651 I health@2.0/: health@2.0/default: Hal starting main loop...
06-04 14:07:50.999  1651  1651 I health@2.0/: health@2.0/default Hal is starting up...
06-04 14:07:50.999  1651  1651 I ServiceManagement: Removing namespace from process name android.hardware.health@2.0-service.goldfish to health@2.0-service.goldfish.
06-04 14:07:51.001  1656  1656 I qemu-props: connected to 'boot-properties' qemud service.
06-04 14:07:51.001  1656  1656 I qemu-props: receiving..
06-04 14:07:51.002  1656  1656 I qemu-props: received: qemu.cmdline=androidboot.logcat=*:V androidboot.consolepipe=qemu_pipe,pipe:logcat
06-04 14:07:51.009  1656  1656 I qemu-props: successfully set property 'qemu.cmdline' to 'androidboot.logcat=*:V androidboot.consolepipe=qemu_pipe,pipe:logcat'
06-04 14:07:51.010  1656  1656 I qemu-props: receiving..
06-04 14:07:51.010  1656  1656 I qemu-props: received: qemu.logcat=start
06-04 14:07:51.018  1640  1640 I ServiceManagement: Removing namespace from process name android.hardware.broadcastradio@1.1-service to broadcastradio@1.1-service.
06-04 14:07:51.022  1645  1645 D android.hardware.drm@1.1-service.clearkey: android.hardware.drm@1.1-service.clearkey starting...
06-04 14:07:51.022  1645  1645 I ServiceManagement: Removing namespace from process name android.hardware.drm@1.1-service.clearkey to drm@1.1-service.clearkey.
06-04 14:07:51.029  1651  1651 I health@2.0/: health@2.0/default: Hal init done
06-04 14:07:51.036  1656  1656 I qemu-props: successfully set property 'vendor.qemu.logcat' to 'start'
06-04 14:07:51.036  1656  1656 I qemu-props: receiving..
06-04 14:07:51.036  1656  1656 I qemu-props: received: ro.opengles.version=131072
06-04 14:07:51.036  1656  1656 I qemu-props: receiving..
06-04 14:07:51.036  1656  1656 I qemu-props: received: qemu.sf.fake_camera=front
06-04 14:07:51.038  1645  1645 I ServiceManagement: Removing namespace from process name android.hardware.drm@1.1-service.clearkey to drm@1.1-service.clearkey.
06-04 14:07:51.038  1646  1646 D android.hardware.drm@1.0-service.widevine: android.hardware.drm@1.1-service.widevine starting...
06-04 14:07:51.042  1646  1646 I ServiceManagement: Removing namespace from process name android.hardware.drm@1.1-service.widevine to drm@1.1-service.widevine.
06-04 14:07:51.043  1646  1646 I ServiceManagement: Removing namespace from process name android.hardware.drm@1.1-service.widevine to drm@1.1-service.widevine.
06-04 14:07:51.044  1585  1585 W hwservicemanager: getTransport: Cannot find entry android.hardware.thermal@1.1::IThermal/default in either framework or device manifest.
06-04 14:07:51.046  1652  1652 I android.hardware.power@1.1-service.ranchu: Power HAL Service 1.1 for Ranchu is starting.
06-04 14:07:51.047  1652  1652 I ServiceManagement: Removing namespace from process name android.hardware.power@1.1-service.ranchu to power@1.1-service.ranchu.
06-04 14:07:51.049  1652  1652 I android.hardware.power@1.1-service.ranchu: Power Service is ready
06-04 14:07:51.049  1660  1660 W thermalserviced: Unable to get Thermal HAL V1.1, vendor thermal event notification not available
06-04 14:07:51.057  1656  1656 I qemu-props: successfully set property 'vendor.qemu.sf.fake_camera' to 'front'
06-04 14:07:51.058  1656  1656 I qemu-props: receiving..
06-04 14:07:51.058  1656  1656 I qemu-props: received: qemu.adb.secure=1
06-04 14:07:51.059  1656  1656 I qemu-props: successfully set property 'vendor.qemu.adb.secure' to '1'
06-04 14:07:51.059  1656  1656 I qemu-props: receiving..
06-04 14:07:51.060  1656  1656 I qemu-props: received: dalvik.vm.heapsize=512m
06-04 14:07:51.060  1656  1656 I qemu-props: receiving..
06-04 14:07:51.060  1656  1656 I qemu-props: received: qemu.hw.mainkeys=0
06-04 14:07:51.061  1656  1656 I qemu-props: successfully set property 'qemu.hw.mainkeys' to '0'
06-04 14:07:51.062  1656  1656 I qemu-props: receiving..
06-04 14:07:51.062  1656  1656 I qemu-props: received: qemu.sf.lcd_density=420
06-04 14:07:51.063  1656  1656 I qemu-props: successfully set property 'vendor.qemu.sf.lcd_density' to '420'
06-04 14:07:51.063  1656  1656 I qemu-props: receiving..
06-04 14:07:51.063  1656  1656 I qemu-props: received: qemu.timezone=Asia/Bangkok
06-04 14:07:51.065  1656  1656 I qemu-props: successfully set property 'vendor.qemu.timezone' to 'Asia/Bangkok'
06-04 14:07:51.065  1656  1656 I qemu-props: receiving..
06-04 14:07:51.065  1653  1653 I ServiceManagement: Removing namespace from process name android.hardware.sensors@1.0-service to sensors@1.0-service.
06-04 14:07:51.067  1653  1653 I android.hardware.sensors@1.0-service: Registration complete for android.hardware.sensors@1.0::ISensors/default.
06-04 14:07:51.092  1650  1650 D HostConnection: createUnique: call
06-04 14:07:51.092  1650  1650 D HostConnection: HostConnection::get() New Host Connection established 0xf0ba4140, tid 1650
06-04 14:07:51.110  1639  1639 I ServiceManagement: Removing namespace from process name android.hardware.audio@2.0-service to audio@2.0-service.
06-04 14:07:51.112  1639  1639 I audiohalservice: Registration complete for android.hardware.audio@4.0::IDevicesFactory/default.
06-04 14:07:51.112  1649  1649 D HostConnection: createUnique: call
06-04 14:07:51.113  1649  1649 D HostConnection: HostConnection::get() New Host Connection established 0xe85a5050, tid 1649
06-04 14:07:51.116  1650  1650 D HostConnection: HostComposition ext ANDROID_EMU_CHECKSUM_HELPER_v1 ANDROID_EMU_native_sync_v2 ANDROID_EMU_native_sync_v3 ANDROID_EMU_native_sync_v4 ANDROID_EMU_dma_v1 ANDROID_EMU_YUV420_888_to_NV21 ANDROID_EMU_YUV_Cache ANDROID_EMU_sync_buffer_data GL_OES_vertex_array_object GL_KHR_texture_compression_astc_ldr ANDROID_EMU_host_side_tracing ANDROID_EMU_gles_max_version_2 
06-04 14:07:51.117  1650  1650 E hwcomposer: unknown display attribute 6
06-04 14:07:51.117  1649  1649 I ServiceManagement: Removing namespace from process name android.hardware.graphics.allocator@2.0-service to allocator@2.0-service.
06-04 14:07:51.118  1650  1650 I ServiceManagement: Removing namespace from process name android.hardware.graphics.composer@2.1-service to composer@2.1-service.
06-04 14:07:51.118  1649  1649 I android.hardware.graphics.allocator@2.0-service: Registration complete for android.hardware.graphics.allocator@2.0::IAllocator/default.
06-04 14:07:51.119  1650  1650 I android.hardware.graphics.composer@2.1-service: Registration complete for android.hardware.graphics.composer@2.1::IComposer/default.
06-04 14:07:51.120  1648  1648 I ServiceManagement: Removing namespace from process name android.hardware.gnss@1.0-service to gnss@1.0-service.
06-04 14:07:51.121  1648  1648 I android.hardware.gnss@1.0-service: Registration complete for android.hardware.gnss@1.0::IGnss/default.
--------- beginning of system
06-04 14:07:51.134  1654  1654 I android.hardware.wifi@1.0-service: Wifi Hal is booting up...
06-04 14:07:51.135  1654  1654 I ServiceManagement: Removing namespace from process name android.hardware.wifi@1.0-service to wifi@1.0-service.
06-04 14:07:51.142  1674  1674 I perfetto: probes.cc:56 Starting /system/bin/traced_probes service
06-04 14:07:51.143  1674  1674 I perfetto: probes_producer.cc:84 Disconnected from tracing service
06-04 14:07:51.145  1639  1639 I audiohalservice: Registration complete for android.hardware.audio.effect@4.0::IEffectsFactory/default.
06-04 14:07:51.145  1673  1673 W perfetto: service.cc:54 Started traced, listening on /dev/socket/traced_producer /dev/socket/traced_consumer
06-04 14:07:51.145  1585  1585 W hwservicemanager: getTransport: Cannot find entry android.hardware.soundtrigger@2.1::ISoundTriggerHw/default in either framework or device manifest.
06-04 14:07:51.145  1593  1593 I chatty  : uid=0(root) Binder:1593_2 expire 19 lines
06-04 14:07:51.147  1593  1679 I chatty  : uid=0(root) Binder:1593_2 expire 217 lines
06-04 14:07:51.150  1639  1639 E audiohalservice: Could not get passthrough implementation for android.hardware.soundtrigger@2.1::ISoundTriggerHw/default.
06-04 14:07:51.151  1585  1585 W hwservicemanager: getTransport: Cannot find entry android.hardware.soundtrigger@2.0::ISoundTriggerHw/default in either framework or device manifest.
06-04 14:07:51.155  1639  1639 E SoundTriggerHalImpl: couldn't load sound trigger module sound_trigger.primary (No such file or directory)
06-04 14:07:51.156  1639  1639 I audiohalservice: Registration complete for android.hardware.soundtrigger@2.0::ISoundTriggerHw/default.
06-04 14:07:51.157  1585  1585 W hwservicemanager: getTransport: Cannot find entry android.hardware.bluetooth.a2dp@1.0::IBluetoothAudioOffload/default in either framework or device manifest.
06-04 14:07:51.157  1639  1639 E audiohalservice: Could not get passthrough implementation for android.hardware.bluetooth.a2dp@1.0::IBluetoothAudioOffload/default.
06-04 14:07:51.157  1639  1639 W audiohalservice: Could not register Bluetooth audio offload 1.0
06-04 14:07:51.160  1641  1641 D EmulatedCamera_QemuClient: Emulated camera list: name=virtualscene channel=0 pix=876758866 dir=back framedims=640x480,352x288,320x240,176x144,1280x720,1280x960
06-04 14:07:51.161  1641  1641 I EmulatedCamera_QemuCamera3: Constructing emulated qemu camera 3: ID 0
06-04 14:07:51.161  1641  1641 I EmulatedCamera_QemuCamera3: parseResolutions: 640x480
06-04 14:07:51.161  1641  1641 I EmulatedCamera_QemuCamera3: parseResolutions: 352x288
06-04 14:07:51.161  1641  1641 I EmulatedCamera_QemuCamera3: parseResolutions: 320x240
06-04 14:07:51.161  1641  1641 I EmulatedCamera_QemuCamera3: parseResolutions: 176x144
06-04 14:07:51.161  1641  1641 I EmulatedCamera_QemuCamera3: parseResolutions: 1280x720
06-04 14:07:51.161  1641  1641 I EmulatedCamera_QemuCamera3: parseResolutions: 1280x960
06-04 14:07:51.161  1641  1641 I EmulatedCamera_QemuCamera3: Camera 0 capabilities:
06-04 14:07:51.161  1641  1641 I EmulatedCamera_QemuCamera3:   BACKWARD_COMPATIBLE
06-04 14:07:51.162  1641  1641 I EmulatedCamera_FakeCamera3: Constructing emulated fake camera 3: ID 1, facing front
06-04 14:07:51.162  1641  1641 I EmulatedCamera_FakeCamera3: Camera 1 capabilities:
06-04 14:07:51.162  1641  1641 I EmulatedCamera_FakeCamera3:   BACKWARD_COMPATIBLE
06-04 14:07:51.162  1641  1641 I EmulatedCamera_FakeCamera3:   MANUAL_SENSOR
06-04 14:07:51.162  1641  1641 I EmulatedCamera_FakeCamera3:   MANUAL_POST_PROCESSING
06-04 14:07:51.162  1641  1641 I EmulatedCamera_FakeCamera3:   READ_SENSOR_SETTINGS
06-04 14:07:51.162  1641  1641 I EmulatedCamera_FakeCamera3:   BURST_CAPTURE
06-04 14:07:51.162  1641  1641 I EmulatedCamera_FakeCamera3:   FULL_LEVEL
06-04 14:07:51.162  1641  1641 I EmulatedCamera_FakeCamera3:   (null)
06-04 14:07:51.162  1641  1641 E EmulatedCamera_Factory: 2 cameras are being emulated. 1 of them are fake cameras.
06-04 14:07:51.162  1641  1641 E EmulatedCamera_HotplugThread: createFileIfNotExists: Could not create file '/data/misc/media/emulator.camera.hotplug.0', error: 'No such file or directory' (2)
06-04 14:07:51.162  1641  1641 E EmulatedCamera_HotplugThread: createFileIfNotExists: Could not create file '/data/misc/media/emulator.camera.hotplug.1', error: 'No such file or directory' (2)
06-04 14:07:51.163  1641  1641 I CamProvider@2.4-impl: Loaded "Emulated Camera Module" camera module
06-04 14:07:51.163  1641  1641 E CamProvider@2.4-impl: setUpVendorTags: Vendor tag operations not fully defined. Ignoring definitions.
06-04 14:07:51.163  1641  1641 E CamProvider@2.4-impl: initialize: Vendor tag setup failed, will not be available.
06-04 14:07:51.163  1641  1641 V EmulatedCamera_BaseCamera: getCameraInfo
06-04 14:07:51.163  1641  1641 V EmulatedCamera_BaseCamera: getCameraInfo
06-04 14:07:51.164  1641  1641 I ServiceManagement: Removing namespace from process name android.hardware.camera.provider@2.4-service to provider@2.4-service.
06-04 14:07:51.165  1641  1641 I android.hardware.camera.provider@2.4-service: Registration complete for android.hardware.camera.provider@2.4::ICameraProvider/legacy/0.
06-04 14:07:51.190  1659  1659 I ConfigStore: android::hardware::configstore::V1_0::ISurfaceFlingerConfigs::startGraphicsAllocatorService retrieved: 0
06-04 14:07:51.196  1659  1659 I SurfaceFlinger: Using HWComposer service: 'default'
06-04 14:07:51.196  1659  1659 I SurfaceFlinger: SurfaceFlinger is starting
06-04 14:07:51.199  1659  1659 I ConfigStore: android::hardware::configstore::V1_0::ISurfaceFlingerConfigs::vsyncEventPhaseOffsetNs retrieved: 1000000 (default)
06-04 14:07:51.200  1659  1659 I ConfigStore: android::hardware::configstore::V1_0::ISurfaceFlingerConfigs::vsyncSfEventPhaseOffsetNs retrieved: 1000000 (default)
06-04 14:07:51.200  1659  1659 I ConfigStore: android::hardware::configstore::V1_0::ISurfaceFlingerConfigs::hasSyncFramework retrieved: 1
06-04 14:07:51.201  1659  1659 I ConfigStore: android::hardware::configstore::V1_0::ISurfaceFlingerConfigs::presentTimeOffsetFromVSyncNs retrieved: 0
06-04 14:07:51.201  1659  1659 I ConfigStore: android::hardware::configstore::V1_0::ISurfaceFlingerConfigs::useHwcForRGBtoYUV retrieved: 0
06-04 14:07:51.201  1659  1659 I ConfigStore: android::hardware::configstore::V1_0::ISurfaceFlingerConfigs::maxVirtualDisplaySize retrieved: 0 (default)
06-04 14:07:51.202  1659  1659 I ConfigStore: android::hardware::configstore::V1_0::ISurfaceFlingerConfigs::useVrFlinger retrieved: 0 (default)
06-04 14:07:51.203  1659  1659 I ConfigStore: android::hardware::configstore::V1_0::ISurfaceFlingerConfigs::maxFrameBufferAcquiredBuffers retrieved: 3
06-04 14:07:51.203  1659  1659 I ConfigStore: android::hardware::configstore::V1_0::ISurfaceFlingerConfigs::hasWideColorDisplay retrieved: 0
06-04 14:07:51.204  1585  1585 W hwservicemanager: getTransport: Cannot find entry android.hardware.configstore@1.1::ISurfaceFlingerConfigs/default in either framework or device manifest.
06-04 14:07:51.204  1659  1659 I ConfigStore: android::hardware::configstore::V1_1::ISurfaceFlingerConfigs::primaryDisplayOrientation retrieved: ORIENTATION_0 (default)
06-04 14:07:51.204  1659  1659 I SurfaceFlinger: Enabling HWC virtual displays
06-04 14:07:51.204  1659  1659 I SurfaceFlinger: Disabling Triple Buffering
06-04 14:07:51.204  1659  1659 I SurfaceFlinger: Treble testing override: 'false'
06-04 14:07:51.204  1659  1659 I SurfaceFlinger: SurfaceFlinger's main thread ready to run. Initializing graphics H/W...
06-04 14:07:51.204  1659  1659 I SurfaceFlinger: Phase offest NS: 1000000
06-04 14:07:51.205  1659  1659 D libEGL  : Emulator has host GPU support, qemu.gles is set to 1.
06-04 14:07:51.208  1659  1659 E vndksupport: Could not load /vendor/lib/egl/libGLES_emulation.so from sphal namespace: dlopen failed: library "/vendor/lib/egl/libGLES_emulation.so" not found.
06-04 14:07:51.208  1659  1659 E libEGL  : load_driver(/vendor/lib/egl/libGLES_emulation.so): unknown
06-04 14:07:51.214  1659  1659 D libEGL  : loaded /vendor/lib/egl/libEGL_emulation.so
06-04 14:07:51.217  1659  1659 D libEGL  : loaded /vendor/lib/egl/libGLESv1_CM_emulation.so
06-04 14:07:51.228  1659  1659 D libEGL  : loaded /vendor/lib/egl/libGLESv2_emulation.so
06-04 14:07:51.234  1593  1593 I vold_prepare_subdirs: SELinux: Loaded file_contexts
06-04 14:07:51.235  1689  1689 D vold_prepare_subdirs: Setting up mode 700 uid 0 gid 0 context u:object_r:vold_data_file:s0 on path: /data/misc_de/0/vold
06-04 14:07:51.235  1689  1689 D vold_prepare_subdirs: Setting up mode 700 uid 0 gid 0 context u:object_r:storaged_data_file:s0 on path: /data/misc_de/0/storaged
06-04 14:07:51.236  1689  1689 D vold_prepare_subdirs: Setting up mode 700 uid 1000 gid 1000 context u:object_r:fingerprint_vendor_data_file:s0 on path: /data/vendor_de/0/fpdata
06-04 14:07:51.237  1659  1659 D HostConnection: HostConnection::get() New Host Connection established 0xf53a4410, tid 1659
06-04 14:07:51.249  1690  1690 I /system/bin/tzdatacheck: timezone distro dir /data/misc/zoneinfo/current does not exist. No action required.
06-04 14:07:51.256  1659  1659 D HostConnection: HostComposition ext ANDROID_EMU_CHECKSUM_HELPER_v1 ANDROID_EMU_native_sync_v2 ANDROID_EMU_native_sync_v3 ANDROID_EMU_native_sync_v4 ANDROID_EMU_dma_v1 ANDROID_EMU_YUV420_888_to_NV21 ANDROID_EMU_YUV_Cache ANDROID_EMU_sync_buffer_data GL_OES_vertex_array_object GL_KHR_texture_compression_astc_ldr ANDROID_EMU_host_side_tracing ANDROID_EMU_gles_max_version_2 
06-04 14:07:51.259  1659  1659 I ConfigStore: android::hardware::configstore::V1_0::ISurfaceFlingerConfigs::hasWideColorDisplay retrieved: 0
06-04 14:07:51.259  1659  1659 I ConfigStore: android::hardware::configstore::V1_0::ISurfaceFlingerConfigs::hasHDRDisplay retrieved: 0
06-04 14:07:51.260  1659  1659 I SurfaceFlinger: EGL information:
06-04 14:07:51.260  1659  1659 I SurfaceFlinger: vendor    : Android
06-04 14:07:51.260  1659  1659 I SurfaceFlinger: version   : 1.4 Android META-EGL
06-04 14:07:51.260  1659  1659 I SurfaceFlinger: extensions: EGL_KHR_get_all_proc_addresses EGL_ANDROID_presentation_time EGL_KHR_swap_buffers_with_damage EGL_ANDROID_get_native_client_buffer EGL_ANDROID_front_buffer_auto_refresh EGL_ANDROID_get_frame_timestamps EGL_EXT_surface_SMPTE2086_metadata EGL_EXT_surface_CTA861_3_metadata EGL_KHR_image EGL_KHR_image_base EGL_KHR_gl_texture_2D_image EGL_KHR_fence_sync EGL_ANDROID_image_native_buffer EGL_KHR_wait_sync EGL_ANDROID_recordable 
06-04 14:07:51.260  1659  1659 I SurfaceFlinger: Client API: OpenGL_ES
06-04 14:07:51.260  1659  1659 I SurfaceFlinger: EGLSurface: 8-8-8-8, config=0x1
06-04 14:07:51.276  1659  1659 D eglCodecCommon: setVertexArrayObject: set vao to 0 (0) 0 0
06-04 14:07:51.276  1659  1659 D EGL_emulation: eglCreateContext: 0xf53a0ae0: maj 2 min 0 rcv 2
06-04 14:07:51.283  1659  1659 D EGL_emulation: eglMakeCurrent: 0xf53a0ae0: ver 2 0 (tinfo 0xf539c310)
06-04 14:07:51.287  1659  1659 I SurfaceFlinger: OpenGL ES informations:
06-04 14:07:51.287  1659  1659 I SurfaceFlinger: vendor    : Google (ATI Technologies Inc.)
06-04 14:07:51.287  1659  1659 I SurfaceFlinger: renderer  : Android Emulator OpenGL ES Translator (AMD Radeon(TM) Graphics)
06-04 14:07:51.287  1659  1659 I SurfaceFlinger: version   : OpenGL ES 2.0 (4.5.0 Core Profile Context 23.11.1.231017)
06-04 14:07:51.287  1659  1659 I SurfaceFlinger: extensions: GL_EXT_debug_marker GL_EXT_robustness GL_OES_EGL_sync GL_OES_EGL_image GL_OES_EGL_image_external GL_OES_depth24 GL_OES_depth32 GL_OES_element_index_uint GL_OES_texture_float GL_OES_texture_float_linear GL_OES_compressed_ETC1_RGB8_texture GL_OES_depth_texture GL_OES_texture_half_float GL_OES_texture_half_float_linear GL_OES_packed_depth_stencil GL_OES_texture_npot GL_OES_rgb8_rgba8 GL_OVR_multiview2 GL_EXT_color_buffer_half_float GL_EXT_texture_format_BGRA8888 ANDROID_EMU_CHECKSUM_HELPER_v1 ANDROID_EMU_native_sync_v2 ANDROID_EMU_native_sync_v3 ANDROID_EMU_native_sync_v4 ANDROID_EMU_dma_v1 ANDROID_EMU_YUV420_888_to_NV21 ANDROID_EMU_YUV_Cache ANDROID_EMU_sync_buffer_data GL_OES_vertex_array_object GL_KHR_texture_compression_astc_ldr ANDROID_EMU_host_side_tracing ANDROID_EMU_gles_max_version_2 
06-04 14:07:51.288  1659  1659 I SurfaceFlinger: GL_MAX_TEXTURE_SIZE = 16384
06-04 14:07:51.288  1659  1659 I SurfaceFlinger: GL_MAX_VIEWPORT_DIMS = 16384
06-04 14:07:51.411  1649  1649 D HostConnection: HostComposition ext ANDROID_EMU_CHECKSUM_HELPER_v1 ANDROID_EMU_native_sync_v2 ANDROID_EMU_native_sync_v3 ANDROID_EMU_native_sync_v4 ANDROID_EMU_dma_v1 ANDROID_EMU_YUV420_888_to_NV21 ANDROID_EMU_YUV_Cache ANDROID_EMU_sync_buffer_data GL_OES_vertex_array_object GL_KHR_texture_compression_astc_ldr ANDROID_EMU_host_side_tracing ANDROID_EMU_gles_max_version_2 
06-04 14:07:51.418  1649  1649 D gralloc_ranchu: gralloc_alloc: Creating ashmem region of size 8298496
06-04 14:07:51.432  1649  1649 E eglCodecCommon: GoldfishAddressSpaceHostMemoryAllocator: ioctl_ping failed for device_type=5, ret=-1
06-04 14:07:51.432  1659  1659 D HostConnection: createUnique: call
06-04 14:07:51.434  1659  1659 D HostConnection: HostConnection::get() New Host Connection established 0xf53a5bd0, tid 1659
06-04 14:07:51.452  1659  1659 D HostConnection: HostComposition ext ANDROID_EMU_CHECKSUM_HELPER_v1 ANDROID_EMU_native_sync_v2 ANDROID_EMU_native_sync_v3 ANDROID_EMU_native_sync_v4 ANDROID_EMU_dma_v1 ANDROID_EMU_YUV420_888_to_NV21 ANDROID_EMU_YUV_Cache ANDROID_EMU_sync_buffer_data GL_OES_vertex_array_object GL_KHR_texture_compression_astc_ldr ANDROID_EMU_host_side_tracing ANDROID_EMU_gles_max_version_2 
06-04 14:07:51.452  1659  1659 E eglCodecCommon: GoldfishAddressSpaceHostMemoryAllocator: ioctl_ping failed for device_type=5, ret=-1
06-04 14:07:51.453  1659  1659 E HWComposer: getSupportedPerFrameMetadata: getSupportedPerFrameMetadata failed for display 0: Unsupported (8)
06-04 14:07:51.453  1649  1649 D gralloc_ranchu: gralloc_alloc: Creating ashmem region of size 8298496
06-04 14:07:51.456  1649  1696 D gralloc_ranchu: gralloc_alloc: Creating ashmem region of size 8298496
06-04 14:07:51.458  1657  1657 I FastMixerState: sMaxFastTracks = 8
06-04 14:07:51.462  1659  1659 D EGL_emulation: eglMakeCurrent: 0xf53a0ae0: ver 2 0 (tinfo 0xf539c310)
06-04 14:07:51.470  1657  1657 V MediaUtils: physMem: 2095849472
06-04 14:07:51.470  1657  1657 V MediaUtils: requested limit: 419169880
06-04 14:07:51.470  1657  1657 V MediaUtils: cfi shadow size: 32768
06-04 14:07:51.470  1657  1657 V MediaUtils: actual limit: 419202648
06-04 14:07:51.470  1657  1657 V MediaUtils: original limits: 4294967295/4294967295
06-04 14:07:51.470  1657  1657 V MediaUtils: new limits: 419202648/4294967295
06-04 14:07:51.471  1657  1657 I audioserver: ServiceManager: 0xea59aa60
06-04 14:07:51.473  1657  1657 W BatteryNotifier: batterystats service unavailable!
06-04 14:07:51.478  1585  1585 W hwservicemanager: getTransport: Cannot find entry android.hardware.audio@4.0::IDevicesFactory/msd in either framework or device manifest.
06-04 14:07:51.481  1657  1657 I AudioFlinger: Using default 3000 mSec as standby time.
06-04 14:07:51.488  1657  1657 I APM::ConfigParsingUtils: loadAudioPolicyConfig() loaded /vendor/etc/audio_policy.conf
06-04 14:07:51.495  1639  1699 D audio_hw_generic: Emulator host-side ALSA audio emulation detected.
06-04 14:07:51.495  1639  1699 D audio_hw_generic: mixer 0 name Master Playback Volume
06-04 14:07:51.495  1639  1699 D audio_hw_generic: set ctl 0 to 100
06-04 14:07:51.495  1639  1699 D audio_hw_generic: set ctl 1 to 100
06-04 14:07:51.495  1639  1699 D audio_hw_generic: mixer 1 name Master Playback Switch
06-04 14:07:51.495  1639  1699 D audio_hw_generic: set ctl 0 to 1
06-04 14:07:51.496  1639  1699 D audio_hw_generic: set ctl 1 to 1
06-04 14:07:51.496  1639  1699 D audio_hw_generic: mixer 2 name Capture Volume
06-04 14:07:51.496  1639  1699 D audio_hw_generic: set ctl 0 to 100
06-04 14:07:51.496  1639  1699 D audio_hw_generic: set ctl 1 to 100
06-04 14:07:51.496  1639  1699 D audio_hw_generic: mixer 3 name Capture Switch
06-04 14:07:51.496  1639  1699 D audio_hw_generic: set ctl 0 to 1
06-04 14:07:51.496  1639  1699 D audio_hw_generic: set ctl 1 to 1
06-04 14:07:51.496  1639  1699 D audio_hw_generic: mixer 4 name Line Phantom Jack
06-04 14:07:51.496  1639  1699 D audio_hw_generic: mixer 5 name Line Out Phantom Jack
06-04 14:07:51.496  1639  1699 D audio_hw_generic: mixer 6 name Playback Channel Map
06-04 14:07:51.496  1639  1699 D audio_hw_generic: mixer 7 name Capture Channel Map
06-04 14:07:51.499  1639  1699 W DeviceHAL: Error from HAL Device in function get_master_volume: Function not implemented
06-04 14:07:51.499  1639  1698 W DeviceHAL: Error from HAL Device in function get_master_mute: Function not implemented
06-04 14:07:51.500  1639  1698 W DeviceHAL: Error from HAL Device in function set_master_volume: Function not implemented
06-04 14:07:51.501  1639  1698 W DeviceHAL: Error from HAL Device in function set_master_mute: Function not implemented
06-04 14:07:51.501  1657  1657 I AudioFlinger: loadHwModule() Loaded primary audio interface, handle 10
06-04 14:07:51.501  1657  1657 I AudioFlinger: openOutput() this 0xea5bc000, module 10 Device 0x2, SamplingRate 48000, Format 0x000001, Channels 0x3, flags 0x2
06-04 14:07:51.504  1657  1657 I AudioFlinger: HAL output buffer size 720 frames, normal sink buffer size 1152 frames
06-04 14:07:51.528  1657  1657 I BufferProvider: found effect "Multichannel Downmix To Stereo" from The Android Open Source Project
06-04 14:07:51.532  1657  1710 I AudioFlinger: AudioFlinger's thread 0xe9b83240 tid=1710 ready to run
06-04 14:07:51.532  1657  1657 I AudioFlinger: Using module 10 as the primary audio interface
06-04 14:07:51.532  1657  1710 W AudioFlinger: no wake lock to update, system not ready yet
06-04 14:07:51.533  1657  1710 W AudioFlinger: no wake lock to update, system not ready yet
06-04 14:07:51.538  1657  1657 W AudioFlinger: moveEffects() bad srcOutput 0
06-04 14:07:51.545  1657  1712 I AudioFlinger: AudioFlinger's thread 0xe988a0c0 tid=1712 ready to run
06-04 14:07:51.552  1639  1699 I r_submix: adev_open(name=audio_hw_if)
06-04 14:07:51.553  1639  1699 I r_submix: adev_init_check()
06-04 14:07:51.554  1639  1699 W DeviceHAL: Error from HAL Device in function set_master_mute: Function not implemented
06-04 14:07:51.554  1657  1657 I AudioFlinger: loadHwModule() Loaded r_submix audio interface, handle 18
06-04 14:07:51.554  1639  1699 D r_submix: adev_open_input_stream(addr=0)
06-04 14:07:51.555  1639  1699 D r_submix: submix_audio_device_create_pipe_l(addr=0, idx=9)
06-04 14:07:51.555  1639  1699 D r_submix:   now using address 0 for route 9
06-04 14:07:51.557  1657  1713 I AudioFlinger: AudioFlinger's thread 0xe988a200 tid=1713 ready to run
06-04 14:07:51.558  1639  1699 D r_submix: adev_close_input_stream()
06-04 14:07:51.558  1639  1699 D r_submix: submix_audio_device_release_pipe_l(idx=9) addr=0
06-04 14:07:51.558  1639  1699 D r_submix: submix_audio_device_destroy_pipe_l(): pipe destroyed
06-04 14:07:51.559  1657  1657 I         : Waiting for activity service
06-04 14:07:51.641  1659  1659 D SurfaceFlinger: shader cache generated - 24 shaders in 178.350006 ms
06-04 14:07:51.644  1659  1659 D SurfaceFlinger: Set power mode=2, type=0 flinger=0xf53c3000
06-04 14:07:51.645  1659  1659 D SurfaceFlinger: Finished set power mode=2, type=0
06-04 14:07:51.878  1659  1684 E SurfaceFlinger: ro.sf.lcd_density must be defined as a build property
06-04 14:07:51.882  1715  1718 D libEGL  : Emulator has host GPU support, qemu.gles is set to 1.
06-04 14:07:51.883  1715  1718 E vndksupport: Could not load /vendor/lib/egl/libGLES_emulation.so from sphal namespace: dlopen failed: library "/vendor/lib/egl/libGLES_emulation.so" not found.
06-04 14:07:51.884  1715  1718 E libEGL  : load_driver(/vendor/lib/egl/libGLES_emulation.so): unknown
06-04 14:07:51.887  1715  1718 D libEGL  : loaded /vendor/lib/egl/libEGL_emulation.so
06-04 14:07:51.888  1715  1718 D libEGL  : loaded /vendor/lib/egl/libGLESv1_CM_emulation.so
06-04 14:07:51.898  1715  1718 D libEGL  : loaded /vendor/lib/egl/libGLESv2_emulation.so
06-04 14:07:51.905  1715  1718 D HostConnection: HostConnection::get() New Host Connection established 0xf14214a0, tid 1718
06-04 14:07:51.917  1715  1718 D HostConnection: HostComposition ext ANDROID_EMU_CHECKSUM_HELPER_v1 ANDROID_EMU_native_sync_v2 ANDROID_EMU_native_sync_v3 ANDROID_EMU_native_sync_v4 ANDROID_EMU_dma_v1 ANDROID_EMU_YUV420_888_to_NV21 ANDROID_EMU_YUV_Cache ANDROID_EMU_sync_buffer_data GL_OES_vertex_array_object GL_KHR_texture_compression_astc_ldr ANDROID_EMU_host_side_tracing ANDROID_EMU_gles_max_version_2 
06-04 14:07:51.922  1715  1718 I ConfigStore: android::hardware::configstore::V1_0::ISurfaceFlingerConfigs::hasWideColorDisplay retrieved: 0
06-04 14:07:51.923  1715  1718 I ConfigStore: android::hardware::configstore::V1_0::ISurfaceFlingerConfigs::hasHDRDisplay retrieved: 0
06-04 14:07:51.924  1649  1696 D gralloc_ranchu: gralloc_alloc: Creating ashmem region of size 8298496
06-04 14:07:51.931  1715  1718 D HostConnection: createUnique: call
06-04 14:07:51.931  1715  1718 D HostConnection: HostConnection::get() New Host Connection established 0xf14214f0, tid 1718
06-04 14:07:51.943  1715  1718 D HostConnection: HostComposition ext ANDROID_EMU_CHECKSUM_HELPER_v1 ANDROID_EMU_native_sync_v2 ANDROID_EMU_native_sync_v3 ANDROID_EMU_native_sync_v4 ANDROID_EMU_dma_v1 ANDROID_EMU_YUV420_888_to_NV21 ANDROID_EMU_YUV_Cache ANDROID_EMU_sync_buffer_data GL_OES_vertex_array_object GL_KHR_texture_compression_astc_ldr ANDROID_EMU_host_side_tracing ANDROID_EMU_gles_max_version_2 
06-04 14:07:51.943  1715  1718 E eglCodecCommon: GoldfishAddressSpaceHostMemoryAllocator: ioctl_ping failed for device_type=5, ret=-1
06-04 14:07:51.957  1715  1718 D eglCodecCommon: setVertexArrayObject: set vao to 0 (0) 0 0
06-04 14:07:51.957  1715  1718 D EGL_emulation: eglCreateContext: 0xf14194e0: maj 1 min 0 rcv 1
06-04 14:07:51.965  1715  1718 D EGL_emulation: eglMakeCurrent: 0xf14194e0: ver 1 0 (tinfo 0xf140f0b0)
06-04 14:07:52.239  1715  1718 D BootAnimation: BootAnimationShownTiming start time: 4239ms
06-04 14:07:52.239  1715  1720 E BootAnimation: Could not add watch for /data/system
06-04 14:07:52.262  1649  1696 D gralloc_ranchu: gralloc_alloc: Creating ashmem region of size 8298496
06-04 14:07:52.278  1659  1659 I SurfaceFlinger: Enter boot animation
06-04 14:07:52.280  1650  1693 E eglCodecCommon: GoldfishAddressSpaceHostMemoryAllocator: ioctl_ping failed for device_type=5, ret=-1
06-04 14:07:53.262  1585  1585 W hwservicemanager: getTransport: Cannot find entry android.hardware.keymaster@4.0::IKeymasterDevice/default in either framework or device manifest.
06-04 14:07:53.719  1593  1597 I chatty  : uid=0(root) Binder:1593_2 expire 1 line
06-04 14:07:53.759  1593  1679 I chatty  : uid=0(root) Binder:1593_2 expire 3825 lines
06-04 14:07:53.777  1649  1696 D gralloc_ranchu: gralloc_alloc: Creating ashmem region of size 8298496
06-04 14:07:59.306  1593  1679 V vold    : Copying 8 blocks at offset 1211203584
06-04 14:07:59.306  1593  1679 V vold    : Copying 8 blocks at offset 1211236352
06-04 14:07:59.307  1593  1679 V vold    : Copying 8 blocks at offset 1211269120
06-04 14:07:59.307  1593  1679 V vold    : Copying 8 blocks at offset 1211301888
06-04 14:07:59.308  1593  1679 V vold    : Copying 8 blocks at offset 1211334656
06-04 14:07:59.308  1593  1679 V vold    : Copying 8 blocks at offset 1211367424
06-04 14:07:59.309  1593  1679 V vold    : Copying 8 blocks at offset 1211400192
06-04 14:07:59.309  1593  1679 V vold    : Copying 8 blocks at offset 1211432960
06-04 14:07:59.309  1593  1679 V vold    : Copying 8 blocks at offset 1211465728
06-04 14:07:59.310  1593  1679 V vold    : Copying 8 blocks at offset 1211498496
06-04 14:07:59.311  1593  1679 V vold    : Copying 8 blocks at offset 1211531264
06-04 14:07:59.311  1593  1679 V vold    : Copying 8 blocks at offset 1211564032
06-04 14:07:59.312  1593  1679 V vold    : Copying 8 blocks at offset 1211596800
06-04 14:07:59.312  1593  1679 V vold    : Copying 3 blocks at offset 1211629568
06-04 14:07:59.707  1593  1679 I vold    : Encrypting group 10
06-04 14:07:59.708  1593  1679 V vold    : Copying 8 blocks at offset 1342177280
06-04 14:07:59.709  1593  1679 I vold    : Encrypted to sector 151455232
06-04 14:07:59.709  1593  1679 I vold    : Encrypting from sector 167772160
06-04 14:07:59.709  1593  1679 V vold    : Copying 8 blocks at offset 1342210048
06-04 14:07:59.710  1593  1679 V vold    : Copying 8 blocks at offset 1342242816
06-04 14:07:59.711  1593  1679 V vold    : Copying 8 blocks at offset 1342275584
06-04 14:07:59.711  1593  1679 V vold    : Copying 8 blocks at offset 1342308352
06-04 14:07:59.712  1593  1679 V vold    : Copying 8 blocks at offset 1342341120
06-04 14:07:59.712  1593  1679 V vold    : Copying 8 blocks at offset 1342373888
06-04 14:07:59.713  1593  1679 V vold    : Copying 8 blocks at offset 1342406656
06-04 14:07:59.713  1593  1679 V vold    : Copying 8 blocks at offset 1342439424
06-04 14:07:59.714  1593  1679 V vold    : Copying 8 blocks at offset 1342472192
06-04 14:07:59.714  1593  1679 V vold    : Copying 8 blocks at offset 1342504960
06-04 14:07:59.714  1593  1679 V vold    : Copying 8 blocks at offset 1342537728
06-04 14:07:59.715  1593  1679 V vold    : Copying 8 blocks at offset 1342570496
06-04 14:07:59.715  1593  1679 V vold    : Copying 8 blocks at offset 1342603264
06-04 14:07:59.716  1593  1679 V vold    : Copying 8 blocks at offset 1342636032
06-04 14:07:59.716  1593  1679 V vold    : Copying 8 blocks at offset 1342668800
06-04 14:07:59.716  1593  1679 V vold    : Copying 8 blocks at offset 1342701568
06-04 14:07:59.717  1593  1679 V vold    : Copying 8 blocks at offset 1342734336
06-04 14:07:59.717  1593  1679 V vold    : Copying 8 blocks at offset 1342767104
06-04 14:07:59.718  1593  1679 V vold    : Copying 8 blocks at offset 1342799872
06-04 14:07:59.718  1593  1679 V vold    : Copying 8 blocks at offset 1342832640
06-04 14:07:59.718  1593  1679 V vold    : Copying 8 blocks at offset 1342865408
06-04 14:07:59.719  1593  1679 V vold    : Copying 8 blocks at offset 1342898176
06-04 14:07:59.719  1593  1679 V vold    : Copying 8 blocks at offset 1342930944
06-04 14:07:59.720  1593  1679 V vold    : Copying 8 blocks at offset 1342963712
06-04 14:07:59.720  1593  1679 V vold    : Copying 8 blocks at offset 1342996480
06-04 14:07:59.721  1593  1679 V vold    : Copying 8 blocks at offset 1343029248
06-04 14:07:59.721  1593  1679 V vold    : Copying 8 blocks at offset 1343062016
06-04 14:07:59.721  1593  1679 V vold    : Copying 8 blocks at offset 1343094784
06-04 14:07:59.722  1593  1679 V vold    : Copying 8 blocks at offset 1343127552
06-04 14:07:59.722  1593  1679 V vold    : Copying 8 blocks at offset 1343160320
06-04 14:07:59.723  1593  1679 V vold    : Copying 8 blocks at offset 1343193088
06-04 14:07:59.723  1593  1679 V vold    : Copying 8 blocks at offset 1343225856
06-04 14:07:59.724  1593  1679 V vold    : Copying 8 blocks at offset 1343258624
06-04 14:07:59.724  1593  1679 V vold    : Copying 8 blocks at offset 1343291392
06-04 14:07:59.725  1593  1679 V vold    : Copying 8 blocks at offset 1343324160
06-04 14:07:59.726  1593  1679 V vold    : Copying 8 blocks at offset 1343356928
06-04 14:07:59.726  1593  1679 V vold    : Copying 8 blocks at offset 1343389696
06-04 14:07:59.727  1593  1679 V vold    : Copying 8 blocks at offset 1343422464
06-04 14:07:59.728  1593  1679 V vold    : Copying 8 blocks at offset 1343455232
06-04 14:07:59.728  1593  1679 V vold    : Copying 8 blocks at offset 1343488000
06-04 14:07:59.729  1593  1679 V vold    : Copying 8 blocks at offset 1343520768
06-04 14:07:59.729  1593  1679 V vold    : Copying 8 blocks at offset 1343553536
06-04 14:07:59.730  1593  1679 V vold    : Copying 8 blocks at offset 1343586304
06-04 14:07:59.731  1593  1679 V vold    : Copying 8 blocks at offset 1343619072
06-04 14:07:59.731  1593  1679 V vold    : Copying 8 blocks at offset 1343651840
06-04 14:07:59.732  1593  1679 V vold    : Copying 8 blocks at offset 1343684608
06-04 14:07:59.733  1593  1679 V vold    : Copying 8 blocks at offset 1343717376
06-04 14:07:59.734  1593  1679 V vold    : Copying 8 blocks at offset 1343750144
06-04 14:07:59.734  1593  1679 V vold    : Copying 8 blocks at offset 1343782912
06-04 14:07:59.734  1593  1679 V vold    : Copying 8 blocks at offset 1343815680
06-04 14:07:59.735  1593  1679 V vold    : Copying 8 blocks at offset 1343848448
06-04 14:07:59.735  1593  1679 V vold    : Copying 8 blocks at offset 1343881216
06-04 14:07:59.735  1593  1679 V vold    : Copying 8 blocks at offset 1343913984
06-04 14:07:59.736  1593  1679 V vold    : Copying 8 blocks at offset 1343946752
06-04 14:07:59.736  1593  1679 V vold    : Copying 8 blocks at offset 1343979520
06-04 14:07:59.737  1593  1679 V vold    : Copying 8 blocks at offset 1344012288
06-04 14:07:59.737  1593  1679 V vold    : Copying 8 blocks at offset 1344045056
06-04 14:07:59.737  1593  1679 V vold    : Copying 8 blocks at offset 1344077824
06-04 14:07:59.738  1593  1679 V vold    : Copying 8 blocks at offset 1344110592
06-04 14:07:59.739  1593  1679 V vold    : Copying 8 blocks at offset 1344143360
06-04 14:07:59.739  1593  1679 V vold    : Copying 8 blocks at offset 1344176128
06-04 14:07:59.740  1593  1679 V vold    : Copying 8 blocks at offset 1344208896
06-04 14:07:59.741  1593  1679 V vold    : Copying 8 blocks at offset 1344241664
06-04 14:07:59.741  1593  1679 V vold    : Copying 2 blocks at offset 1344274432
06-04 14:08:00.141  1593  1679 I vold    : Encrypting group 11
06-04 14:08:00.142  1593  1679 V vold    : Copying 8 blocks at offset 1476395008
06-04 14:08:00.142  1593  1679 I vold    : Encrypted to sector 168035328
06-04 14:08:00.142  1593  1679 I vold    : Encrypting from sector 184549376
06-04 14:08:00.143  1593  1679 V vold    : Copying 8 blocks at offset 1476427776
06-04 14:08:00.143  1593  1679 V vold    : Copying 8 blocks at offset 1476460544
06-04 14:08:00.144  1593  1679 V vold    : Copying 8 blocks at offset 1476493312
06-04 14:08:00.144  1593  1679 V vold    : Copying 8 blocks at offset 1476526080
06-04 14:08:00.145  1593  1679 V vold    : Copying 8 blocks at offset 1476558848
06-04 14:08:00.145  1593  1679 V vold    : Copying 8 blocks at offset 1476591616
06-04 14:08:00.146  1593  1679 V vold    : Copying 8 blocks at offset 1476624384
06-04 14:08:00.146  1593  1679 V vold    : Copying 8 blocks at offset 1476657152
06-04 14:08:00.147  1593  1679 V vold    : Copying 8 blocks at offset 1476689920
06-04 14:08:00.147  1593  1679 V vold    : Copying 8 blocks at offset 1476722688
06-04 14:08:00.148  1593  1679 V vold    : Copying 8 blocks at offset 1476755456
06-04 14:08:00.148  1593  1679 V vold    : Copying 8 blocks at offset 1476788224
06-04 14:08:00.149  1593  1679 V vold    : Copying 8 blocks at offset 1476820992
06-04 14:08:00.149  1593  1679 V vold    : Copying 8 blocks at offset 1476853760
06-04 14:08:00.150  1593  1679 V vold    : Copying 8 blocks at offset 1476886528
06-04 14:08:00.150  1593  1679 V vold    : Copying 8 blocks at offset 1476919296
06-04 14:08:00.150  1593  1679 V vold    : Copying 8 blocks at offset 1476952064
06-04 14:08:00.151  1593  1679 V vold    : Copying 8 blocks at offset 1476984832
06-04 14:08:00.152  1593  1679 V vold    : Copying 8 blocks at offset 1477017600
06-04 14:08:00.153  1593  1679 V vold    : Copying 8 blocks at offset 1477050368
06-04 14:08:00.153  1593  1679 V vold    : Copying 8 blocks at offset 1477083136
06-04 14:08:00.154  1593  1679 V vold    : Copying 8 blocks at offset 1477115904
06-04 14:08:00.156  1593  1679 V vold    : Copying 8 blocks at offset 1477148672
06-04 14:08:00.156  1593  1679 V vold    : Copying 8 blocks at offset 1477181440
06-04 14:08:00.157  1593  1679 V vold    : Copying 8 blocks at offset 1477214208
06-04 14:08:00.157  1593  1679 V vold    : Copying 8 blocks at offset 1477246976
06-04 14:08:00.158  1593  1679 V vold    : Copying 8 blocks at offset 1477279744
06-04 14:08:00.159  1593  1679 V vold    : Copying 8 blocks at offset 1477312512
06-04 14:08:00.159  1593  1679 V vold    : Copying 8 blocks at offset 1477345280
06-04 14:08:00.160  1593  1679 V vold    : Copying 8 blocks at offset 1477378048
06-04 14:08:00.161  1593  1679 V vold    : Copying 8 blocks at offset 1477410816
06-04 14:08:00.161  1593  1679 V vold    : Copying 8 blocks at offset 1477443584
06-04 14:08:00.162  1593  1679 V vold    : Copying 8 blocks at offset 1477476352
06-04 14:08:00.162  1593  1679 V vold    : Copying 8 blocks at offset 1477509120
06-04 14:08:00.163  1593  1679 V vold    : Copying 8 blocks at offset 1477541888
06-04 14:08:00.163  1593  1679 V vold    : Copying 8 blocks at offset 1477574656
06-04 14:08:00.163  1593  1679 V vold    : Copying 8 blocks at offset 1477607424
06-04 14:08:00.164  1593  1679 V vold    : Copying 8 blocks at offset 1477640192
06-04 14:08:00.164  1593  1679 V vold    : Copying 8 blocks at offset 1477672960
06-04 14:08:00.165  1593  1679 V vold    : Copying 8 blocks at offset 1477705728
06-04 14:08:00.165  1593  1679 V vold    : Copying 8 blocks at offset 1477738496
06-04 14:08:00.165  1593  1679 V vold    : Copying 8 blocks at offset 1477771264
06-04 14:08:00.166  1593  1679 V vold    : Copying 8 blocks at offset 1477804032
06-04 14:08:00.167  1593  1679 V vold    : Copying 8 blocks at offset 1477836800
06-04 14:08:00.167  1593  1679 V vold    : Copying 8 blocks at offset 1477869568
06-04 14:08:00.167  1593  1679 V vold    : Copying 8 blocks at offset 1477902336
06-04 14:08:00.168  1593  1679 V vold    : Copying 8 blocks at offset 1477935104
06-04 14:08:00.168  1593  1679 V vold    : Copying 8 blocks at offset 1477967872
06-04 14:08:00.169  1593  1679 V vold    : Copying 8 blocks at offset 1478000640
06-04 14:08:00.170  1593  1679 V vold    : Copying 8 blocks at offset 1478033408
06-04 14:08:00.171  1593  1679 V vold    : Copying 8 blocks at offset 1478066176
06-04 14:08:00.171  1593  1679 V vold    : Copying 8 blocks at offset 1478098944
06-04 14:08:00.171  1593  1679 V vold    : Copying 8 blocks at offset 1478131712
06-04 14:08:00.172  1593  1679 V vold    : Copying 8 blocks at offset 1478164480
06-04 14:08:00.173  1593  1679 V vold    : Copying 8 blocks at offset 1478197248
06-04 14:08:00.173  1593  1679 V vold    : Copying 8 blocks at offset 1478230016
06-04 14:08:00.174  1593  1679 V vold    : Copying 8 blocks at offset 1478262784
06-04 14:08:00.174  1593  1679 V vold    : Copying 8 blocks at offset 1478295552
06-04 14:08:00.176  1593  1679 V vold    : Copying 8 blocks at offset 1478328320
06-04 14:08:00.176  1593  1679 V vold    : Copying 8 blocks at offset 1478361088
06-04 14:08:00.177  1593  1679 V vold    : Copying 8 blocks at offset 1478393856
06-04 14:08:00.178  1593  1679 V vold    : Copying 8 blocks at offset 1478426624
06-04 14:08:00.178  1593  1679 V vold    : Copying 8 blocks at offset 1478459392
06-04 14:08:00.179  1593  1679 V vold    : Copying 2 blocks at offset 1478492160
06-04 14:08:00.624  1593  1679 I vold    : Encrypting group 12
06-04 14:08:00.624  1593  1679 V vold    : Copying 8 blocks at offset 1610612736
06-04 14:08:00.626  1593  1679 I vold    : Encrypted to sector 184812544
06-04 14:08:00.626  1593  1679 I vold    : Encrypting from sector 201326592
06-04 14:08:00.626  1593  1679 V vold    : Copying 8 blocks at offset 1610645504
06-04 14:08:00.626  1593  1679 V vold    : Copying 8 blocks at offset 1610678272
06-04 14:08:00.627  1593  1679 V vold    : Copying 8 blocks at offset 1610711040
06-04 14:08:00.628  1593  1679 V vold    : Copying 8 blocks at offset 1610743808
06-04 14:08:00.628  1593  1679 V vold    : Copying 8 blocks at offset 1610776576
06-04 14:08:00.628  1593  1679 V vold    : Copying 8 blocks at offset 1610809344
06-04 14:08:00.628  1593  1679 V vold    : Copying 8 blocks at offset 1610842112
06-04 14:08:00.629  1593  1679 V vold    : Copying 8 blocks at offset 1610874880
06-04 14:08:00.629  1593  1679 V vold    : Copying 8 blocks at offset 1610907648
06-04 14:08:00.630  1593  1679 V vold    : Copying 8 blocks at offset 1610940416
06-04 14:08:00.631  1593  1679 V vold    : Copying 8 blocks at offset 1610973184
06-04 14:08:00.631  1593  1679 V vold    : Copying 8 blocks at offset 1611005952
06-04 14:08:00.632  1593  1679 V vold    : Copying 8 blocks at offset 1611038720
06-04 14:08:00.632  1593  1679 V vold    : Copying 8 blocks at offset 1611071488
06-04 14:08:00.633  1593  1679 V vold    : Copying 8 blocks at offset 1611104256
06-04 14:08:00.633  1593  1679 V vold    : Copying 8 blocks at offset 1611137024
06-04 14:08:00.634  1593  1679 V vold    : Copying 8 blocks at offset 1611169792
06-04 14:08:00.634  1593  1679 V vold    : Copying 8 blocks at offset 1611202560
06-04 14:08:00.635  1593  1679 V vold    : Copying 8 blocks at offset 1611235328
06-04 14:08:00.636  1593  1679 V vold    : Copying 8 blocks at offset 1611268096
06-04 14:08:00.636  1593  1679 V vold    : Copying 8 blocks at offset 1611300864
06-04 14:08:00.637  1593  1679 V vold    : Copying 8 blocks at offset 1611333632
06-04 14:08:00.638  1593  1679 V vold    : Copying 8 blocks at offset 1611366400
06-04 14:08:00.639  1593  1679 V vold    : Copying 8 blocks at offset 1611399168
06-04 14:08:00.639  1593  1679 V vold    : Copying 8 blocks at offset 1611431936
06-04 14:08:00.640  1593  1679 V vold    : Copying 8 blocks at offset 1611464704
06-04 14:08:00.642  1593  1679 V vold    : Copying 8 blocks at offset 1611497472
06-04 14:08:00.643  1593  1679 V vold    : Copying 8 blocks at offset 1611530240
06-04 14:08:00.643  1593  1679 V vold    : Copying 8 blocks at offset 1611563008
06-04 14:08:00.644  1593  1679 V vold    : Copying 8 blocks at offset 1611595776
06-04 14:08:00.646  1593  1679 V vold    : Copying 8 blocks at offset 1611628544
06-04 14:08:00.646  1593  1679 V vold    : Copying 8 blocks at offset 1611661312
06-04 14:08:00.647  1593  1679 V vold    : Copying 8 blocks at offset 1611694080
06-04 14:08:00.647  1593  1679 V vold    : Copying 8 blocks at offset 1611726848
06-04 14:08:00.648  1593  1679 V vold    : Copying 8 blocks at offset 1611759616
06-04 14:08:00.648  1593  1679 V vold    : Copying 8 blocks at offset 1611792384
06-04 14:08:00.649  1593  1679 V vold    : Copying 8 blocks at offset 1611825152
06-04 14:08:00.649  1593  1679 V vold    : Copying 8 blocks at offset 1611857920
06-04 14:08:00.649  1593  1679 V vold    : Copying 8 blocks at offset 1611890688
06-04 14:08:00.650  1593  1679 V vold    : Copying 8 blocks at offset 1611923456
