06-04 14:08:22.705  1934  1934 I PackageManager: /system/priv-app/DownloadProviderUi changed; collecting certs
06-04 14:08:22.713  1934  1934 E PackageManager: Adding duplicate user id: 10015 name=com.android.providers.downloads.ui
06-04 14:08:22.753  1934  1934 I PackageManager: /system/priv-app/ContactsProvider changed; collecting certs
06-04 14:08:22.757  1934  1969 W PackageParser: Ignoring duplicate uses-permissions/uses-permissions-sdk-m: android.permission.CONFIGURE_WIFI_DISPLAY in package: com.android.systemui at: Binary XML file line #156
06-04 14:08:22.759  1934  1934 E PackageManager: Adding duplicate user id: 10014 name=com.android.providers.contacts
06-04 14:08:22.765  1934  1934 I PackageManager: /system/priv-app/SettingsProvider changed; collecting certs
06-04 14:08:22.774  1934  1934 E PackageManager: Adding duplicate shared id: 1000 name=com.android.providers.settings
06-04 14:08:22.780  1934  1934 I PackageManager: /system/priv-app/ProxyHandler changed; collecting certs
06-04 14:08:22.785  1934  1934 I PackageManager: /system/priv-app/MmsService changed; collecting certs
06-04 14:08:22.788  1934  1934 E PackageManager: Adding duplicate shared id: 1001 name=com.android.mms.service
06-04 14:08:22.792  1934  1934 I PackageManager: /system/priv-app/BackupRestoreConfirmation changed; collecting certs
06-04 14:08:22.801  1934  1934 I PackageManager: /system/priv-app/DocumentsUI changed; collecting certs
06-04 14:08:22.812  1934  1934 I PackageManager: /system/priv-app/GoogleExtServices changed; collecting certs
06-04 14:08:22.818  1934  1934 I PackageManager: /system/priv-app/GoogleSdkSetup changed; collecting certs
06-04 14:08:22.821  1934  1934 I PackageManager: /system/priv-app/ExternalStorageProvider changed; collecting certs
06-04 14:08:22.825  1934  1934 I PackageManager: /system/priv-app/SystemUIGoogle changed; collecting certs
06-04 14:08:22.834  1934  1934 E PackageManager: Adding duplicate user id: 10025 name=com.android.systemui
06-04 14:08:22.835  1934  1934 I PackageManager: /system/priv-app/ManagedProvisioning changed; collecting certs
06-04 14:08:22.839  1934  1934 I PackageManager: /system/priv-app/CallLogBackup changed; collecting certs
06-04 14:08:22.845  1934  1934 E PackageManager: Adding duplicate user id: 10014 name=com.android.calllogbackup
06-04 14:08:22.846  1934  1934 I PackageManager: /system/priv-app/MediaProvider changed; collecting certs
06-04 14:08:22.846  1934  1969 W PackageParser: Unknown element under <manifest>: meta-data at /system/priv-app/GoogleDialer/GoogleDialer.apk Binary XML file line #106
06-04 14:08:22.850  1934  1934 E PackageManager: Adding duplicate user id: 10015 name=com.android.providers.media
06-04 14:08:22.863  1934  1934 I PackageManager: /system/priv-app/GoogleServicesFramework changed; collecting certs
06-04 14:08:22.865  1934  1934 E PackageManager: Adding duplicate user id: 10013 name=com.google.android.gsf
06-04 14:08:22.868  1934  1934 I PackageManager: /system/priv-app/GoogleDialer changed; collecting certs
06-04 14:08:22.889  1934  1934 I PackageManager: /system/priv-app/SetupWizard changed; collecting certs
06-04 14:08:22.905  1934  1934 I PackageManager: /system/priv-app/VpnDialogs changed; collecting certs
06-04 14:08:22.912  1934  1934 I PackageManager: /system/priv-app/MtpDocumentsProvider changed; collecting certs
06-04 14:08:22.925  1934  1934 E PackageManager: Adding duplicate user id: 10015 name=com.android.mtp
06-04 14:08:22.927  1934  1969 W PackageParser: Ignoring duplicate uses-permissions/uses-permissions-sdk-m: com.google.android.providers.gsf.permission.READ_GSERVICES in package: com.google.android.ims at: Binary XML file line #32
06-04 14:08:22.929  1934  1934 I PackageManager: /system/priv-app/DefaultContainerService changed; collecting certs
06-04 14:08:22.937  1934  1934 I PackageManager: /system/priv-app/Settings changed; collecting certs
06-04 14:08:22.945  1934  1934 E PackageManager: Adding duplicate shared id: 1000 name=com.android.settings
06-04 14:08:22.947  1934  1934 I PackageManager: /system/priv-app/SharedStorageBackup changed; collecting certs
06-04 14:08:22.960  1934  1934 I PackageManager: /system/priv-app/CarrierServices changed; collecting certs
06-04 14:08:22.973  1934  1934 I PackageManager: /system/priv-app/StatementService changed; collecting certs
06-04 14:08:22.982  1934  1934 I PackageManager: /system/priv-app/MusicFX changed; collecting certs
06-04 14:08:22.989  1934  1934 I PackageManager: /system/priv-app/WallpaperPickerGooglePrebuilt changed; collecting certs
06-04 14:08:22.999  1934  1943 I chatty  : uid=1000(system) HeapTaskDaemon expire 2 lines
06-04 14:08:23.013  1934  1970 W PackageParser: No actions in intent filter at /system/priv-app/Contacts/Contacts.apk Binary XML file line #443
06-04 14:08:23.022  1934  1934 I PackageManager: /system/priv-app/Phonesky changed; collecting certs
06-04 14:08:23.037  1934  1934 I PackageManager: /system/priv-app/Contacts changed; collecting certs
06-04 14:08:23.052  1934  1934 I PackageManager: /system/priv-app/CalendarProvider changed; collecting certs
06-04 14:08:23.056  1934  1970 W PackageParser: Ignoring duplicate uses-permissions/uses-permissions-sdk-m: android.permission.INSTALL_GRANT_RUNTIME_PERMISSIONS in package: com.android.shell at: Binary XML file line #111
06-04 14:08:23.066  1934  1934 E PackageManager: Adding duplicate user id: 10038 name=com.android.providers.calendar
06-04 14:08:23.071  1934  1934 I PackageManager: /system/priv-app/CellBroadcastReceiver changed; collecting certs
06-04 14:08:23.078  1934  1934 I PackageManager: /system/priv-app/CarrierConfig changed; collecting certs
06-04 14:08:23.088  1934  1934 I PackageManager: /system/priv-app/Shell changed; collecting certs
06-04 14:08:23.094  1934  1934 E PackageManager: Adding duplicate shared id: 2000 name=com.android.shell
06-04 14:08:23.166  1934  1934 I PackageManager: /system/priv-app/PrebuiltGmsCore changed; collecting certs
06-04 14:08:23.183  1934  1934 E PackageManager: Adding duplicate user id: 10013 name=com.google.android.gms
06-04 14:08:23.265  1934  1969 W PackageParser: No actions in intent filter at /system/priv-app/Velvet/Velvet.apk Binary XML file line #3049
06-04 14:08:23.277  1934  1934 I PackageManager: /system/priv-app/Velvet changed; collecting certs
06-04 14:08:23.312  1934  1934 I PackageManager: /system/app/WallpaperBackup changed; collecting certs
06-04 14:08:23.317  1934  1934 E PackageManager: Adding duplicate shared id: 1000 name=com.android.wallpaperbackup
06-04 14:08:23.320  1934  1934 I PackageManager: /system/app/HTMLViewer changed; collecting certs
06-04 14:08:23.328  1934  1934 I PackageManager: /system/app/Browser2 changed; collecting certs
06-04 14:08:23.331  1934  1934 I PackageManager: /system/app/BuiltInPrintService changed; collecting certs
06-04 14:08:23.342  1934  1934 I PackageManager: /system/app/EasterEgg changed; collecting certs
06-04 14:08:23.348  1934  1934 I PackageManager: /system/app/BluetoothMidiService changed; collecting certs
06-04 14:08:23.360  1934  1934 I PackageManager: /system/app/GoogleExtShared changed; collecting certs
06-04 14:08:23.365  1934  1934 I PackageManager: /system/app/NexusWallpapersStubPrebuilt changed; collecting certs
06-04 14:08:23.365  1934  1977 W PackageParser: Ignoring duplicate uses-permissions/uses-permissions-sdk-m: android.permission.CHANGE_WIFI_STATE in package: com.android.nfc at: Binary XML file line #47
06-04 14:08:23.366  1934  1977 W PackageParser: Ignoring duplicate uses-permissions/uses-permissions-sdk-m: android.permission.ACCESS_WIFI_STATE in package: com.android.nfc at: Binary XML file line #48
06-04 14:08:23.370  1934  1934 I PackageManager: /system/app/Traceur changed; collecting certs
06-04 14:08:23.382  1934  1934 I PackageManager: /system/app/NfcNci changed; collecting certs
06-04 14:08:23.389  1934  1934 E PackageManager: Adding duplicate shared id: 1027 name=com.android.nfc
06-04 14:08:23.391  1934  1934 I PackageManager: /system/app/SecureElement changed; collecting certs
06-04 14:08:23.394  1934  1934 E PackageManager: Adding duplicate shared id: 1068 name=com.android.se
06-04 14:08:23.397  1934  1934 I PackageManager: /system/app/WebViewStub changed; collecting certs
06-04 14:08:23.409  1934  1934 I PackageManager: /system/app/GoogleTTS changed; collecting certs
06-04 14:08:23.432  1934  1934 I PackageManager: /system/app/GooglePinyinIME changed; collecting certs
06-04 14:08:23.444  1934  1934 I PackageManager: /system/app/PartnerBookmarksProvider changed; collecting certs
06-04 14:08:23.448  1934  1974 W PackageParser: No actions in intent filter at /system/app/Photos/Photos.apk Binary XML file line #1725
06-04 14:08:23.448  1934  1934 I PackageManager: /system/app/PrebuiltDeskClockGoogle changed; collecting certs
06-04 14:08:23.465  1934  1934 I PackageManager: /system/app/CertInstaller changed; collecting certs
06-04 14:08:23.468  1934  1934 I PackageManager: /system/app/Photos changed; collecting certs
06-04 14:08:23.487  1934  1975 W PackageParser: Ignoring duplicate uses-permissions/uses-permissions-sdk-m: android.permission.GET_ACCOUNTS in package: com.google.android.apps.tachyon at: Binary XML file line #58
06-04 14:08:23.491  1934  1934 I PackageManager: /system/app/KeyChain changed; collecting certs
06-04 14:08:23.495  1934  1976 W PackageParser: No actions in intent filter at /system/app/PrebuiltGmail/PrebuiltGmail.apk Binary XML file line #701
06-04 14:08:23.496  1934  1976 W PackageParser: No actions in intent filter at /system/app/PrebuiltGmail/PrebuiltGmail.apk Binary XML file line #766
06-04 14:08:23.499  1934  1934 E PackageManager: Adding duplicate shared id: 1000 name=com.android.keychain
06-04 14:08:23.513  1934  1934 I PackageManager: /system/app/LiveWallpapersPicker changed; collecting certs
06-04 14:08:23.517  1934  1934 I PackageManager: /system/app/Duo changed; collecting certs
06-04 14:08:23.682  1934  1976 W PackageParser: Ignoring duplicate uses-permissions/uses-permissions-sdk-m: android.permission.READ_CONTACTS in package: com.android.bluetooth at: Binary XML file line #61
06-04 14:08:23.686  1934  1976 W PackageParser: No actions in intent filter at /system/app/Bluetooth/Bluetooth.apk Binary XML file line #227
06-04 14:08:23.718  1786  1819 I ServiceManager: Waiting for service package_native...
06-04 14:08:23.812  1934  1934 I PackageManager: /system/app/PrebuiltGmail changed; collecting certs
06-04 14:08:23.818  1934  1934 I PackageManager: /system/app/Camera2 changed; collecting certs
06-04 14:08:23.823  1934  1934 I PackageManager: /system/app/WAPPushManager changed; collecting certs
06-04 14:08:23.825  1934  1934 I PackageManager: /system/app/CtsShimPrebuilt changed; collecting certs
06-04 14:08:23.830  1934  1934 I PackageManager: /system/app/BookmarkProvider changed; collecting certs
06-04 14:08:23.833  1934  1934 I PackageManager: /system/app/CompanionDeviceManager changed; collecting certs
06-04 14:08:23.835  1934  1934 I PackageManager: /system/app/Music2 changed; collecting certs
06-04 14:08:23.840  1934  1934 I PackageManager: /system/app/Maps changed; collecting certs
06-04 14:08:23.855  1934  1934 E PackageManager: Adding duplicate user id: 10066 name=com.google.android.apps.maps
06-04 14:08:23.857  1934  1934 I PackageManager: /system/app/YouTube changed; collecting certs
06-04 14:08:23.888  1934  1934 I PackageManager: /system/app/GoogleHindiIME changed; collecting certs
06-04 14:08:23.895  1934  1934 I PackageManager: /system/app/BasicDreams changed; collecting certs
06-04 14:08:23.901  1934  1934 I PackageManager: /system/app/SimAppDialog changed; collecting certs
06-04 14:08:23.906  1934  1934 I PackageManager: /system/app/Bluetooth changed; collecting certs
06-04 14:08:23.911  1934  1934 E PackageManager: Adding duplicate shared id: 1002 name=com.android.bluetooth
06-04 14:08:23.913  1934  1934 I PackageManager: /system/app/LatinIMEGooglePrebuilt changed; collecting certs
06-04 14:08:23.927  1934  1934 I PackageManager: /system/app/GooglePrintRecommendationService changed; collecting certs
06-04 14:08:23.936  1934  1974 W PackageParser: No actions in intent filter at /system/app/CarrierDefaultApp/CarrierDefaultApp.apk Binary XML file line #52
06-04 14:08:23.941  1934  1934 I PackageManager: /system/app/CaptivePortalLogin changed; collecting certs
06-04 14:08:23.945  1934  1934 I PackageManager: /system/app/GoogleContactsSyncAdapter changed; collecting certs
06-04 14:08:23.948  1934  1934 I PackageManager: /system/app/WallpapersBReel changed; collecting certs
06-04 14:08:23.952  1934  1934 I PackageManager: /system/app/Drive changed; collecting certs
06-04 14:08:23.961  1934  1934 I PackageManager: /system/app/Videos changed; collecting certs
06-04 14:08:23.966  1934  1934 I PackageManager: /system/app/PrintSpooler changed; collecting certs
06-04 14:08:23.971  1934  1934 I PackageManager: /system/app/ExactCalculator changed; collecting certs
06-04 14:08:23.974  1934  1934 I PackageManager: /system/app/CalendarGooglePrebuilt changed; collecting certs
06-04 14:08:23.978  1934  1934 E PackageManager: Adding duplicate user id: 10080 name=com.google.android.calendar
06-04 14:08:23.979  1934  1934 I PackageManager: /system/app/PacProcessor changed; collecting certs
06-04 14:08:23.984  1934  1934 I PackageManager: /system/app/CarrierDefaultApp changed; collecting certs
06-04 14:08:23.988  1934  1934 I PackageManager: /system/app/WallpapersUsTwo changed; collecting certs
06-04 14:08:23.995  1934  1975 W PackageParser: No actions in intent filter at /system/app/PrebuiltBugle/PrebuiltBugle.apk Binary XML file line #1024
06-04 14:08:23.997  1934  1934 I PackageManager: /system/app/Chrome changed; collecting certs
06-04 14:08:24.002  1934  1934 I PackageManager: /system/app/PrebuiltBugle changed; collecting certs
06-04 14:08:24.009  1934  1934 I PackageManager: Finished scanning system apps. Time: 1632 ms, packageCount: 109 , timePerPackage: 14 , cached: 0
06-04 14:08:24.009  1934  1934 I PackageManager: Finished scanning non-system apps. Time: 0 ms, packageCount: 0 , timePerPackage: 0 , cached: 0
06-04 14:08:24.013  1934  1934 I PackageManager: Time to scan packages: 1.636 seconds
06-04 14:08:24.020  1934  1934 W PackageSettings: No potential matches found for Intent { act=android.intent.action.EDIT typ=image/bmp } while setting preferred com.google.android.apps.plus/.editor.PlusEditorActivity
06-04 14:08:24.021  1934  1934 W PackageSettings: No potential matches found for Intent { act=android.intent.action.EDIT typ=image/jpeg } while setting preferred com.google.android.apps.plus/.editor.PlusEditorActivity
06-04 14:08:24.021  1934  1934 W PackageSettings: No potential matches found for Intent { act=android.intent.action.EDIT typ=image/gif } while setting preferred com.google.android.apps.plus/.editor.PlusEditorActivity
06-04 14:08:24.021  1934  1934 W PackageSettings: No potential matches found for Intent { act=android.intent.action.EDIT typ=image/png } while setting preferred com.google.android.apps.plus/.editor.PlusEditorActivity
06-04 14:08:24.021  1934  1934 W PackageSettings: No potential matches found for Intent { act=android.intent.action.EDIT typ=image/webp } while setting preferred com.google.android.apps.plus/.editor.PlusEditorActivity
06-04 14:08:24.021  1934  1934 W PackageSettings: No potential matches found for Intent { act=android.intent.action.EDIT typ=image/x-ms-bmp } while setting preferred com.google.android.apps.plus/.editor.PlusEditorActivity
06-04 14:08:24.021  1934  1934 W PackageSettings: No potential matches found for Intent { act=android.intent.action.EDIT typ=image/vnd.wap.wbmp } while setting preferred com.google.android.apps.plus/.editor.PlusEditorActivity
06-04 14:08:24.021  1934  1934 W PackageSettings: No potential matches found for Intent { act=com.android.camera.action.CROP typ=image/bmp } while setting preferred com.google.android.apps.plus/.editor.PlusCropActivity
06-04 14:08:24.021  1934  1934 W PackageSettings: No potential matches found for Intent { act=com.android.camera.action.CROP typ=image/jpeg } while setting preferred com.google.android.apps.plus/.editor.PlusCropActivity
06-04 14:08:24.021  1934  1934 W PackageSettings: No potential matches found for Intent { act=com.android.camera.action.CROP typ=image/gif } while setting preferred com.google.android.apps.plus/.editor.PlusCropActivity
06-04 14:08:24.021  1934  1934 W PackageSettings: No potential matches found for Intent { act=com.android.camera.action.CROP typ=image/png } while setting preferred com.google.android.apps.plus/.editor.PlusCropActivity
06-04 14:08:24.021  1934  1934 W PackageSettings: No potential matches found for Intent { act=com.android.camera.action.CROP typ=image/webp } while setting preferred com.google.android.apps.plus/.editor.PlusCropActivity
06-04 14:08:24.021  1934  1934 W PackageSettings: No potential matches found for Intent { act=com.android.camera.action.CROP typ=image/x-ms-bmp } while setting preferred com.google.android.apps.plus/.editor.PlusCropActivity
06-04 14:08:24.021  1934  1934 W PackageSettings: No potential matches found for Intent { act=com.android.camera.action.CROP typ=image/vnd.wap.wbmp } while setting preferred com.google.android.apps.plus/.editor.PlusCropActivity
06-04 14:08:24.022  1934  1934 W PackageSettings: No potential matches found for Intent { act=android.intent.action.MAIN cat=[android.intent.category.APP_GALLERY] } while setting preferred com.google.android.apps.photos/.home.HomeActivity
06-04 14:08:24.022  1934  1934 W PackageSettings: No potential matches found for Intent { act=android.intent.action.EDIT typ=application/vnd.openxmlformats-officedocument.spreadsheetml.sheet } while setting preferred com.google.android.apps.docs.editors.sheets/com.google.android.apps.docs.editors.trix.quicksheet.QuickSheetDocumentOpenerActivityAlias
06-04 14:08:24.022  1934  1934 W PackageSettings: No potential matches found for Intent { act=android.intent.action.EDIT typ=application/vnd.ms-excel.sheet.macroenabled.12 } while setting preferred com.google.android.apps.docs.editors.sheets/com.google.android.apps.docs.editors.trix.quicksheet.QuickSheetDocumentOpenerActivityAlias
06-04 14:08:24.022  1934  1934 W PackageSettings: No potential matches found for Intent { act=android.intent.action.EDIT typ=application/vnd.ms-excel } while setting preferred com.google.android.apps.docs.editors.sheets/com.google.android.apps.docs.editors.trix.quicksheet.QuickSheetDocumentOpenerActivityAlias
06-04 14:08:24.022  1934  1934 W PackageSettings: No potential matches found for Intent { act=android.intent.action.EDIT typ=application/vnd.ms-excel.addin.macroenabled.12 } while setting preferred com.google.android.apps.docs.editors.sheets/com.google.android.apps.docs.editors.trix.quicksheet.QuickSheetDocumentOpenerActivityAlias
06-04 14:08:24.022  1934  1934 W PackageSettings: No potential matches found for Intent { act=android.intent.action.EDIT typ=application/vnd.ms-excel.template.macroenabled.12 } while setting preferred com.google.android.apps.docs.editors.sheets/com.google.android.apps.docs.editors.trix.quicksheet.QuickSheetDocumentOpenerActivityAlias
06-04 14:08:24.022  1934  1934 W PackageSettings: No potential matches found for Intent { act=android.intent.action.EDIT typ=application/vnd.openxmlformats-officedocument.spreadsheetml.template } while setting preferred com.google.android.apps.docs.editors.sheets/com.google.android.apps.docs.editors.trix.quicksheet.QuickSheetDocumentOpenerActivityAlias
06-04 14:08:24.022  1934  1934 W PackageSettings: No potential matches found for Intent { act=android.intent.action.EDIT typ=application/x-msexcel } while setting preferred com.google.android.apps.docs.editors.sheets/com.google.android.apps.docs.editors.trix.quicksheet.QuickSheetDocumentOpenerActivityAlias
06-04 14:08:24.022  1934  1934 W PackageSettings: No potential matches found for Intent { act=android.intent.action.EDIT typ=application/vnd.ms-word } while setting preferred com.google.android.apps.docs.editors.docs/com.google.android.apps.docs.editors.kix.quickword.QuickWordDocumentOpenerActivityAlias
06-04 14:08:24.022  1934  1934 W PackageSettings: No potential matches found for Intent { act=android.intent.action.EDIT typ=application/vnd.openxmlformats-officedocument.wordprocessingml.document } while setting preferred com.google.android.apps.docs.editors.docs/com.google.android.apps.docs.editors.kix.quickword.QuickWordDocumentOpenerActivityAlias
06-04 14:08:24.022  1934  1934 W PackageSettings: No potential matches found for Intent { act=android.intent.action.EDIT typ=application/vnd.ms-word.document.macroenabled.12 } while setting preferred com.google.android.apps.docs.editors.docs/com.google.android.apps.docs.editors.kix.quickword.QuickWordDocumentOpenerActivityAlias
06-04 14:08:24.022  1934  1934 W PackageSettings: No potential matches found for Intent { act=android.intent.action.EDIT typ=application/msword } while setting preferred com.google.android.apps.docs.editors.docs/com.google.android.apps.docs.editors.kix.quickword.QuickWordDocumentOpenerActivityAlias
06-04 14:08:24.022  1934  1934 W PackageSettings: No potential matches found for Intent { act=android.intent.action.EDIT typ=application/vnd.ms-word.template.macroenabled.12 } while setting preferred com.google.android.apps.docs.editors.docs/com.google.android.apps.docs.editors.kix.quickword.QuickWordDocumentOpenerActivityAlias
06-04 14:08:24.022  1934  1934 W PackageSettings: No potential matches found for Intent { act=android.intent.action.EDIT typ=application/vnd.openxmlformats-officedocument.wordprocessingml.template } while setting preferred com.google.android.apps.docs.editors.docs/com.google.android.apps.docs.editors.kix.quickword.QuickWordDocumentOpenerActivityAlias
06-04 14:08:24.022  1934  1934 W PackageSettings: No potential matches found for Intent { act=android.intent.action.EDIT typ=application/x-msword } while setting preferred com.google.android.apps.docs.editors.docs/com.google.android.apps.docs.editors.kix.quickword.QuickWordDocumentOpenerActivityAlias
06-04 14:08:24.022  1934  1934 W PackageSettings: No potential matches found for Intent { act=android.intent.action.EDIT typ=application/vnd.openxmlformats-officedocument.presentationml.presentation } while setting preferred com.google.android.apps.docs.editors.slides/com.google.android.apps.docs.editors.kix.quickword.QuickWordDocumentOpenerActivityAlias
06-04 14:08:24.022  1934  1934 W PackageSettings: No potential matches found for Intent { act=android.intent.action.EDIT typ=application/vnd.ms-powerpoint } while setting preferred com.google.android.apps.docs.editors.slides/com.google.android.apps.docs.editors.kix.quickword.QuickWordDocumentOpenerActivityAlias
06-04 14:08:24.022  1934  1934 W PackageSettings: No potential matches found for Intent { act=android.intent.action.EDIT typ=application/vnd.openxmlformats-officedocument.presentationml.template } while setting preferred com.google.android.apps.docs.editors.slides/com.google.android.apps.docs.editors.kix.quickword.QuickWordDocumentOpenerActivityAlias
06-04 14:08:24.022  1934  1934 W PackageSettings: No potential matches found for Intent { act=android.intent.action.EDIT typ=application/vnd.ms-powerpoint.presentation.macroenabled.12 } while setting preferred com.google.android.apps.docs.editors.slides/com.google.android.apps.docs.editors.kix.quickword.QuickWordDocumentOpenerActivityAlias
06-04 14:08:24.022  1934  1934 W PackageSettings: No potential matches found for Intent { act=android.intent.action.EDIT typ=application/vnd.openxmlformats-officedocument.presentationml.slideshow } while setting preferred com.google.android.apps.docs.editors.slides/com.google.android.apps.docs.editors.kix.quickword.QuickWordDocumentOpenerActivityAlias
06-04 14:08:24.022  1934  1934 W PackageSettings: No potential matches found for Intent { act=android.intent.action.EDIT typ=application/vnd.ms-powerpoint.slideshow.macroenabled.12 } while setting preferred com.google.android.apps.docs.editors.slides/com.google.android.apps.docs.editors.kix.quickword.QuickWordDocumentOpenerActivityAlias
06-04 14:08:24.022  1934  1934 W PackageSettings: No potential matches found for Intent { act=android.intent.action.EDIT typ=application/x-mspowerpoint } while setting preferred com.google.android.apps.docs.editors.slides/com.google.android.apps.docs.editors.kix.quickword.QuickWordDocumentOpenerActivityAlias
06-04 14:08:24.031  1934  1934 W PackageManager: Unknown package com.google.android.apps.docs.editors.docs in sysconfig <app-link>
06-04 14:08:24.031  1934  1934 W PackageManager: Unknown package com.google.android.apps.docs.editors.sheets in sysconfig <app-link>
06-04 14:08:24.031  1934  1934 W PackageManager: Unknown package com.google.android.apps.docs.editors.slides in sysconfig <app-link>
06-04 14:08:24.031  1934  1934 W PackageManager: Unknown package com.google.android.apps.plus in sysconfig <app-link>
06-04 14:08:24.032  1934  1934 W PackageManager: Unknown package com.google.android.apps.tycho in sysconfig <app-link>
06-04 14:08:24.032  1934  1934 W PackageManager: Unknown package com.google.android.talk in sysconfig <app-link>
06-04 14:08:24.032  1934  1934 V PackageManager: reconcileAppsData for null u0 0x3 migrateAppData=true
06-04 14:08:24.035  1778  1795 I SELinux : SELinux: Loaded file_contexts
06-04 14:08:24.041  1778  1795 W installd: Requested default storage /data/user_de/0/com.google.android.ext.services is not active; migrating from /data/data/com.google.android.ext.services
06-04 14:08:24.046  1778  1795 W installd: Requested default storage /data/user_de/0/com.android.providers.telephony is not active; migrating from /data/data/com.android.providers.telephony
06-04 14:08:24.052  1778  1795 W installd: Requested default storage /data/user_de/0/com.google.android.ext.shared is not active; migrating from /data/data/com.google.android.ext.shared
06-04 14:08:24.068  1778  1795 W installd: Requested default storage /data/user_de/0/com.android.defcontainer is not active; migrating from /data/data/com.android.defcontainer
06-04 14:08:24.078  1778  1795 W installd: Requested default storage /data/user_de/0/android is not active; migrating from /data/data/android
06-04 14:08:24.082  1778  1795 W installd: Requested default storage /data/user_de/0/com.android.providers.settings is not active; migrating from /data/data/com.android.providers.settings
06-04 14:08:24.087  1778  1795 W installd: Requested default storage /data/user_de/0/com.android.inputdevices is not active; migrating from /data/data/com.android.inputdevices
06-04 14:08:24.097  1778  1795 W installd: Requested default storage /data/user_de/0/com.android.server.telecom is not active; migrating from /data/data/com.android.server.telecom
06-04 14:08:24.101  1778  1795 W installd: Requested default storage /data/user_de/0/com.google.android.packageinstaller is not active; migrating from /data/data/com.google.android.packageinstaller
06-04 14:08:24.105  1778  1795 W installd: Requested default storage /data/user_de/0/com.android.proxyhandler is not active; migrating from /data/data/com.android.proxyhandler
06-04 14:08:24.111  1778  1795 W installd: Requested default storage /data/user_de/0/com.android.settings is not active; migrating from /data/data/com.android.settings
06-04 14:08:24.118  1778  1795 W installd: Requested default storage /data/user_de/0/com.android.phone is not active; migrating from /data/data/com.android.phone
06-04 14:08:24.125  1778  1795 W installd: Requested default storage /data/user_de/0/com.android.shell is not active; migrating from /data/data/com.android.shell
06-04 14:08:24.132  1778  1795 W installd: Requested default storage /data/user_de/0/com.android.location.fused is not active; migrating from /data/data/com.android.location.fused
06-04 14:08:24.137  1778  1795 W installd: Requested default storage /data/user_de/0/com.android.systemui is not active; migrating from /data/data/com.android.systemui
06-04 14:08:24.146  1934  1934 V PackageManager: reconcileAppsData finished 18 packages
06-04 14:08:24.147  1778  1795 W installd: Ignoring /data/data/com.android.defcontainer/lib with unexpected GID 0 instead of 10030
06-04 14:08:24.148  1778  1795 W installd: Ignoring /data/data/com.google.android.inputmethod.latin/lib with unexpected GID 0 instead of 10071
06-04 14:08:24.148  1778  1795 W installd: Ignoring /data/user_de/0/com.android.defcontainer/lib with unexpected GID 0 instead of 10030
06-04 14:08:24.208  1934  1934 I SystemServer: StartOtaDexOptService
06-04 14:08:24.209  1934  1934 D OTADexopt: No upgrade, skipping A/B artifacts check.
06-04 14:08:24.209  1934  1934 I SystemServer: StartUserManagerService
06-04 14:08:24.209  1934  1934 I SystemServiceManager: Starting com.android.server.pm.UserManagerService$LifeCycle
06-04 14:08:24.210  1934  1934 I SystemServer: InitAttributerCache
06-04 14:08:24.211  1934  1934 I SystemServer: SetSystemProcess
06-04 14:08:24.219  1658  1658 I lowmemorykiller: lmkd data connection established
06-04 14:08:24.229  1786  1819 I storaged: storaged: Start
06-04 14:08:24.230  1786  1819 E storaged: getDiskStats failed with result NOT_SUPPORTED and size 0
06-04 14:08:24.231  1934  1934 I SystemServer: StartOverlayManagerService
06-04 14:08:24.234  1585  1585 W hwservicemanager: getTransport: Cannot find entry android.hardware.soundtrigger@2.0::ISoundTriggerHw/default in either framework or device manifest.
06-04 14:08:24.234  1657  1657 E SoundTriggerHwService: could not read implementation properties
06-04 14:08:24.237  1934  1934 I SystemServer: StartBatteryService
06-04 14:08:24.237  1934  1934 I SystemServiceManager: Starting com.android.server.BatteryService
06-04 14:08:24.237  1934  1988 I chatty  : uid=1000 system_server expire 5 lines
06-04 14:08:24.252  1934  1952 E BatteryExternalStatsWorker: no controller energy info supplied for telephony
06-04 14:08:24.252  1934  1952 E KernelUidCpuFreqTimeReader: Failed to read /proc/uid_time_in_state: java.io.FileNotFoundException: /proc/uid_time_in_state (No such file or directory)
06-04 14:08:24.255  1934  1994 I chatty  : uid=1000(system) SensorService expire 1 line
06-04 14:08:24.254  1934  1952 E KernelUidCpuFreqTimeReader: Failed to read /proc/uid_time_in_state: java.io.FileNotFoundException: /proc/uid_time_in_state (No such file or directory)
06-04 14:08:24.256  1934  1934 I HealthServiceWrapper: health: HealthServiceWrapper listening to instance default
06-04 14:08:24.256  1934  1952 I BatteryStatsImpl: Resetting battery stats: level=100 status=4 dischargeLevel=100 lowAmount=0 highAmount=0
06-04 14:08:24.256  1934  1934 I BatteryService: health: Waited 0ms and received the update.
06-04 14:08:24.257  1934  1934 I SystemServer: StartUsageService
06-04 14:08:24.257  1934  1934 I SystemServiceManager: Starting com.android.server.usage.UsageStatsService
06-04 14:08:24.262  1934  1992 I chatty  : uid=1000(system) HealthServiceRe expire 1 line
06-04 14:08:24.265  1934  1993 I chatty  : uid=1000(system) SensorEventAckR expire 1 line
06-04 14:08:24.272  1934  1952 E KernelUidCpuFreqTimeReader: Failed to read /proc/uid_time_in_state: java.io.FileNotFoundException: /proc/uid_time_in_state (No such file or directory)
06-04 14:08:24.280  1934  1948 I BinderCallsStatsService: Resetting stats
06-04 14:08:24.282  1934  1934 I UsageStatsDatabase: Upgrading from version 0 to 3
06-04 14:08:24.282  1934  1934 I UsageStatsDatabase: Deleting all usage stats files
06-04 14:08:24.284  1934  1934 I UsageStatsService: User[0] Rollover scheduled @ 2024-06-05 07:08:24(1717571304277)
06-04 14:08:24.284  1934  1934 I SystemServer: StartWebViewUpdateService
06-04 14:08:24.284  1934  1934 I SystemServiceManager: Starting com.android.server.webkit.WebViewUpdateService
06-04 14:08:24.290  1934  1934 I SystemServer: StartBinderCallsStatsService
06-04 14:08:24.291  1934  1934 I SystemServer: StartKeyAttestationApplicationIdProviderService
06-04 14:08:24.291  1934  1946 I SystemServer: SecondaryZygotePreload
06-04 14:08:24.293  1934  1934 I SystemServer: StartKeyChainSystemService
06-04 14:08:24.293  1934  1934 I SystemServiceManager: Starting com.android.server.security.KeyChainSystemService
06-04 14:08:24.293  1991  1991 W ResourceType: CREATING STRING CACHE OF 40436 bytes
06-04 14:08:24.293  1934  1934 I SystemServer: StartSchedulingPolicyService
06-04 14:08:24.297  1934  1934 I SystemServer: StartTelecomLoaderService
06-04 14:08:24.297  1934  1934 I SystemServiceManager: Starting com.android.server.telecom.TelecomLoaderService
06-04 14:08:24.298  1934  1934 I SystemServer: StartTelephonyRegistry
06-04 14:08:24.301  1934  1934 I SystemServer: StartEntropyMixer
06-04 14:08:24.301  1934  1934 W EntropyMixer: No existing entropy file -- first boot?
06-04 14:08:24.302  1934  1946 I chatty  : uid=1000 system_server expire 1 line
06-04 14:08:24.308  1991  1991 W ResourceType: idmap: overlaid 7 resources not marked overlayable
06-04 14:08:24.318  1934  1934 I EntropyMixer: Added HW RNG output to entropy pool
06-04 14:08:24.318  1934  1934 I EntropyMixer: Writing entropy...
06-04 14:08:24.324  1934  1946 E SystemServer: Unable to preload default resources
06-04 14:08:24.329  1934  1934 I SystemServer: StartAccountManagerService
06-04 14:08:24.329  1934  1934 I SystemServiceManager: Starting com.android.server.accounts.AccountManagerService$Lifecycle
06-04 14:08:24.332  1934  1934 I SystemServer: StartContentService
06-04 14:08:24.333  1934  1934 I SystemServiceManager: Starting com.android.server.content.ContentService$Lifecycle
06-04 14:08:24.337  1934  1934 I SystemServer: InstallSystemProviders
06-04 14:08:24.351  1995  1995 W ResourceType: CREATING STRING CACHE OF 40436 bytes
06-04 14:08:24.365  1995  1995 W ResourceType: idmap: overlaid 7 resources not marked overlayable
06-04 14:08:24.391  1998  1998 W ResourceType: CREATING STRING CACHE OF 40436 bytes
06-04 14:08:24.402  1934  1934 I SettingsState: No settings state /data/system/users/0/settings_system.xml
06-04 14:08:24.403  1998  1998 W ResourceType: idmap: overlaid 7 resources not marked overlayable
06-04 14:08:24.417  1934  1934 I SettingsState: No settings state /data/system/users/0/settings_secure.xml
06-04 14:08:24.419  1934  1934 D SettingsProvider: Generated and saved new ANDROID_ID [d4ab2930cd947a7e] for user 0
06-04 14:08:24.429  1934  1934 I SettingsState: No settings state /data/system/users/0/settings_global.xml
06-04 14:08:24.442  1999  1999 W ResourceType: CREATING STRING CACHE OF 30972 bytes
06-04 14:08:24.451  1999  1999 W ResourceType: idmap: overlaid 2 resources not marked overlayable
06-04 14:08:24.453  1934  1934 D SettingsProvider: Setting [com.google.android.gms/.autofill.service.AutofillService] as Autofill Service for user 0
06-04 14:08:24.472  1934  1934 I SettingsState: No settings state /data/system/users/0/settings_ssaid.xml
06-04 14:08:24.481  1934  1934 I SystemServer: StartDropBoxManager
06-04 14:08:24.481  1934  1934 I SystemServiceManager: Starting com.android.server.DropBoxManagerService
06-04 14:08:24.481  1934  1934 I SystemServer: StartVibratorService
06-04 14:08:24.482  2000  2000 W ResourceType: CREATING STRING CACHE OF 40436 bytes
06-04 14:08:24.483  1585  1585 W hwservicemanager: getTransport: Cannot find entry android.hardware.vibrator@1.0::IVibrator/default in either framework or device manifest.
06-04 14:08:24.483  1585  1585 W hwservicemanager: getTransport: Cannot find entry android.hardware.vibrator@1.0::IVibrator/default in either framework or device manifest.
06-04 14:08:24.484  1585  1585 W hwservicemanager: getTransport: Cannot find entry android.hardware.vibrator@1.0::IVibrator/default in either framework or device manifest.
06-04 14:08:24.485  1934  1934 I SystemServer: StartConsumerIrService
06-04 14:08:24.486  1585  1585 W hwservicemanager: getTransport: Cannot find entry android.hardware.ir@1.0::IConsumerIr/default in either framework or device manifest.
06-04 14:08:24.487  1934  1934 I SystemServer: StartAlarmManagerService
06-04 14:08:24.487  1934  1934 I SystemServiceManager: Starting com.android.server.AlarmManagerService
06-04 14:08:24.490  1934  1934 I SystemServer: InitWatchdog
06-04 14:08:24.491  1934  1934 I SystemServer: StartInputManagerService
06-04 14:08:24.492  1934  1934 I InputManager: Initializing input manager, mUseDevInputEventForAudioJack=true
06-04 14:08:24.493  2000  2000 W ResourceType: idmap: overlaid 6 resources not marked overlayable
06-04 14:08:24.494  1934  1934 I SystemServer: StartWindowManagerService
06-04 14:08:24.509  1934  1956 I WindowManager: No existing display settings /data/system/display_settings.xml; starting empty
06-04 14:08:24.532  1934  1934 I SystemServer: SetWindowManagerService
06-04 14:08:24.581  1934  1934 I SystemServer: WindowManagerServiceOnInitReady
06-04 14:08:24.593  1934  1949 I chatty  : uid=1000(system) android.ui expire 1 line
06-04 14:08:24.605  1934  1934 I SystemServer: StartVrManagerService
06-04 14:08:24.605  1934  1934 I SystemServiceManager: Starting com.android.server.vr.VrManagerService
06-04 14:08:24.608  1585  1585 W hwservicemanager: getTransport: Cannot find entry android.hardware.vr@1.0::IVr/default in either framework or device manifest.
06-04 14:08:24.609  1934  1934 I SystemServer: StartInputManager
06-04 14:08:24.609  1934  1934 I InputManager: Starting input manager
06-04 14:08:24.610  1934  1934 I SystemServer: DisplayManagerWindowManagerAndInputReady
06-04 14:08:24.611  1934  1934 I SystemServer: No Bluetooth Service (emulator)
06-04 14:08:24.611  1934  1934 I SystemServer: IpConnectivityMetrics
06-04 14:08:24.611  1934  1934 I SystemServiceManager: Starting com.android.server.connectivity.IpConnectivityMetrics
06-04 14:08:24.614  1934  1934 I SystemServer: NetworkWatchlistService
06-04 14:08:24.614  1934  1934 I SystemServiceManager: Starting com.android.server.net.watchlist.NetworkWatchlistService$Lifecycle
06-04 14:08:24.622  1934  2003 I chatty  : uid=1000(system) InputReader expire 17 lines
06-04 14:08:24.641  1934  1934 I SystemServer: PinnerService
06-04 14:08:24.641  1934  1934 I SystemServiceManager: Starting com.android.server.PinnerService
06-04 14:08:24.642  1934  2004 I WatchlistLoggingHandler: Start aggregating watchlist records.
06-04 14:08:24.643  1934  1934 I SystemServer: StartInputMethodManagerLifecycle
06-04 14:08:24.643  1934  1934 I SystemServiceManager: Starting com.android.server.InputMethodManagerService$Lifecycle
06-04 14:08:24.658  1934  1934 I SystemServer: StartAccessibilityManagerService
06-04 14:08:24.663  1934  1934 I SystemServer: MakeDisplayReady
06-04 14:08:24.664  1934  1934 I ActivityManager: Config changes=20005df8 {1.0 ?mcc?mnc [en_US] ldltr sw411dp w411dp h731dp 420dpi nrml long port ?uimode ?night -touch -keyb/h/h -nav/h winConfig={ mBounds=Rect(0, 0 - 0, 0) mAppBounds=Rect(0, 0 - 1080, 1920) mWindowingMode=fullscreen mActivityType=undefined} s.2}
06-04 14:08:24.668  1934  1934 I ActivityManager: Override config changes=60007dfc {1.0 ?mcc?mnc [en_US] ldltr sw411dp w411dp h731dp 420dpi nrml long port ?uimode ?night -touch -keyb/h/h -nav/h winConfig={ mBounds=Rect(0, 0 - 1080, 1920) mAppBounds=Rect(0, 0 - 1080, 1920) mWindowingMode=fullscreen mActivityType=undefined} s.2} for displayId=0
06-04 14:08:24.680  1934  1934 W LocalDisplayAdapter: Unable to find color mode 0, ignoring request.
06-04 14:08:24.685  1934  1934 I ActivityManager: Config changes=20000500 {1.0 ?mcc?mnc [en_US] ldltr sw411dp w411dp h659dp 420dpi nrml port ?uimode ?night -touch -keyb/h/h -nav/h winConfig={ mBounds=Rect(0, 0 - 0, 0) mAppBounds=Rect(0, 0 - 1080, 1794) mWindowingMode=fullscreen mActivityType=undefined} s.3}
06-04 14:08:24.694  1934  1934 I ActivityManager: Override config changes=20000500 {1.0 ?mcc?mnc [en_US] ldltr sw411dp w411dp h659dp 420dpi nrml port ?uimode ?night -touch -keyb/h/h -nav/h winConfig={ mBounds=Rect(0, 0 - 1080, 1920) mAppBounds=Rect(0, 0 - 1080, 1794) mWindowingMode=fullscreen mActivityType=undefined} s.3} for displayId=0
06-04 14:08:24.714  1934  2002 I ActivityManager: Config changes=38 {1.0 ?mcc?mnc [en_US] ldltr sw411dp w411dp h659dp 420dpi nrml port ?uimode ?night finger qwerty/v/v -nav/h winConfig={ mBounds=Rect(0, 0 - 0, 0) mAppBounds=Rect(0, 0 - 1080, 1794) mWindowingMode=fullscreen mActivityType=undefined} s.4}
06-04 14:08:24.714  1934  1934 I SystemServer: StartStorageManagerService
06-04 14:08:24.715  1934  1934 I SystemServiceManager: Starting com.android.server.StorageManagerService$Lifecycle
06-04 14:08:24.716  1934  2002 I ActivityManager: Override config changes=38 {1.0 ?mcc?mnc [en_US] ldltr sw411dp w411dp h659dp 420dpi nrml port ?uimode ?night finger qwerty/v/v -nav/h winConfig={ mBounds=Rect(0, 0 - 1080, 1920) mAppBounds=Rect(0, 0 - 1080, 1794) mWindowingMode=fullscreen mActivityType=undefined} s.4} for displayId=0
06-04 14:08:24.717  1934  2002 W LocalDisplayAdapter: Unable to find color mode 0, ignoring request.
06-04 14:08:24.733  1934  2005 D StorageManagerService: Thinking about init, mSystemReady=false, mDaemonConnected=true
06-04 14:08:24.733  1934  2005 D StorageManagerService: Thinking about reset, mSystemReady=false, mDaemonConnected=true
06-04 14:08:24.735  1934  1934 I SystemServer: StartStorageStatsService
06-04 14:08:24.737  1934  1934 I SystemServiceManager: Starting com.android.server.usage.StorageStatsService$Lifecycle
06-04 14:08:24.739  1778  1795 D installd: Found quota mount /dev/block/dm-1 at /data
06-04 14:08:24.749  1934  1934 I SystemServer: StartUiModeManager
06-04 14:08:24.749  1934  1934 I SystemServiceManager: Starting com.android.server.UiModeManagerService
06-04 14:08:24.751  1934  1946 I ActivityManager: Config changes=200 {1.0 ?mcc?mnc [en_US] ldltr sw411dp w411dp h659dp 420dpi nrml port finger qwerty/v/v -nav/h winConfig={ mBounds=Rect(0, 0 - 0, 0) mAppBounds=Rect(0, 0 - 1080, 1794) mWindowingMode=fullscreen mActivityType=undefined} s.5}
06-04 14:08:24.752  1934  1934 I SystemServer: UpdatePackagesIfNeeded
06-04 14:08:24.753  1934  1946 I ActivityManager: Override config changes=200 {1.0 ?mcc?mnc [en_US] ldltr sw411dp w411dp h659dp 420dpi nrml port finger qwerty/v/v -nav/h winConfig={ mBounds=Rect(0, 0 - 1080, 1920) mAppBounds=Rect(0, 0 - 1080, 1794) mWindowingMode=fullscreen mActivityType=undefined} s.5} for displayId=0
06-04 14:08:24.739  1778  1795 D installd: Found quota mount /dev/block/dm-1 at /data
06-04 14:08:24.771  1778  1982 W installd: Requested default storage /data/user_de/0/com.android.cellbroadcastreceiver is not active; migrating from /data/data/com.android.cellbroadcastreceiver
06-04 14:08:25.074  1778  1795 W installd: Requested default storage /data/user_de/0/com.android.providers.blockednumber is not active; migrating from /data/data/com.android.providers.blockednumber
06-04 14:08:25.092  1778  1795 W installd: Requested default storage /data/user_de/0/com.android.emergency is not active; migrating from /data/data/com.android.emergency
06-04 14:08:25.114  1778  1795 W installd: Requested default storage /data/user_de/0/com.android.bluetooth is not active; migrating from /data/data/com.android.bluetooth
06-04 14:08:25.134  1934  1979 I PackageManager: Deferred reconcileAppsData finished 91 packages
06-04 14:08:25.163  1778  1795 V installed: DexInv: --- BEGIN '/system/priv-app/GoogleDialer/GoogleDialer.apk' ---
06-04 14:08:25.198  2006  2006 W dex2oat : Unexpected CPU variant for X86 using defaults: x86
06-04 14:08:25.198  2006  2006 W dex2oat : Mismatch between dex2oat instruction set features (ISA: X86 Feature string: -ssse3,-sse4.1,-sse4.2,-avx,-avx2,-popcnt) and those of dex2oat executable (ISA: X86 Feature string: ssse3,-sse4.1,-sse4.2,-avx,-avx2,-popcnt) for the command line:
06-04 14:08:25.198  2006  2006 W dex2oat : /system/bin/dex2oat --zip-fd=8 --zip-location=GoogleDialer.apk --input-vdex-fd=-1 --output-vdex-fd=10 --oat-fd=9 --oat-location=/data/dalvik-cache/x86/system@priv-app@GoogleDialer@GoogleDialer.apk@classes.dex --instruction-set=x86 --instruction-set-variant=x86 --instruction-set-features=default --runtime-arg -Xms64m --runtime-arg -Xmx512m --compiler-filter=quicken --swap-fd=11 --classpath-dir=/system/priv-app/GoogleDialer --class-loader-context=PCL[/system/framework/com.google.android.dialer.support.jar] --generate-mini-debug-info --compact-dex-level=none --runtime-arg -Xtarget-sdk-version:28 --runtime-arg -Xhidden-api-checks --compilation-reason=first-boot
06-04 14:08:25.199  2006  2006 I dex2oat : /system/bin/dex2oat --input-vdex-fd=-1 --output-vdex-fd=10 --compiler-filter=quicken --classpath-dir=/system/priv-app/GoogleDialer --class-loader-context=PCL[/system/framework/com.google.android.dialer.support.jar] --generate-mini-debug-info --compact-dex-level=none --compilation-reason=first-boot
06-04 14:08:25.204  2006  2006 W dex2oat : Could not reserve sentinel fault page
06-04 14:08:25.406  1921  1921 I hostapd : wlan1: interface state COUNTRY_UPDATE->HT_SCAN
06-04 14:08:25.446  1918  1918 E ipv6proxy: Failed to forward Router Advertisement from eth0 to wlan1: Network is unreachable
06-04 14:08:26.737  1921  1921 E hostapd : Using interface wlan1 with hwaddr 02:15:b2:00:01:00 and ssid "AndroidWifi"
06-04 14:08:26.737  1921  1921 I hostapd : wlan1: interface state HT_SCAN->ENABLED
06-04 14:08:26.737  1921  1921 I hostapd : wlan1: AP-ENABLED 
06-04 14:08:27.254  2006  2006 I dex2oat : dex2oat took 2.062s (5.606s cpu) (threads: 4) arena alloc=5KB (5776B) java alloc=5MB (5257480B) native alloc=7MB (7594032B) free=2MB (2891728B)
06-04 14:08:27.259  1778  1795 V installed: DexInv: --- END '/system/priv-app/GoogleDialer/GoogleDialer.apk' (success) ---
06-04 14:08:27.512  1778  1795 V installed: DexInv: --- BEGIN '/system/app/EasterEgg/EasterEgg.apk' ---
06-04 14:08:27.533  2013  2013 W dex2oat : Unexpected CPU variant for X86 using defaults: x86
06-04 14:08:27.534  2013  2013 W dex2oat : Mismatch between dex2oat instruction set features (ISA: X86 Feature string: -ssse3,-sse4.1,-sse4.2,-avx,-avx2,-popcnt) and those of dex2oat executable (ISA: X86 Feature string: ssse3,-sse4.1,-sse4.2,-avx,-avx2,-popcnt) for the command line:
06-04 14:08:27.534  2013  2013 W dex2oat : /system/bin/dex2oat --zip-fd=8 --zip-location=EasterEgg.apk --input-vdex-fd=-1 --output-vdex-fd=10 --oat-fd=9 --oat-location=/data/dalvik-cache/x86/system@app@EasterEgg@EasterEgg.apk@classes.dex --instruction-set=x86 --instruction-set-variant=x86 --instruction-set-features=default --runtime-arg -Xms64m --runtime-arg -Xmx512m --compiler-filter=quicken --swap-fd=11 --classpath-dir=/system/app/EasterEgg --class-loader-context=PCL[] --generate-mini-debug-info --compact-dex-level=none --runtime-arg -Xtarget-sdk-version:28 --compilation-reason=first-boot
06-04 14:08:27.534  2013  2013 I dex2oat : /system/bin/dex2oat --input-vdex-fd=-1 --output-vdex-fd=10 --compiler-filter=quicken --classpath-dir=/system/app/EasterEgg --class-loader-context=PCL[] --generate-mini-debug-info --compact-dex-level=none --compilation-reason=first-boot
06-04 14:08:28.024  2013  2013 I dex2oat : dex2oat took 492.916ms (838.526ms cpu) (threads: 4) arena alloc=3KB (4000B) java alloc=357KB (366408B) native alloc=1634KB (1674080B) free=2MB (2520224B)
06-04 14:08:28.028  1778  1795 V installed: DexInv: --- END '/system/app/EasterEgg/EasterEgg.apk' (success) ---
06-04 14:08:28.534  1934  1934 I SystemServer: PerformFstrimIfNeeded
06-04 14:08:28.535  1934  1934 W PackageManager: No disk maintenance in 1717484908535; running immediately
06-04 14:08:28.536  1934  1934 I SystemServer: StartLockSettingsService
06-04 14:08:28.536  1934  1934 I SystemServiceManager: Starting com.android.server.locksettings.LockSettingsService$Lifecycle
06-04 14:08:28.537  1934  2005 I StorageManagerService: Running fstrim idle maintenance
06-04 14:08:28.538  1593  2019 D vold    : Starting trim of /data
06-04 14:08:28.540  1593  2019 W vold    : Trim failed on /data: Operation not supported on transport endpoint
06-04 14:08:28.557  1585  1585 W hwservicemanager: getTransport: Cannot find entry android.hardware.oemlock@1.0::IOemLock/default in either framework or device manifest.
06-04 14:08:28.557  1934  1934 I OemLock : OemLock HAL not present on device
06-04 14:08:28.558  1934  1934 I SystemServer: StartDeviceIdleController
06-04 14:08:28.558  1934  1934 I SystemServiceManager: Starting com.android.server.DeviceIdleController
06-04 14:08:28.561  1934  1934 I SystemServer: StartDevicePolicyManager
06-04 14:08:28.561  1934  1934 I SystemServiceManager: Starting com.android.server.devicepolicy.DevicePolicyManagerService$Lifecycle
06-04 14:08:28.574  1934  1934 I SystemServer: StartStatusBarManagerService
06-04 14:08:28.575  1934  1934 I SystemServer: StartClipboardService
06-04 14:08:28.575  1934  1934 I SystemServiceManager: Starting com.android.server.clipboard.ClipboardService
06-04 14:08:28.577  1934  1934 I SystemServer: StartNetworkManagementService
06-04 14:08:28.579  1934  2022 I NetworkManagement: onDaemonConnected()
06-04 14:08:28.581  1934  1934 I SystemServer: StartIpSecService
06-04 14:08:28.583  1934  1934 I SystemServer: StartTextServicesManager
06-04 14:08:28.583  1934  1934 I SystemServiceManager: Starting com.android.server.TextServicesManagerService$Lifecycle
06-04 14:08:28.586  1934  1934 I SystemServer: StartTextClassificationManagerService
06-04 14:08:28.586  1934  1934 I SystemServiceManager: Starting com.android.server.textclassifier.TextClassificationManagerService$Lifecycle
06-04 14:08:28.587  1934  1934 I SystemServer: StartNetworkScoreService
06-04 14:08:28.587  1934  1934 I SystemServiceManager: Starting com.android.server.NetworkScoreService$Lifecycle
06-04 14:08:28.590  1934  1934 I SystemServer: StartNetworkStatsService
06-04 14:08:28.594  1934  1934 I SystemServer: StartNetworkPolicyManagerService
06-04 14:08:28.601  1934  1934 I SystemServer: StartWifi
