06-04 14:08:16.400  1593  1679 V vold    : Copying 8 blocks at offset 6309707776
06-04 14:08:16.401  1593  1679 V vold    : Copying 8 blocks at offset 6309740544
06-04 14:08:16.402  1593  1679 V vold    : Copying 8 blocks at offset 6309773312
06-04 14:08:16.402  1593  1679 V vold    : Copying 8 blocks at offset 6309806080
06-04 14:08:16.403  1593  1679 V vold    : Copying 8 blocks at offset 6309838848
06-04 14:08:16.403  1593  1679 V vold    : Copying 8 blocks at offset 6309871616
06-04 14:08:16.404  1593  1679 V vold    : Copying 8 blocks at offset 6309904384
06-04 14:08:16.404  1593  1679 V vold    : Copying 8 blocks at offset 6309937152
06-04 14:08:16.404  1593  1679 V vold    : Copying 8 blocks at offset 6309969920
06-04 14:08:16.405  1593  1679 V vold    : Copying 8 blocks at offset 6310002688
06-04 14:08:16.405  1593  1679 V vold    : Copying 8 blocks at offset 6310035456
06-04 14:08:16.405  1593  1679 V vold    : Copying 8 blocks at offset 6310068224
06-04 14:08:16.406  1593  1679 V vold    : Copying 8 blocks at offset 6310100992
06-04 14:08:16.407  1593  1679 V vold    : Copying 8 blocks at offset 6310133760
06-04 14:08:16.408  1593  1679 V vold    : Copying 8 blocks at offset 6310166528
06-04 14:08:16.409  1593  1679 V vold    : Copying 8 blocks at offset 6310199296
06-04 14:08:16.409  1593  1679 V vold    : Copying 8 blocks at offset 6310232064
06-04 14:08:16.410  1593  1679 V vold    : Copying 8 blocks at offset 6310264832
06-04 14:08:16.411  1593  1679 V vold    : Copying 8 blocks at offset 6310297600
06-04 14:08:16.411  1593  1679 V vold    : Copying 2 blocks at offset 6310330368
06-04 14:08:16.824  1593  1679 I vold    : Encrypted to sector 788792320
06-04 14:08:16.963  1593  1679 D vold    : cryptfs_enable_inplace_ext4 success
06-04 14:08:17.023  1593  1679 I Cryptfs : cryptfs_check_passwd
06-04 14:08:17.024  1593  1679 D Cryptfs : crypt_ftr->fs_size = 12582912
06-04 14:08:17.024  1593  1679 I Cryptfs : Using scrypt for cryptfs KDF
06-04 14:08:17.167  1593  1679 I Cryptfs : Extra parameters for dm_crypt: 1 allow_discards
06-04 14:08:17.171  1593  1597 D vold    : Disk at 252:1 changed
06-04 14:08:17.307  1593  1679 I Cryptfs : Password matches
06-04 14:08:17.308  1593  1679 D Cryptfs : test_mount_encrypted_fs(): Master key saved
06-04 14:08:17.310  1585  1585 W hwservicemanager: getTransport: Cannot find entry android.hardware.keymaster@4.0::IKeymasterDevice/default in either framework or device manifest.
06-04 14:08:17.312  1593  1679 I vold    : List of Keymaster HALs found:
06-04 14:08:17.312  1593  1679 I vold    : Keymaster HAL #1: SoftwareKeymasterDevice from Google SecurityLevel: SOFTWARE HAL: android.hardware.keymaster@3.0::IKeymasterDevice/default
06-04 14:08:17.313  1593  1679 I vold    : Using SoftwareKeymasterDevice from Google for encryption.  Security level: SOFTWARE, HAL: android.hardware.keymaster@3.0::IKeymasterDevice/default
06-04 14:08:17.314  1593  1679 D Cryptfs : Just asked init to shut down class main
06-04 14:08:19.341  1593  1679 D Cryptfs : unmounting /data succeeded
06-04 14:08:19.342  1593  1679 I vold    : [libfs_mgr]superblock s_max_mnt_count:65535,/dev/block/dm-1
06-04 14:08:19.355  1593  1679 I vold    : [libfs_mgr]check_fs(): mount(/dev/block/dm-1,/data,ext4)=0: Success
06-04 14:08:19.394  1593  1679 I vold    : [libfs_mgr]check_fs(): unmount(/data) succeeded
06-04 14:08:19.394  1593  1679 I vold    : [libfs_mgr]Running /system/bin/e2fsck on /dev/block/dm-1
06-04 14:08:19.411  1593  1679 I vold    : [libfs_mgr]superblock s_max_mnt_count:65535,/dev/block/dm-1
06-04 14:08:19.411  1593  1679 W vold    : [libfs_mgr]Reserved blocks 32768 is too large; capping to 31457
06-04 14:08:19.419  1593  1679 I vold    : [libfs_mgr]__mount(source=/dev/block/dm-1,target=/data,type=ext4)=0: Success
06-04 14:08:19.422  1593  1679 D Cryptfs : Just triggered post_fs_data
06-04 14:08:19.472  1593  1596 D vold    : e4crypt_init_user0
06-04 14:08:19.472  1593  1596 D vold    : e4crypt_prepare_user_storage for volume null, user 0, serial 0, flags 1
06-04 14:08:19.472  1593  1596 D vold    : Preparing: /data/system/users/0
06-04 14:08:19.472  1593  1596 D vold    : Preparing: /data/misc/profiles/cur/0
06-04 14:08:19.472  1593  1596 D vold    : Preparing: /data/system_de/0
06-04 14:08:19.472  1593  1596 D vold    : Preparing: /data/misc_de/0
06-04 14:08:19.472  1593  1596 D vold    : Preparing: /data/vendor_de/0
06-04 14:08:19.473  1593  1596 D vold    : Preparing: /data/user_de/0
06-04 14:08:19.473  1593  1596 V vold    : /system/bin/vold_prepare_subdirs
06-04 14:08:19.473  1593  1596 V vold    :     prepare
06-04 14:08:19.473  1593  1596 V vold    :     
06-04 14:08:19.473  1593  1596 V vold    :     0
06-04 14:08:19.473  1593  1596 V vold    :     1
06-04 14:08:19.481  1593  1596 I vold_prepare_subdirs: SELinux: Loaded file_contexts
06-04 14:08:19.481  1769  1769 D vold_prepare_subdirs: Setting up mode 700 uid 0 gid 0 context u:object_r:vold_data_file:s0 on path: /data/misc_de/0/vold
06-04 14:08:19.482  1769  1769 D vold_prepare_subdirs: Setting up mode 700 uid 0 gid 0 context u:object_r:storaged_data_file:s0 on path: /data/misc_de/0/storaged
06-04 14:08:19.482  1769  1769 D vold_prepare_subdirs: Setting up mode 700 uid 1000 gid 1000 context u:object_r:fingerprint_vendor_data_file:s0 on path: /data/vendor_de/0/fpdata
06-04 14:08:19.482  1593  1596 D vold    : e4crypt_unlock_user_key 0 serial=0 token_present=0
06-04 14:08:19.483  1593  1596 E vold    : Failed to chmod /data/system_ce/0: No such file or directory
06-04 14:08:19.483  1593  1596 E vold    : Failed to chmod /data/misc_ce/0: No such file or directory
06-04 14:08:19.483  1593  1596 E vold    : Failed to chmod /data/media/0: No such file or directory
06-04 14:08:19.501  1770  1770 I /system/bin/tzdatacheck: timezone distro dir /data/misc/zoneinfo/current does not exist. No action required.
06-04 14:08:19.508  1593  1679 D Cryptfs : post_fs_data done
06-04 14:08:19.510  1593  1679 D Cryptfs : Just triggered restart_framework
06-04 14:08:19.526  1771  1771 I bootstat: Service started: /system/bin/bootstat -r post_decrypt_time_elapsed 
06-04 14:08:19.537  1715  1718 E Surface : queueBuffer: error queuing buffer to SurfaceTexture, -2147483646
06-04 14:08:19.538  1650  1650 D ComposerHal: destroying composer client
06-04 14:08:19.538  1650  1650 I HWC2On1Adapter: unregisterCallback(Hotplug)
06-04 14:08:19.538  1650  1650 I HWC2On1Adapter: unregisterCallback(Refresh)
06-04 14:08:19.538  1650  1650 I HWC2On1Adapter: unregisterCallback(Vsync)
06-04 14:08:19.538  1650  1650 W ComposerHal: destroying client resources for display 1
06-04 14:08:19.539  1650  1650 W ComposerHal: performing a final presentDisplay
06-04 14:08:19.540  1650  1650 D ComposerHal: removed composer client
06-04 14:08:19.541  1715  1717 W SurfaceComposerClient: ComposerService remote (surfaceflinger) died [0xf1747440]
06-04 14:08:19.541  1584  1584 I ServiceManager: service 'SurfaceFlinger' died
06-04 14:08:19.541  1715  1717 D BootAnimation: SurfaceFlinger died, exiting...
06-04 14:08:19.541  1584  1584 I ServiceManager: service 'gpu' died
06-04 14:08:19.580  1778  1778 I installd: installd firing up
06-04 14:08:19.615  1782  1782 I mediametrics: ServiceManager: 0xe7c9a6e0
06-04 14:08:19.615  1782  1782 D MediaAnalyticsService: MediaAnalyticsService created
06-04 14:08:19.636  1778  1778 E cutils  : Failed to read /data/.layout_version: No such file or directory
06-04 14:08:19.636  1778  1778 D installd: Assuming that device has multi-user storage layout; upgrade no longer supported
06-04 14:08:19.636  1778  1778 D installd: Upgrading to /data/misc/user directories
06-04 14:08:19.637  1785  1785 W statsd  : statscompanion service unavailable!
06-04 14:08:19.638  1785  1785 I statsd  : using statsd socket
06-04 14:08:19.653  1780  1780 I mediaserver: ServiceManager: 0xe669a720
06-04 14:08:19.663  1773  1773 I ConfigStore: android::hardware::configstore::V1_0::ISurfaceFlingerConfigs::startGraphicsAllocatorService retrieved: 0
06-04 14:08:19.663  1773  1773 I SurfaceFlinger: Using HWComposer service: 'default'
06-04 14:08:19.663  1773  1773 I SurfaceFlinger: SurfaceFlinger is starting
06-04 14:08:19.664  1773  1773 I ConfigStore: android::hardware::configstore::V1_0::ISurfaceFlingerConfigs::vsyncEventPhaseOffsetNs retrieved: 1000000 (default)
06-04 14:08:19.664  1773  1773 I ConfigStore: android::hardware::configstore::V1_0::ISurfaceFlingerConfigs::vsyncSfEventPhaseOffsetNs retrieved: 1000000 (default)
06-04 14:08:19.664  1773  1773 I ConfigStore: android::hardware::configstore::V1_0::ISurfaceFlingerConfigs::hasSyncFramework retrieved: 1
06-04 14:08:19.664  1773  1773 I ConfigStore: android::hardware::configstore::V1_0::ISurfaceFlingerConfigs::presentTimeOffsetFromVSyncNs retrieved: 0
06-04 14:08:19.664  1773  1773 I ConfigStore: android::hardware::configstore::V1_0::ISurfaceFlingerConfigs::useHwcForRGBtoYUV retrieved: 0
06-04 14:08:19.664  1773  1773 I ConfigStore: android::hardware::configstore::V1_0::ISurfaceFlingerConfigs::maxVirtualDisplaySize retrieved: 0 (default)
06-04 14:08:19.664  1773  1773 I ConfigStore: android::hardware::configstore::V1_0::ISurfaceFlingerConfigs::useVrFlinger retrieved: 0 (default)
06-04 14:08:19.664  1773  1773 I ConfigStore: android::hardware::configstore::V1_0::ISurfaceFlingerConfigs::maxFrameBufferAcquiredBuffers retrieved: 3
06-04 14:08:19.664  1773  1773 I ConfigStore: android::hardware::configstore::V1_0::ISurfaceFlingerConfigs::hasWideColorDisplay retrieved: 0
06-04 14:08:19.664  1585  1585 W hwservicemanager: getTransport: Cannot find entry android.hardware.configstore@1.1::ISurfaceFlingerConfigs/default in either framework or device manifest.
06-04 14:08:19.664  1773  1773 I ConfigStore: android::hardware::configstore::V1_1::ISurfaceFlingerConfigs::primaryDisplayOrientation retrieved: ORIENTATION_0 (default)
06-04 14:08:19.665  1773  1773 I SurfaceFlinger: Enabling HWC virtual displays
06-04 14:08:19.665  1773  1773 I SurfaceFlinger: Disabling Triple Buffering
06-04 14:08:19.665  1773  1773 I SurfaceFlinger: Treble testing override: 'false'
06-04 14:08:19.671  1773  1773 I SurfaceFlinger: SurfaceFlinger's main thread ready to run. Initializing graphics H/W...
06-04 14:08:19.671  1773  1773 I SurfaceFlinger: Phase offest NS: 1000000
06-04 14:08:19.671  1773  1773 D libEGL  : Emulator has host GPU support, qemu.gles is set to 1.
06-04 14:08:19.676  1787  1787 I wificond: wificond is starting up...
06-04 14:08:19.687  1798  1798 I /system/bin/tombstoned: tombstoned successfully initialized
06-04 14:08:19.703  1784  1784 I Netd    : Netd 1.0 starting
06-04 14:08:19.704  1784  1784 D TetherController: Setting IP forward enable = 0
06-04 14:08:19.707  1774  1774 D AndroidRuntime: >>>>>> START com.android.internal.os.ZygoteInit uid 0 <<<<<<
06-04 14:08:19.713  1797  1797 I gatekeeperd: Starting gatekeeperd...
06-04 14:08:19.718  1773  1773 E vndksupport: Could not load /vendor/lib/egl/libGLES_emulation.so from sphal namespace: dlopen failed: library "/vendor/lib/egl/libGLES_emulation.so" not found.
06-04 14:08:19.718  1773  1773 E libEGL  : load_driver(/vendor/lib/egl/libGLES_emulation.so): unknown
06-04 14:08:19.721  1773  1773 D libEGL  : loaded /vendor/lib/egl/libEGL_emulation.so
06-04 14:08:19.722  1773  1773 D libEGL  : loaded /vendor/lib/egl/libGLESv1_CM_emulation.so
06-04 14:08:19.722  1585  1585 W hwservicemanager: getTransport: Cannot find entry android.hardware.keymaster@4.0::IKeymasterDevice/default in either framework or device manifest.
06-04 14:08:19.723  1779  1779 I keystore: found android.hardware.keymaster@3.0::IKeymasterDevice with interface name default and seclevel SOFTWARE
06-04 14:08:19.723  1779  1779 W keystore: No secure Keymaster implementation found, but device offers insecure Keymaster HAL. Using as default.
06-04 14:08:19.731  1773  1773 D libEGL  : loaded /vendor/lib/egl/libGLESv2_emulation.so
06-04 14:08:19.734  1774  1774 I zygote  : option[0]=-Xzygote
06-04 14:08:19.734  1774  1774 I zygote  : option[1]=-Xusetombstonedtraces
06-04 14:08:19.734  1774  1774 I zygote  : option[2]=exit
06-04 14:08:19.734  1774  1774 I zygote  : option[3]=vfprintf
06-04 14:08:19.734  1774  1774 I zygote  : option[4]=sensitiveThread
06-04 14:08:19.734  1774  1774 I zygote  : option[5]=-verbose:gc
06-04 14:08:19.734  1788  1788 I media.codec: mediacodecservice starting
06-04 14:08:19.734  1774  1774 I zygote  : option[6]=-Xms4m
06-04 14:08:19.734  1774  1774 I zygote  : option[7]=-Xmx512m
06-04 14:08:19.734  1774  1774 I zygote  : option[8]=-Xusejit:true
06-04 14:08:19.734  1774  1774 I zygote  : option[9]=-Xjitsaveprofilinginfo
06-04 14:08:19.734  1774  1774 I zygote  : option[10]=-XjdwpOptions:suspend=n,server=y
06-04 14:08:19.734  1774  1774 I zygote  : option[11]=-XjdwpProvider:default
06-04 14:08:19.734  1774  1774 I zygote  : option[12]=-Ximage-compiler-option
06-04 14:08:19.734  1774  1774 I zygote  : option[13]=--runtime-arg
06-04 14:08:19.734  1774  1774 I zygote  : option[14]=-Ximage-compiler-option
06-04 14:08:19.734  1774  1774 I zygote  : option[15]=-Xms64m
06-04 14:08:19.734  1774  1774 I zygote  : option[16]=-Ximage-compiler-option
06-04 14:08:19.734  1774  1774 I zygote  : option[17]=--runtime-arg
06-04 14:08:19.735  1774  1774 I zygote  : option[18]=-Ximage-compiler-option
06-04 14:08:19.735  1774  1774 I zygote  : option[19]=-Xmx64m
06-04 14:08:19.735  1774  1774 I zygote  : option[20]=-Ximage-compiler-option
06-04 14:08:19.735  1774  1774 I zygote  : option[21]=--profile-file=/system/etc/boot-image.prof
06-04 14:08:19.735  1774  1774 I zygote  : option[22]=-Ximage-compiler-option
06-04 14:08:19.735  1774  1774 I zygote  : option[23]=--compiler-filter=speed-profile
06-04 14:08:19.735  1774  1774 I zygote  : option[24]=-Xcompiler-option
06-04 14:08:19.735  1774  1774 I zygote  : option[25]=--runtime-arg
06-04 14:08:19.735  1774  1774 I zygote  : option[26]=-Xcompiler-option
06-04 14:08:19.735  1774  1774 I zygote  : option[27]=-Xms64m
06-04 14:08:19.735  1774  1774 I zygote  : option[28]=-Xcompiler-option
06-04 14:08:19.735  1774  1774 I zygote  : option[29]=--runtime-arg
06-04 14:08:19.735  1774  1774 I zygote  : option[30]=-Xcompiler-option
06-04 14:08:19.735  1774  1774 I zygote  : option[31]=-Xmx512m
06-04 14:08:19.735  1774  1774 I zygote  : option[32]=-Ximage-compiler-option
06-04 14:08:19.735  1774  1774 I zygote  : option[33]=--instruction-set-variant=x86
06-04 14:08:19.735  1774  1774 I zygote  : option[34]=-Xcompiler-option
06-04 14:08:19.735  1774  1774 I zygote  : option[35]=--instruction-set-variant=x86
06-04 14:08:19.735  1774  1774 I zygote  : option[36]=-Ximage-compiler-option
06-04 14:08:19.735  1774  1774 I zygote  : option[37]=--instruction-set-features=default
06-04 14:08:19.735  1774  1774 I zygote  : option[38]=-Xcompiler-option
06-04 14:08:19.735  1774  1774 I zygote  : option[39]=--instruction-set-features=default
06-04 14:08:19.735  1774  1774 I zygote  : option[40]=-Duser.locale=en-US
06-04 14:08:19.735  1774  1774 I zygote  : option[41]=-XX:NativeBridge=libndk_translation.so
06-04 14:08:19.735  1774  1774 I zygote  : option[42]=--cpu-abilist=x86,armeabi-v7a,armeabi
06-04 14:08:19.735  1774  1774 I zygote  : option[43]=-Xfingerprint:google/sdk_gphone_x86_arm/generic_x86_arm:9/PSR1.180720.117/5875966:user/release-keys
06-04 14:08:19.736  1788  1788 W media.codec: Could not read additional policy file '/vendor/etc/seccomp_policy/mediacodec.policy'
06-04 14:08:19.737  1788  1788 W media.codec: libminijail[1788]: failed to get path of fd 5: No such file or directory
06-04 14:08:19.737  1788  1788 W media.codec: libminijail[1788]: allowing syscall: socketcall
06-04 14:08:19.737  1788  1788 W media.codec: libminijail[1788]: allowing syscall: writev
06-04 14:08:19.737  1788  1788 W media.codec: libminijail[1788]: allowing syscall: fcntl64
06-04 14:08:19.737  1788  1788 W media.codec: libminijail[1788]: allowing syscall: clock_gettime
06-04 14:08:19.738  1773  1773 D HostConnection: HostConnection::get() New Host Connection established 0xea5a4410, tid 1773
06-04 14:08:19.738  1788  1788 W media.codec: libminijail[1788]: logging seccomp filter failures
06-04 14:08:19.743  1773  1773 D HostConnection: HostComposition ext ANDROID_EMU_CHECKSUM_HELPER_v1 ANDROID_EMU_native_sync_v2 ANDROID_EMU_native_sync_v3 ANDROID_EMU_native_sync_v4 ANDROID_EMU_dma_v1 ANDROID_EMU_YUV420_888_to_NV21 ANDROID_EMU_YUV_Cache ANDROID_EMU_sync_buffer_data GL_OES_vertex_array_object GL_KHR_texture_compression_astc_ldr ANDROID_EMU_host_side_tracing ANDROID_EMU_gles_max_version_2 
06-04 14:08:19.746  1783  1783 I mediaserver: ServiceManager: 0xe719ab60
06-04 14:08:19.747  1773  1773 I ConfigStore: android::hardware::configstore::V1_0::ISurfaceFlingerConfigs::hasWideColorDisplay retrieved: 0
06-04 14:08:19.747  1773  1773 I ConfigStore: android::hardware::configstore::V1_0::ISurfaceFlingerConfigs::hasHDRDisplay retrieved: 0
06-04 14:08:19.747  1773  1773 I SurfaceFlinger: EGL information:
06-04 14:08:19.747  1773  1773 I SurfaceFlinger: vendor    : Android
06-04 14:08:19.747  1773  1773 I SurfaceFlinger: version   : 1.4 Android META-EGL
06-04 14:08:19.747  1773  1773 I SurfaceFlinger: extensions: EGL_KHR_get_all_proc_addresses EGL_ANDROID_presentation_time EGL_KHR_swap_buffers_with_damage EGL_ANDROID_get_native_client_buffer EGL_ANDROID_front_buffer_auto_refresh EGL_ANDROID_get_frame_timestamps EGL_EXT_surface_SMPTE2086_metadata EGL_EXT_surface_CTA861_3_metadata EGL_KHR_image EGL_KHR_image_base EGL_KHR_gl_texture_2D_image EGL_KHR_fence_sync EGL_ANDROID_image_native_buffer EGL_KHR_wait_sync EGL_ANDROID_recordable 
06-04 14:08:19.747  1773  1773 I SurfaceFlinger: Client API: OpenGL_ES
06-04 14:08:19.747  1773  1773 I SurfaceFlinger: EGLSurface: 8-8-8-8, config=0x1
06-04 14:08:19.754  1781  1781 V MediaUtils: physMem: 2095849472
06-04 14:08:19.754  1781  1781 V MediaUtils: requested limit: 419169880
06-04 14:08:19.754  1781  1781 V MediaUtils: cfi shadow size: 32768
06-04 14:08:19.754  1781  1781 V MediaUtils: actual limit: 419202648
06-04 14:08:19.754  1781  1781 V MediaUtils: original limits: 4294967295/4294967295
06-04 14:08:19.754  1781  1781 V MediaUtils: new limits: 419202648/4294967295
06-04 14:08:19.757  1774  1774 W zygote  : Could not reserve sentinel fault page
06-04 14:08:19.760  1781  1781 W /system/bin/mediaextractor: Could not read additional policy file '/vendor/etc/seccomp_policy/mediaextractor.policy'
06-04 14:08:19.760  1773  1773 D eglCodecCommon: setVertexArrayObject: set vao to 0 (0) 0 0
06-04 14:08:19.760  1773  1773 D EGL_emulation: eglCreateContext: 0xea5a0ae0: maj 2 min 0 rcv 2
06-04 14:08:19.760  1781  1781 W mediaextractor: libminijail[1781]: failed to get path of fd 5: No such file or directory
06-04 14:08:19.761  1781  1781 W mediaextractor: libminijail[1781]: allowing syscall: socketcall
06-04 14:08:19.761  1781  1781 W mediaextractor: libminijail[1781]: allowing syscall: writev
06-04 14:08:19.761  1781  1781 W mediaextractor: libminijail[1781]: allowing syscall: fcntl64
06-04 14:08:19.761  1781  1781 W mediaextractor: libminijail[1781]: allowing syscall: clock_gettime
06-04 14:08:19.761  1781  1781 W mediaextractor: libminijail[1781]: logging seccomp filter failures
06-04 14:08:19.762  1773  1773 D EGL_emulation: eglMakeCurrent: 0xea5a0ae0: ver 2 0 (tinfo 0xea59c310)
06-04 14:08:19.765  1773  1773 I SurfaceFlinger: OpenGL ES informations:
06-04 14:08:19.765  1773  1773 I SurfaceFlinger: vendor    : Google (ATI Technologies Inc.)
06-04 14:08:19.765  1773  1773 I SurfaceFlinger: renderer  : Android Emulator OpenGL ES Translator (AMD Radeon(TM) Graphics)
06-04 14:08:19.765  1773  1773 I SurfaceFlinger: version   : OpenGL ES 2.0 (4.5.0 Core Profile Context 23.11.1.231017)
06-04 14:08:19.765  1773  1773 I SurfaceFlinger: extensions: GL_EXT_debug_marker GL_EXT_robustness GL_OES_EGL_sync GL_OES_EGL_image GL_OES_EGL_image_external GL_OES_depth24 GL_OES_depth32 GL_OES_element_index_uint GL_OES_texture_float GL_OES_texture_float_linear GL_OES_compressed_ETC1_RGB8_texture GL_OES_depth_texture GL_OES_texture_half_float GL_OES_texture_half_float_linear GL_OES_packed_depth_stencil GL_OES_texture_npot GL_OES_rgb8_rgba8 GL_OVR_multiview2 GL_EXT_color_buffer_half_float GL_EXT_texture_format_BGRA8888 ANDROID_EMU_CHECKSUM_HELPER_v1 ANDROID_EMU_native_sync_v2 ANDROID_EMU_native_sync_v3 ANDROID_EMU_native_sync_v4 ANDROID_EMU_dma_v1 ANDROID_EMU_YUV420_888_to_NV21 ANDROID_EMU_YUV_Cache ANDROID_EMU_sync_buffer_data GL_OES_vertex_array_object GL_KHR_texture_compression_astc_ldr ANDROID_EMU_host_side_tracing ANDROID_EMU_gles_max_version_2 
06-04 14:08:19.765  1773  1773 I SurfaceFlinger: GL_MAX_TEXTURE_SIZE = 16384
06-04 14:08:19.765  1773  1773 I SurfaceFlinger: GL_MAX_VIEWPORT_DIMS = 16384
06-04 14:08:19.765  1783  1783 W BatteryNotifier: batterystats service unavailable!
06-04 14:08:19.767  1773  1773 I ServiceManagement: getService: Trying again for android.hardware.graphics.composer@2.1::IComposer/default...
06-04 14:08:19.771  1585  1585 W hwservicemanager: getTransport: Cannot find entry android.hardware.usb.gadget@1.0::IUsbGadget/default in either framework or device manifest.
06-04 14:08:19.771  1774  1774 I zygote  : VerifyImage: /system/bin/patchoat --input-image-location=/system/framework/boot.art --output-image-directory=/data/dalvik-cache/x86 --instruction-set=x86 --verify
06-04 14:08:19.771  1808  1808 I usbd    : Usb HAL not found
06-04 14:08:19.774  1784  1784 I Netd    : Creating child chains: 66.9ms
06-04 14:08:19.774  1784  1784 I Netd    : Setting up OEM hooks: 0.1ms
06-04 14:08:19.776  1784  1784 I Netd    : Setting up FirewallController hooks: 1.9ms
06-04 14:08:19.776  1788  1788 W MediaCodecsXmlParser: unable to open media codecs configuration xml file: /data/misc/media/media_codecs_profiling_results.xml
06-04 14:08:19.776  1788  1788 W MediaCodecsXmlParser: parseTopLevelXMLFile(/data/misc/media/media_codecs_profiling_results.xml) failed
06-04 14:08:19.777  1784  1784 I Netd    : Setting up TetherController hooks: 1.8ms
06-04 14:08:19.779  1784  1784 I Netd    : Setting up BandwidthController hooks: 1.2ms
06-04 14:08:19.779  1784  1784 I Netd    : Setting up IdletimerController hooks: 0.1ms
06-04 14:08:19.779  1784  1784 I Netd    : initializing traffic control: 0.0ms
06-04 14:08:19.780  1788  1788 I ServiceManagement: Removing namespace from process name android.hardware.media.omx@1.0-service to omx@1.0-service.
06-04 14:08:19.782  1784  1784 I Netd    : Disabling bandwidth control: 2.7ms
06-04 14:08:19.782  1817  1817 D android.hardware.biometrics.fingerprint@2.1-service: Opening fingerprint hal library...
06-04 14:08:19.782  1784  1784 E Netd    : cannot find interface dummy0
06-04 14:08:19.783  1784  1784 I Netd    : Initializing RouteController: 1.2ms
06-04 14:08:19.783  1784  1784 D XfrmController: Sending Netlink XFRM Message: XFRM_MSG_FLUSHSA
06-04 14:08:19.783  1784  1784 D XfrmController: Sending Netlink XFRM Message: XFRM_MSG_FLUSHPOLICY
06-04 14:08:19.783  1784  1784 I Netd    : Initializing XfrmController: 0.2ms
06-04 14:08:19.783  1784  1784 E Netd    : Unable to create netlink socket: Protocol not supported
06-04 14:08:19.783  1784  1784 W Netd    : Unable to open qlog quota socket, check if xt_quota2 can send via UeventHandler
06-04 14:08:19.784  1817  1817 D FingerprintHal: ----------------> fingerprint_open ----------------->
06-04 14:08:19.784  1817  1817 D FingerprintHal: ----------------> set_notify_callback ----------------->
06-04 14:08:19.784  1817  1817 D FingerprintHal: fingerprint callback notification set
06-04 14:08:19.784  1817  1838 D FingerprintHal: ----------------> listenerFunction ----------------->
06-04 14:08:19.785  1817  1817 I ServiceManagement: Removing namespace from process name android.hardware.biometrics.fingerprint@2.1-service to fingerprint@2.1-service.
06-04 14:08:19.786  1784  1784 D MDnsDS  : MDnsSdListener::Hander starting up
06-04 14:08:19.787  1784  1840 D MDnsDS  : MDnsSdListener starting to monitor
06-04 14:08:19.787  1784  1840 D MDnsDS  : Going to poll with pollCount 1
06-04 14:08:19.788  1784  1784 I Netd    : Registering NetdNativeService: 1.5ms
06-04 14:08:19.788  1784  1784 I Netd    : Starting CommandListener: 0.2ms
06-04 14:08:19.788  1825  1825 D HostConnection: createUnique: call
06-04 14:08:19.789  1825  1825 D HostConnection: HostConnection::get() New Host Connection established 0xea724140, tid 1825
06-04 14:08:19.791  1825  1825 D HostConnection: HostComposition ext ANDROID_EMU_CHECKSUM_HELPER_v1 ANDROID_EMU_native_sync_v2 ANDROID_EMU_native_sync_v3 ANDROID_EMU_native_sync_v4 ANDROID_EMU_dma_v1 ANDROID_EMU_YUV420_888_to_NV21 ANDROID_EMU_YUV_Cache ANDROID_EMU_sync_buffer_data GL_OES_vertex_array_object GL_KHR_texture_compression_astc_ldr ANDROID_EMU_host_side_tracing ANDROID_EMU_gles_max_version_2 
06-04 14:08:19.792  1825  1825 E hwcomposer: unknown display attribute 6
06-04 14:08:19.795  1788  1788 E vndksupport: Could not load libstagefrighthw.so from default namespace: dlopen failed: library "libstagefrighthw.so" not found.
06-04 14:08:19.795  1784  1784 I Netd    : Registering NetdHwService: 6.6ms
06-04 14:08:19.795  1784  1784 I Netd    : Netd started in 92ms
06-04 14:08:19.795  1825  1825 I ServiceManagement: Removing namespace from process name android.hardware.graphics.composer@2.1-service to composer@2.1-service.
06-04 14:08:19.796  1788  1788 W MediaCodecsXmlParser: unable to open media codecs configuration xml file: /data/misc/media/media_codecs_profiling_results.xml
06-04 14:08:19.796  1788  1788 W MediaCodecsXmlParser: parseTopLevelXMLFile(/data/misc/media/media_codecs_profiling_results.xml) failed
06-04 14:08:19.796  1788  1788 I ServiceManagement: Removing namespace from process name android.hardware.media.omx@1.0-service to omx@1.0-service.
06-04 14:08:19.797  1825  1825 I android.hardware.graphics.composer@2.1-service: Registration complete for android.hardware.graphics.composer@2.1::IComposer/default.
06-04 14:08:19.797  1788  1788 I media.codec: IOmx HAL service created.
06-04 14:08:19.804  1775  1775 I cameraserver: ServiceManager: 0xed51a700
06-04 14:08:19.804  1775  1775 I CameraService: CameraService started (pid=1775)
06-04 14:08:19.804  1775  1775 I CameraService: CameraService process starting
06-04 14:08:19.804  1775  1775 W BatteryNotifier: batterystats service unavailable!
06-04 14:08:19.804  1775  1775 W BatteryNotifier: batterystats service unavailable!
06-04 14:08:19.807  1775  1775 I CameraProviderManager: Connecting to new camera provider: legacy/0, isRemote? 1
06-04 14:08:19.808  1775  1775 I CameraProviderManager: Enumerating new camera device: device@3.3/legacy/0
06-04 14:08:19.808  1775  1775 I CameraProviderManager: Enumerating new camera device: device@3.3/legacy/1
06-04 14:08:19.808  1649  1696 D gralloc_ranchu: gralloc_alloc: Creating ashmem region of size 8298496
06-04 14:08:19.809  1775  1775 I CameraProviderManager: Camera provider legacy/0 ready with 2 camera devices
06-04 14:08:19.809  1585  1585 W hwservicemanager: getTransport: Cannot find entry android.hardware.camera.provider@2.4::ICameraProvider/external/0 in either framework or device manifest.
06-04 14:08:19.809  1775  1853 W CameraProviderManager: addProviderLocked: Camera provider HAL with name 'legacy/0' already registered
06-04 14:08:19.810  1773  1773 D HostConnection: createUnique: call
06-04 14:08:19.811  1773  1773 D HostConnection: HostConnection::get() New Host Connection established 0xea5a5c20, tid 1773
06-04 14:08:19.812  1775  1775 I CameraHardwareInterface: Opening camera 0
06-04 14:08:19.812  1775  1775 E CameraHardwareInterface: initialize: openSession failed! No such file or directory (-2)
06-04 14:08:19.812  1775  1775 E CameraFlashlight: connectCameraDevice: initializing camera 0 failed
06-04 14:08:19.812  1775  1775 I CameraHardwareInterface: Destroying camera 0
06-04 14:08:19.812  1775  1775 E CameraFlashlight: findFlashUnits: failed to check if camera 0 has a flash unit. No such file or directory (-2)
06-04 14:08:19.812  1775  1775 I CameraHardwareInterface: Opening camera 1
06-04 14:08:19.812  1775  1775 E CameraHardwareInterface: initialize: openSession failed! No such file or directory (-2)
06-04 14:08:19.812  1775  1775 E CameraFlashlight: connectCameraDevice: initializing camera 1 failed
06-04 14:08:19.812  1775  1775 I CameraHardwareInterface: Destroying camera 1
06-04 14:08:19.813  1775  1775 E CameraFlashlight: findFlashUnits: failed to check if camera 1 has a flash unit. No such file or directory (-2)
06-04 14:08:19.813  1775  1775 I CameraService: onDeviceStatusChanged: Status changed for cameraId=1, newStatus=1
06-04 14:08:19.813  1775  1775 I CameraService: onDeviceStatusChanged: Unknown camera ID 1, a new camera is added
06-04 14:08:19.814  1775  1775 I CameraService: onDeviceStatusChanged: Status changed for cameraId=0, newStatus=1
06-04 14:08:19.814  1775  1775 I CameraService: onDeviceStatusChanged: Unknown camera ID 0, a new camera is added
06-04 14:08:19.814  1775  1853 I CameraService: onDeviceStatusChanged: Status changed for cameraId=1, newStatus=1
06-04 14:08:19.814  1775  1853 E CameraService: onDeviceStatusChanged: State transition to the same status 0x1 not allowed
06-04 14:08:19.814  1775  1853 I CameraService: onDeviceStatusChanged: Status changed for cameraId=0, newStatus=1
06-04 14:08:19.814  1775  1775 I         : Waiting for activity service
06-04 14:08:19.829  1773  1773 D HostConnection: HostComposition ext ANDROID_EMU_CHECKSUM_HELPER_v1 ANDROID_EMU_native_sync_v2 ANDROID_EMU_native_sync_v3 ANDROID_EMU_native_sync_v4 ANDROID_EMU_dma_v1 ANDROID_EMU_YUV420_888_to_NV21 ANDROID_EMU_YUV_Cache ANDROID_EMU_sync_buffer_data GL_OES_vertex_array_object GL_KHR_texture_compression_astc_ldr ANDROID_EMU_host_side_tracing ANDROID_EMU_gles_max_version_2 
06-04 14:08:19.829  1773  1773 E eglCodecCommon: GoldfishAddressSpaceHostMemoryAllocator: ioctl_ping failed for device_type=5, ret=-1
06-04 14:08:19.830  1773  1773 E HWComposer: getSupportedPerFrameMetadata: getSupportedPerFrameMetadata failed for display 0: Unsupported (8)
06-04 14:08:19.830  1649  1696 D gralloc_ranchu: gralloc_alloc: Creating ashmem region of size 8298496
06-04 14:08:19.832  1649  1696 D gralloc_ranchu: gralloc_alloc: Creating ashmem region of size 8298496
06-04 14:08:19.835  1773  1773 D EGL_emulation: eglMakeCurrent: 0xea5a0ae0: ver 2 0 (tinfo 0xea59c310)
06-04 14:08:19.901  1773  1773 D SurfaceFlinger: shader cache generated - 24 shaders in 65.164703 ms
06-04 14:08:19.904  1773  1773 D SurfaceFlinger: Set power mode=2, type=0 flinger=0xea5c3000
06-04 14:08:19.904  1773  1773 D SurfaceFlinger: Finished set power mode=2, type=0
06-04 14:08:19.958  1831  1831 E patchoat: Unable to open relocated image file  /data/dalvik-cache/x86/system@framework@boot.art
06-04 14:08:19.960  1774  1774 W zygote  : Failed execv(/system/bin/patchoat --input-image-location=/system/framework/boot.art --output-image-directory=/data/dalvik-cache/x86 --instruction-set=x86 --verify) because non-0 exit status Preemptively pruning the dalvik cache.
06-04 14:08:19.960  1774  1774 I zygote  : Pruning dalvik-cache since we are relocating an image and will need to recompile
06-04 14:08:19.960  1774  1774 I zygote  : RelocateImage: /system/bin/patchoat --input-image-location=/system/framework/boot.art --output-image-directory=/data/dalvik-cache/x86 --instruction-set=x86 --base-offset-delta=9555968
06-04 14:08:19.971  1883  1883 E netmgr  : Failed to open QEMU pipe 'qemud:network': Invalid argument
06-04 14:08:19.972  1883  1883 E netmgr  : WifiForwarder unable to open QEMU pipe: Invalid argument
06-04 14:08:20.018  1773  1807 E SurfaceFlinger: ro.sf.lcd_density must be defined as a build property
06-04 14:08:20.021  1879  1888 D libEGL  : Emulator has host GPU support, qemu.gles is set to 1.
06-04 14:08:20.023  1879  1888 E vndksupport: Could not load /vendor/lib/egl/libGLES_emulation.so from sphal namespace: dlopen failed: library "/vendor/lib/egl/libGLES_emulation.so" not found.
06-04 14:08:20.023  1879  1888 E libEGL  : load_driver(/vendor/lib/egl/libGLES_emulation.so): unknown
06-04 14:08:20.026  1879  1888 D libEGL  : loaded /vendor/lib/egl/libEGL_emulation.so
06-04 14:08:20.027  1879  1888 D libEGL  : loaded /vendor/lib/egl/libGLESv1_CM_emulation.so
06-04 14:08:20.035  1879  1888 D libEGL  : loaded /vendor/lib/egl/libGLESv2_emulation.so
06-04 14:08:20.042  1879  1888 D HostConnection: HostConnection::get() New Host Connection established 0xed622120, tid 1888
06-04 14:08:20.057  1879  1888 D HostConnection: HostComposition ext ANDROID_EMU_CHECKSUM_HELPER_v1 ANDROID_EMU_native_sync_v2 ANDROID_EMU_native_sync_v3 ANDROID_EMU_native_sync_v4 ANDROID_EMU_dma_v1 ANDROID_EMU_YUV420_888_to_NV21 ANDROID_EMU_YUV_Cache ANDROID_EMU_sync_buffer_data GL_OES_vertex_array_object GL_KHR_texture_compression_astc_ldr ANDROID_EMU_host_side_tracing ANDROID_EMU_gles_max_version_2 
06-04 14:08:20.059  1879  1888 I ConfigStore: android::hardware::configstore::V1_0::ISurfaceFlingerConfigs::hasWideColorDisplay retrieved: 0
06-04 14:08:20.060  1879  1888 I ConfigStore: android::hardware::configstore::V1_0::ISurfaceFlingerConfigs::hasHDRDisplay retrieved: 0
06-04 14:08:20.062  1649  1696 D gralloc_ranchu: gralloc_alloc: Creating ashmem region of size 8298496
06-04 14:08:20.068  1879  1888 D HostConnection: createUnique: call
06-04 14:08:20.069  1879  1888 D HostConnection: HostConnection::get() New Host Connection established 0xed622170, tid 1888
06-04 14:08:20.084  1879  1888 D HostConnection: HostComposition ext ANDROID_EMU_CHECKSUM_HELPER_v1 ANDROID_EMU_native_sync_v2 ANDROID_EMU_native_sync_v3 ANDROID_EMU_native_sync_v4 ANDROID_EMU_dma_v1 ANDROID_EMU_YUV420_888_to_NV21 ANDROID_EMU_YUV_Cache ANDROID_EMU_sync_buffer_data GL_OES_vertex_array_object GL_KHR_texture_compression_astc_ldr ANDROID_EMU_host_side_tracing ANDROID_EMU_gles_max_version_2 
06-04 14:08:20.085  1879  1888 E eglCodecCommon: GoldfishAddressSpaceHostMemoryAllocator: ioctl_ping failed for device_type=5, ret=-1
06-04 14:08:20.098  1879  1888 D eglCodecCommon: setVertexArrayObject: set vao to 0 (0) 0 0
06-04 14:08:20.099  1879  1888 D EGL_emulation: eglCreateContext: 0xed588de0: maj 1 min 0 rcv 1
06-04 14:08:20.108  1879  1888 D EGL_emulation: eglMakeCurrent: 0xed588de0: ver 1 0 (tinfo 0xed5878d0)
06-04 14:08:20.131  1879  1888 D BootAnimation: BootAnimationShownTiming start time: 32131ms
06-04 14:08:20.139  1879  1906 E BootAnimation: Could not add watch for /data/system
06-04 14:08:20.139  1649  1696 D gralloc_ranchu: gralloc_alloc: Creating ashmem region of size 8298496
06-04 14:08:20.160  1773  1773 I SurfaceFlinger: Enter boot animation
06-04 14:08:20.162  1825  1825 E eglCodecCommon: GoldfishAddressSpaceHostMemoryAllocator: ioctl_ping failed for device_type=5, ret=-1
06-04 14:08:20.398  1921  1921 E hostapd : Configuration file: /data/vendor/wifi/hostapd/hostapd.conf
06-04 14:08:20.400  1921  1921 I hostapd : rfkill: Cannot get wiphy information
06-04 14:08:20.400  1921  1921 I hostapd : wlan1: interface state UNINITIALIZED->COUNTRY_UPDATE
06-04 14:08:20.622  1774  1774 D Zygote  : begin preload
06-04 14:08:20.622  1774  1774 I Zygote  : Installing ICU cache reference pinning...
06-04 14:08:20.622  1774  1774 I Zygote  : Preloading ICU data...
06-04 14:08:20.673  1786  1819 I ServiceManager: Waiting for service package_native...
06-04 14:08:20.678  1774  1774 I Zygote  : Preloading classes...
06-04 14:08:20.704  1774  1774 I PackageBackwardCompatibility: Loaded android.content.pm.OrgApacheHttpLegacyUpdater
06-04 14:08:20.704  1774  1774 I PackageBackwardCompatibility: Could not find android.content.pm.AndroidTestBaseUpdater, ignoring
06-04 14:08:21.129  1774  1774 E ActivityRecognitionHardware: activity_recognition HAL is deprecated. class_init is effectively a no-op
06-04 14:08:21.231  1774  1774 I zygote  : Thread[1,tid=1774,Native,Thread*=0xeafd9000,peer=0x12d00228,"main"] recursive attempt to load library "/system/lib/libmedia_jni.so"
06-04 14:08:21.231  1774  1774 D MtpDeviceJNI: register_android_mtp_MtpDevice
06-04 14:08:21.232  1774  1774 I zygote  : Thread[1,tid=1774,Native,Thread*=0xeafd9000,peer=0x12d00228,"main"] recursive attempt to load library "/system/lib/libmedia_jni.so"
06-04 14:08:21.232  1774  1774 I zygote  : Thread[1,tid=1774,Native,Thread*=0xeafd9000,peer=0x12d00228,"main"] recursive attempt to load library "/system/lib/libmedia_jni.so"
06-04 14:08:21.349  1774  1774 I Zygote  : ...preloaded 6535 classes in 671ms.
06-04 14:08:21.349  1774  1774 I zygote  : VMRuntime.preloadDexCaches starting
06-04 14:08:21.368  1774  1774 I zygote  : VMRuntime.preloadDexCaches strings total=339033 before=12306 after=12306
06-04 14:08:21.368  1774  1774 I zygote  : VMRuntime.preloadDexCaches types total=31350 before=7821 after=7822
06-04 14:08:21.368  1774  1774 I zygote  : VMRuntime.preloadDexCaches fields total=140738 before=9181 after=9181
06-04 14:08:21.368  1774  1774 I zygote  : VMRuntime.preloadDexCaches methods total=247730 before=12783 after=12783
06-04 14:08:21.368  1774  1774 I zygote  : VMRuntime.preloadDexCaches finished
06-04 14:08:21.407  1918  1918 E ipv6proxy: Failed to forward Router Advertisement from eth0 to wlan1: Cannot assign requested address
06-04 14:08:21.407  1918  1918 E ipv6proxy: Failed to forward Router Advertisement from eth0 to radio0-peer: Cannot assign requested address
06-04 14:08:21.633  1774  1774 I Zygote  : Preloading resources...
06-04 14:08:21.645  1774  1774 W Resources: Preloaded drawable resource #0x1080265 (android:drawable/dialog_background_material) that varies with configuration!!
06-04 14:08:21.653  1649  1696 D gralloc_ranchu: gralloc_alloc: Creating ashmem region of size 8298496
06-04 14:08:21.660  1774  1774 I Zygote  : ...preloaded 64 resources in 27ms.
06-04 14:08:21.661  1774  1774 I Zygote  : ...preloaded 41 resources in 1ms.
06-04 14:08:21.666  1774  1774 D libEGL  : Emulator has host GPU support, qemu.gles is set to 1.
06-04 14:08:21.667  1774  1774 E vndksupport: Could not load /vendor/lib/egl/libGLES_emulation.so from sphal namespace: dlopen failed: library "/vendor/lib/egl/libGLES_emulation.so" not found.
06-04 14:08:21.667  1774  1774 E libEGL  : load_driver(/vendor/lib/egl/libGLES_emulation.so): unknown
06-04 14:08:21.670  1774  1774 D libEGL  : loaded /vendor/lib/egl/libEGL_emulation.so
06-04 14:08:21.671  1774  1774 D libEGL  : loaded /vendor/lib/egl/libGLESv1_CM_emulation.so
06-04 14:08:21.680  1774  1774 D libEGL  : loaded /vendor/lib/egl/libGLESv2_emulation.so
06-04 14:08:21.687  1786  1819 I ServiceManager: Waiting for service package_native...
06-04 14:08:21.690  1774  1774 I Zygote  : Preloading shared libraries...
06-04 14:08:21.700  1774  1774 I Zygote  : Uninstalled ICU cache reference pinning...
06-04 14:08:21.701  1774  1774 I Zygote  : Installed AndroidKeyStoreProvider in 1ms.
06-04 14:08:21.706  1774  1774 I Zygote  : Warmed up JCA providers in 5ms.
06-04 14:08:21.706  1774  1774 D Zygote  : end preload
06-04 14:08:21.722  1774  1774 I zygote  : Explicit concurrent copying GC freed 16940(971KB) AllocSpace objects, 1(20KB) LOS objects, 72% free, 2MB/8MB, paused 402us total 14.854ms
06-04 14:08:21.731  1774  1774 I zygote  : Explicit concurrent copying GC freed 1666(97KB) AllocSpace objects, 0(0B) LOS objects, 73% free, 2MB/8MB, paused 412us total 7.929ms
06-04 14:08:21.786  1774  1774 I Zygote  : System server process 1934 has been created
06-04 14:08:21.791  1934  1934 I chatty  : uid=1000 system_server expire 260 lines
06-04 14:08:21.791  1774  1774 I Zygote  : Accepting command socket connections
06-04 14:08:21.887  1934  1934 I SystemServer: InitBeforeStartServices
06-04 14:08:21.887  1934  1934 W SystemServer: Timezone not set; setting to GMT.
06-04 14:08:21.899  1934  1934 I SystemServer: Entered the Android system server!
06-04 14:08:22.069  1934  1934 I SystemServer: StartServices
06-04 14:08:22.070  1934  1934 I SystemServer: Reading configuration...
06-04 14:08:22.070  1934  1934 I SystemServer: ReadingSystemConfig
06-04 14:08:22.070  1934  1934 I SystemServer: StartInstaller
06-04 14:08:22.071  1934  1934 I SystemServiceManager: Starting com.android.server.pm.Installer
06-04 14:08:22.078  1778  1795 D installd: Found quota mount /dev/block/dm-1 at /data
06-04 14:08:22.079  1934  1934 I SystemServer: DeviceIdentifiersPolicyService
06-04 14:08:22.079  1934  1934 I SystemServiceManager: Starting com.android.server.os.DeviceIdentifiersPolicyService
06-04 14:08:22.081  1934  1934 I SystemServer: StartActivityManager
06-04 14:08:22.081  1934  1934 I SystemServiceManager: Starting com.android.server.am.ActivityManagerService$Lifecycle
06-04 14:08:22.132  1934  1934 I ActivityManager: Memory class: 512
06-04 14:08:22.165  1934  1934 D BatteryStatsImpl: Reading daily items from /data/system/batterystats-daily.xml
06-04 14:08:22.171  1934  1952 I chatty  : uid=1000(system) batterystats-wo expire 4 lines
06-04 14:08:22.179  1934  1952 E BatteryExternalStatsWorker: no controller energy info supplied for telephony
06-04 14:08:22.185  1934  1952 E KernelUidCpuFreqTimeReader: Failed to read /proc/uid_time_in_state: java.io.FileNotFoundException: /proc/uid_time_in_state (No such file or directory)
06-04 14:08:22.191  1934  1952 W KernelCpuProcReader: File not exist: /proc/uid_cpupower/concurrent_active_time
06-04 14:08:22.191  1934  1952 W KernelCpuProcReader: File not exist: /proc/uid_cpupower/concurrent_policy_time
06-04 14:08:22.192  1934  1952 W KernelMemoryBandwidthStats: No kernel memory bandwidth stats available
06-04 14:08:22.196  1934  1952 E KernelUidCpuFreqTimeReader: Failed to read /proc/uid_time_in_state: java.io.FileNotFoundException: /proc/uid_time_in_state (No such file or directory)
06-04 14:08:22.201  1585  1585 W hwservicemanager: getTransport: Cannot find entry android.hardware.memtrack@1.0::IMemtrack/default in either framework or device manifest.
06-04 14:08:22.207  1934  1934 I AppOps  : No existing app ops /data/system/appops.xml; starting empty
06-04 14:08:22.237  1934  1934 I IntentFirewall: Read new rules (A:0 B:0 S:0)
06-04 14:08:22.256  1934  1934 D AppOps  : AppOpsService published
06-04 14:08:22.256  1934  1934 I SystemServer: StartPowerManager
06-04 14:08:22.256  1934  1934 I SystemServiceManager: Starting com.android.server.power.PowerManagerService
06-04 14:08:22.275  1934  1934 I SystemServer: InitPowerManagement
06-04 14:08:22.275  1934  1934 I SystemServer: StartRecoverySystemService
06-04 14:08:22.276  1934  1934 I SystemServiceManager: Starting com.android.server.RecoverySystemService
06-04 14:08:22.281  1934  1934 W RescueParty: Noticed 1 events for UID 0 in last 34 sec
06-04 14:08:22.281  1934  1934 I SystemServer: StartLightsService
06-04 14:08:22.281  1934  1934 I SystemServiceManager: Starting com.android.server.lights.LightsService
06-04 14:08:22.286  1934  1934 I SystemServer: StartSidekickService
06-04 14:08:22.286  1934  1934 I SystemServer: StartDisplayManager
06-04 14:08:22.286  1934  1934 I SystemServiceManager: Starting com.android.server.display.DisplayManagerService
06-04 14:08:22.293  1934  1934 I SystemServer: WaitForDisplay
06-04 14:08:22.293  1934  1934 I SystemServiceManager: Starting phase 100
06-04 14:08:22.297  1773  1889 E SurfaceFlinger: ro.sf.lcd_density must be defined as a build property
06-04 14:08:22.299  1934  1956 E LocalDisplayAdapter: Default and active color mode is no longer available! Reverting to first available mode.
06-04 14:08:22.308  1934  1956 I DisplayManagerService: Display device added: DisplayDeviceInfo{"Built-in Screen": uniqueId="local:0", 1080 x 1920, modeId 1, defaultModeId 1, supportedModes [{id=1, width=1080, height=1920, fps=60.000004}], colorMode -1, supportedColorModes [-1], HdrCapabilities android.view.Display$HdrCapabilities@40f16308, density 420, 420.0 x 420.0 dpi, appVsyncOff 1000000, presDeadline 16666666, touch INTERNAL, rotation 0, type BUILT_IN, state UNKNOWN, FLAG_DEFAULT_DISPLAY, FLAG_ROTATES_WITH_CONTENT, FLAG_SECURE, FLAG_SUPPORTS_PROTECTED_BUFFERS}
06-04 14:08:22.314  1773  1773 D SurfaceFlinger: Set power mode=2, type=0 flinger=0xea5c3000
06-04 14:08:22.315  1585  1585 W hwservicemanager: getTransport: Cannot find entry android.hardware.light@2.0::ILight/default in either framework or device manifest.
06-04 14:08:22.315  1934  1956 I chatty  : uid=1000(system) android.display expire 1 line
06-04 14:08:22.315  1934  1956 I DisplayManagerService: Display device changed state: "Built-in Screen", ON
06-04 14:08:22.315  1934  1934 I SystemServer: StartPackageManagerService
06-04 14:08:22.364  1934  1934 W FileUtils: Failed to chmod(/data/system/packages.list): android.system.ErrnoException: chmod failed: ENOENT (No such file or directory)
06-04 14:08:22.369  1934  1934 D SELinuxMMAC: Using policy file /system/etc/selinux/plat_mac_permissions.xml
06-04 14:08:22.370  1934  1934 D SELinuxMMAC: Using policy file /vendor/etc/selinux/vendor_mac_permissions.xml
06-04 14:08:22.376  1934  1934 I PackageManager: No settings file; creating initial state
06-04 14:08:22.412  1934  1934 I PackageManager: /vendor/overlay/DisplayCutoutEmulationTall changed; collecting certs
06-04 14:08:22.427  1934  1934 I PackageManager: /vendor/overlay/DisplayCutoutEmulationCorner changed; collecting certs
06-04 14:08:22.431  1934  1934 I PackageManager: /vendor/overlay/SysuiDarkTheme changed; collecting certs
06-04 14:08:22.434  1934  1934 I PackageManager: /vendor/overlay/DisplayCutoutEmulationEmu01 changed; collecting certs
06-04 14:08:22.437  1934  1934 I PackageManager: /vendor/overlay/DisplayCutoutEmulationDouble changed; collecting certs
06-04 14:08:22.443  1934  1934 W PackageManager: Failed to parse /system/framework/x86: Missing base APK in /system/framework/x86
06-04 14:08:22.444  1934  1934 W PackageManager: Failed to parse /system/framework/oat: Missing base APK in /system/framework/oat
06-04 14:08:22.477  1934  1934 I PackageManager: /system/framework/framework-res.apk changed; collecting certs
06-04 14:08:22.480  1934  1934 E PackageManager: Adding duplicate shared id: 1000 name=android
06-04 14:08:22.508  1934  1934 I PackageManager: /system/priv-app/ConfigUpdater changed; collecting certs
06-04 14:08:22.512  1934  1934 I PackageManager: /system/priv-app/NexusLauncherPrebuilt changed; collecting certs
06-04 14:08:22.530  1934  1934 I PackageManager: /system/priv-app/GoogleFeedback changed; collecting certs
06-04 14:08:22.539  1934  1934 I PackageManager: /system/priv-app/Telecom changed; collecting certs
06-04 14:08:22.546  1934  1969 W PackageParser: No actions in intent filter at /system/priv-app/GoogleRestorePrebuilt/GoogleRestorePrebuilt.apk Binary XML file line #94
06-04 14:08:22.547  1934  1934 E PackageManager: Adding duplicate shared id: 1000 name=com.android.server.telecom
06-04 14:08:22.548  1934  1934 I PackageManager: /system/priv-app/GoogleRestorePrebuilt changed; collecting certs
06-04 14:08:22.555  1934  1970 W PackageParser: Ignoring duplicate uses-permissions/uses-permissions-sdk-m: android.permission.READ_PRIVILEGED_PHONE_STATE in package: com.google.android.partnersetup at: Binary XML file line #54
06-04 14:08:22.560  1934  1934 I PackageManager: /system/priv-app/GooglePartnerSetup changed; collecting certs
06-04 14:08:22.571  1934  1934 I PackageManager: /system/priv-app/SettingsIntelligence changed; collecting certs
06-04 14:08:22.577  1934  1934 I PackageManager: /system/priv-app/GoogleOneTimeInitializer changed; collecting certs
06-04 14:08:22.582  1934  1934 I PackageManager: /system/priv-app/TeleService changed; collecting certs
06-04 14:08:22.589  1934  1934 E PackageManager: Adding duplicate shared id: 1001 name=com.android.phone
06-04 14:08:22.596  1934  1934 I PackageManager: /system/priv-app/TelephonyProvider changed; collecting certs
06-04 14:08:22.601  1934  1934 E PackageManager: Adding duplicate shared id: 1001 name=com.android.providers.telephony
06-04 14:08:22.602  1934  1934 I PackageManager: /system/priv-app/FusedLocation changed; collecting certs
06-04 14:08:22.604  1934  1934 E PackageManager: Adding duplicate shared id: 1000 name=com.android.location.fused
06-04 14:08:22.606  1934  1934 I PackageManager: /system/priv-app/GooglePackageInstaller changed; collecting certs
06-04 14:08:22.609  1934  1934 I PackageManager: /system/priv-app/GoogleBackupTransport changed; collecting certs
06-04 14:08:22.612  1934  1934 E PackageManager: Adding duplicate user id: 10013 name=com.google.android.backuptransport
06-04 14:08:22.613  1934  1934 I PackageManager: /system/priv-app/BlockedNumberProvider changed; collecting certs
06-04 14:08:22.616  1934  1934 E PackageManager: Adding duplicate user id: 10014 name=com.android.providers.blockednumber
06-04 14:08:22.624  1934  1934 I PackageManager: /system/priv-app/DownloadProvider changed; collecting certs
06-04 14:08:22.632  1934  1934 E PackageManager: Adding duplicate user id: 10015 name=com.android.providers.downloads
06-04 14:08:22.639  1934  1934 I PackageManager: /system/priv-app/InputDevices changed; collecting certs
06-04 14:08:22.644  1934  1934 E PackageManager: Adding duplicate shared id: 1000 name=com.android.inputdevices
06-04 14:08:22.646  1934  1934 I PackageManager: /system/priv-app/StorageManager changed; collecting certs
06-04 14:08:22.653  1934  1934 I PackageManager: /system/priv-app/CtsShimPrivPrebuilt changed; collecting certs
06-04 14:08:22.688  1934  1934 I PackageManager: /system/priv-app/EmergencyInfo changed; collecting certs
06-04 14:08:22.691  1934  1934 E PackageManager: Adding duplicate user id: 10018 name=com.android.emergency
06-04 14:08:22.695  1934  1934 I PackageManager: /system/priv-app/UserDictionaryProvider changed; collecting certs
06-04 14:08:22.702  1934  1934 E PackageManager: Adding duplicate user id: 10014 name=com.android.providers.userdictionary
06-04 14:08:22.703  1786  1819 I ServiceManager: Waiting for service package_native...
